Component: ARM Compiler 5.05 update 2 (build 169) Tool: armlink [4d0f33]

==============================================================================

Section Cross References

    startup_stm32f10x_hd.o(RESET) refers to startup_stm32f10x_hd.o(STACK) for __initial_sp
    startup_stm32f10x_hd.o(RESET) refers to startup_stm32f10x_hd.o(.text) for Reset_Handler
    startup_stm32f10x_hd.o(RESET) refers to stm32f10x_it.o(i.NMI_Handler) for NMI_Handler
    startup_stm32f10x_hd.o(RESET) refers to stm32f10x_it.o(i.HardFault_Handler) for HardFault_Handler
    startup_stm32f10x_hd.o(RESET) refers to stm32f10x_it.o(i.MemManage_Handler) for MemManage_Handler
    startup_stm32f10x_hd.o(RESET) refers to stm32f10x_it.o(i.BusFault_Handler) for BusFault_Handler
    startup_stm32f10x_hd.o(RESET) refers to stm32f10x_it.o(i.UsageFault_Handler) for UsageFault_Handler
    startup_stm32f10x_hd.o(RESET) refers to stm32f10x_it.o(i.SVC_Handler) for SVC_Handler
    startup_stm32f10x_hd.o(RESET) refers to stm32f10x_it.o(i.DebugMon_Handler) for DebugMon_Handler
    startup_stm32f10x_hd.o(RESET) refers to stm32f10x_it.o(i.PendSV_Handler) for PendSV_Handler
    startup_stm32f10x_hd.o(RESET) refers to stm32f10x_it.o(i.SysTick_Handler) for SysTick_Handler
    startup_stm32f10x_hd.o(RESET) refers to stm32f10x_it.o(i.RTC_IRQHandler) for RTC_IRQHandler
    startup_stm32f10x_hd.o(RESET) refers to stm32f10x_it.o(i.SDIO_IRQHandler) for SDIO_IRQHandler
    startup_stm32f10x_hd.o(.text) refers to system_stm32f10x.o(i.SystemInit) for SystemInit
    startup_stm32f10x_hd.o(.text) refers to entry.o(.ARM.Collect$$$$00000000) for __main
    system_stm32f10x.o(i.SetSysClock) refers to system_stm32f10x.o(i.SetSysClockTo72) for SetSysClockTo72
    system_stm32f10x.o(i.SystemCoreClockUpdate) refers to system_stm32f10x.o(.data) for SystemCoreClock
    system_stm32f10x.o(i.SystemInit) refers to system_stm32f10x.o(i.SetSysClock) for SetSysClock
    stm32f10x_adc.o(i.ADC_DeInit) refers to stm32f10x_rcc.o(i.RCC_APB2PeriphResetCmd) for RCC_APB2PeriphResetCmd
    stm32f10x_bkp.o(i.BKP_DeInit) refers to stm32f10x_rcc.o(i.RCC_BackupResetCmd) for RCC_BackupResetCmd
    stm32f10x_can.o(i.CAN_DeInit) refers to stm32f10x_rcc.o(i.RCC_APB1PeriphResetCmd) for RCC_APB1PeriphResetCmd
    stm32f10x_can.o(i.CAN_GetITStatus) refers to stm32f10x_can.o(i.CheckITStatus) for CheckITStatus
    stm32f10x_cec.o(i.CEC_DeInit) refers to stm32f10x_rcc.o(i.RCC_APB1PeriphResetCmd) for RCC_APB1PeriphResetCmd
    stm32f10x_dac.o(i.DAC_DeInit) refers to stm32f10x_rcc.o(i.RCC_APB1PeriphResetCmd) for RCC_APB1PeriphResetCmd
    stm32f10x_flash.o(i.FLASH_EnableWriteProtection) refers to stm32f10x_flash.o(i.FLASH_WaitForLastOperation) for FLASH_WaitForLastOperation
    stm32f10x_flash.o(i.FLASH_EraseAllBank1Pages) refers to stm32f10x_flash.o(i.FLASH_WaitForLastBank1Operation) for FLASH_WaitForLastBank1Operation
    stm32f10x_flash.o(i.FLASH_EraseAllPages) refers to stm32f10x_flash.o(i.FLASH_WaitForLastOperation) for FLASH_WaitForLastOperation
    stm32f10x_flash.o(i.FLASH_EraseOptionBytes) refers to stm32f10x_flash.o(i.FLASH_GetReadOutProtectionStatus) for FLASH_GetReadOutProtectionStatus
    stm32f10x_flash.o(i.FLASH_EraseOptionBytes) refers to stm32f10x_flash.o(i.FLASH_WaitForLastOperation) for FLASH_WaitForLastOperation
    stm32f10x_flash.o(i.FLASH_ErasePage) refers to stm32f10x_flash.o(i.FLASH_WaitForLastOperation) for FLASH_WaitForLastOperation
    stm32f10x_flash.o(i.FLASH_ProgramHalfWord) refers to stm32f10x_flash.o(i.FLASH_WaitForLastOperation) for FLASH_WaitForLastOperation
    stm32f10x_flash.o(i.FLASH_ProgramOptionByteData) refers to stm32f10x_flash.o(i.FLASH_WaitForLastOperation) for FLASH_WaitForLastOperation
    stm32f10x_flash.o(i.FLASH_ProgramWord) refers to stm32f10x_flash.o(i.FLASH_WaitForLastOperation) for FLASH_WaitForLastOperation
    stm32f10x_flash.o(i.FLASH_ReadOutProtection) refers to stm32f10x_flash.o(i.FLASH_WaitForLastOperation) for FLASH_WaitForLastOperation
    stm32f10x_flash.o(i.FLASH_UserOptionByteConfig) refers to stm32f10x_flash.o(i.FLASH_WaitForLastOperation) for FLASH_WaitForLastOperation
    stm32f10x_flash.o(i.FLASH_WaitForLastBank1Operation) refers to stm32f10x_flash.o(i.FLASH_GetBank1Status) for FLASH_GetBank1Status
    stm32f10x_flash.o(i.FLASH_WaitForLastOperation) refers to stm32f10x_flash.o(i.FLASH_GetBank1Status) for FLASH_GetBank1Status
    stm32f10x_gpio.o(i.GPIO_AFIODeInit) refers to stm32f10x_rcc.o(i.RCC_APB2PeriphResetCmd) for RCC_APB2PeriphResetCmd
    stm32f10x_gpio.o(i.GPIO_DeInit) refers to stm32f10x_rcc.o(i.RCC_APB2PeriphResetCmd) for RCC_APB2PeriphResetCmd
    stm32f10x_i2c.o(i.I2C_DeInit) refers to stm32f10x_rcc.o(i.RCC_APB1PeriphResetCmd) for RCC_APB1PeriphResetCmd
    stm32f10x_i2c.o(i.I2C_Init) refers to stm32f10x_rcc.o(i.RCC_GetClocksFreq) for RCC_GetClocksFreq
    stm32f10x_pwr.o(i.PWR_DeInit) refers to stm32f10x_rcc.o(i.RCC_APB1PeriphResetCmd) for RCC_APB1PeriphResetCmd
[...]
    i.SDIO_NVIC_Configuration                0x08002bfc   Section        0  bsp_sdio_sdcard.o(i.SDIO_NVIC_Configuration)
    i.SDIO_ReadData                          0x08002c1c   Section        0  stm32f10x_sdio.o(i.SDIO_ReadData)
    i.SDIO_SendCommand                       0x08002c28   Section        0  stm32f10x_sdio.o(i.SDIO_SendCommand)
    i.SDIO_SetPowerState                     0x08002c54   Section        0  stm32f10x_sdio.o(i.SDIO_SetPowerState)
    i.SD_DMAEndOfTransferStatus              0x08002c70   Section        0  bsp_sdio_sdcard.o(i.SD_DMAEndOfTransferStatus)
    SD_DMAEndOfTransferStatus                0x08002c71   Thumb Code    10  bsp_sdio_sdcard.o(i.SD_DMAEndOfTransferStatus)
    i.SD_DMA_RxConfig                        0x08002c80   Section        0  bsp_sdio_sdcard.o(i.SD_DMA_RxConfig)
    SD_DMA_RxConfig                          0x08002c81   Thumb Code    86  bsp_sdio_sdcard.o(i.SD_DMA_RxConfig)
    i.SD_DMA_TxConfig                        0x08002ce4   Section        0  bsp_sdio_sdcard.o(i.SD_DMA_TxConfig)
    SD_DMA_TxConfig                          0x08002ce5   Thumb Code    86  bsp_sdio_sdcard.o(i.SD_DMA_TxConfig)
    i.SD_EnableWideBusOperation              0x08002d48   Section        0  bsp_sdio_sdcard.o(i.SD_EnableWideBusOperation)
    i.SD_GetCardInfo                         0x08002ddc   Section        0  bsp_sdio_sdcard.o(i.SD_GetCardInfo)
    i.SD_GetState                            0x080030a8   Section        0  bsp_sdio_sdcard.o(i.SD_GetState)
    i.SD_GetStatus                           0x080030c2   Section        0  bsp_sdio_sdcard.o(i.SD_GetStatus)
    i.SD_Init                                0x080030e0   Section        0  bsp_sdio_sdcard.o(i.SD_Init)
    i.SD_InitializeCards                     0x08003150   Section        0  bsp_sdio_sdcard.o(i.SD_InitializeCards)
    i.SD_PowerON                             0x0800328c   Section        0  bsp_sdio_sdcard.o(i.SD_PowerON)
    i.SD_ProcessIRQSrc                       0x08003414   Section        0  bsp_sdio_sdcard.o(i.SD_ProcessIRQSrc)
    i.SD_ReadBlock                           0x0800346c   Section        0  bsp_sdio_sdcard.o(i.SD_ReadBlock)
    i.SD_ReadMultiBlocks                     0x08003548   Section        0  bsp_sdio_sdcard.o(i.SD_ReadMultiBlocks)
    i.SD_SelectDeselect                      0x08003630   Section        0  bsp_sdio_sdcard.o(i.SD_SelectDeselect)
    i.SD_SendStatus                          0x08003664   Section        0  bsp_sdio_sdcard.o(i.SD_SendStatus)
    i.SD_WaitReadOperation                   0x0800369c   Section        0  bsp_sdio_sdcard.o(i.SD_WaitReadOperation)
    i.SD_WaitWriteOperation                  0x080036d0   Section        0  bsp_sdio_sdcard.o(i.SD_WaitWriteOperation)
    i.SD_WriteBlock                          0x0800370c   Section        0  bsp_sdio_sdcard.o(i.SD_WriteBlock)
    i.SD_WriteMultiBlocks                    0x080037e8   Section        0  bsp_sdio_sdcard.o(i.SD_WriteMultiBlocks)
    i.SPI_Cmd                                0x08003930   Section        0  stm32f10x_spi.o(i.SPI_Cmd)
    i.SPI_FLASH_BufferRead                   0x08003948   Section        0  bsp_spi.o(i.SPI_FLASH_BufferRead)
    i.SPI_FLASH_Init                         0x08003998   Section        0  bsp_spi.o(i.SPI_FLASH_Init)
    i.SPI_FLASH_SendByte                     0x080039a4   Section        0  bsp_spi.o(i.SPI_FLASH_SendByte)
    i.SPI_I2S_GetFlagStatus                  0x08003a14   Section        0  stm32f10x_spi.o(i.SPI_I2S_GetFlagStatus)
    i.SPI_I2S_ReceiveData                    0x08003a26   Section        0  stm32f10x_spi.o(i.SPI_I2S_ReceiveData)
    i.SPI_I2S_SendData                       0x08003a2c   Section        0  stm32f10x_spi.o(i.SPI_I2S_SendData)
    i.SPI_Init                               0x08003a30   Section        0  stm32f10x_spi.o(i.SPI_Init)
    i.SPI_MODE                               0x08003a6c   Section        0  bsp_spi.o(i.SPI_MODE)
    SPI_MODE                                 0x08003a6d   Thumb Code    76  bsp_spi.o(i.SPI_MODE)
    i.SVC_Handler                            0x08003abc   Section        0  stm32f10x_it.o(i.SVC_Handler)
    i.Sd_fs_init                             0x08003ac0   Section        0  bsp_sdfs_app.o(i.Sd_fs_init)
    i.SetSysClock                            0x08003ad4   Section        0  system_stm32f10x.o(i.SetSysClock)
    SetSysClock                              0x08003ad5   Thumb Code     8  system_stm32f10x.o(i.SetSysClock)
    i.SetSysClockTo72                        0x08003adc   Section        0  system_stm32f10x.o(i.SetSysClockTo72)
    SetSysClockTo72                          0x08003add   Thumb Code   214  system_stm32f10x.o(i.SetSysClockTo72)
    i.StrCopy                                0x08003bbc   Section        0  bsp_calendar.o(i.StrCopy)
    i.SysTick_Handler                        0x08003bd4   Section        0  stm32f10x_it.o(i.SysTick_Handler)
    i.SystemInit                             0x08003bd8   Section        0  system_stm32f10x.o(i.SystemInit)
    i.Time_Adjust                            0x08003c38   Section        0  bsp_rtc.o(i.Time_Adjust)
    i.Time_Display                           0x08003c60   Section        0  bsp_rtc.o(i.Time_Display)
    i.Time_Regulate                          0x08003d6c   Section        0  bsp_rtc.o(i.Time_Regulate)
    i.Time_Show                              0x08004018   Section        0  bsp_rtc.o(i.Time_Show)
    i.USART_Cmd                              0x0800403c   Section        0  stm32f10x_usart.o(i.USART_Cmd)
    i.USART_Config                           0x08004054   Section        0  bsp_usart.o(i.USART_Config)
    i.USART_GetFlagStatus                    0x080040d8   Section        0  stm32f10x_usart.o(i.USART_GetFlagStatus)
    i.USART_Init                             0x080040f4   Section        0  stm32f10x_usart.o(i.USART_Init)
    i.USART_ReceiveData                      0x080041cc   Section        0  stm32f10x_usart.o(i.USART_ReceiveData)
    i.USART_Scanf                            0x080041d8   Section        0  bsp_rtc.o(i.USART_Scanf)
    USART_Scanf                              0x080041d9   Thumb Code   110  bsp_rtc.o(i.USART_Scanf)
    i.USART_SendData                         0x080042b0   Section        0  stm32f10x_usart.o(i.USART_SendData)
    i.USART_sent                             0x080042b8   Section        0  bsp_usart.o(i.USART_sent)
    i.UsageFault_Handler                     0x080042d6   Section        0  stm32f10x_it.o(i.UsageFault_Handler)
    i.__0printf$3                            0x080042dc   Section        0  printf3.o(i.__0printf$3)
    i.__0sprintf$3                           0x080042fc   Section        0  printf3.o(i.__0sprintf$3)
    i.__ARM_fpclassify                       0x08004324   Section        0  fpclassify.o(i.__ARM_fpclassify)
    i.__ieee754_rem_pio2                     0x0800434c   Section        0  rred.o(i.__ieee754_rem_pio2)
    i.__kernel_cos                           0x080046d4   Section        0  cos_i.o(i.__kernel_cos)
    i.__kernel_poly                          0x080047d0   Section        0  poly.o(i.__kernel_poly)
    i.__kernel_sin                           0x0800487c   Section        0  sin_i.o(i.__kernel_sin)
    i.__mathlib_dbl_infnan                   0x08004968   Section        0  dunder.o(i.__mathlib_dbl_infnan)
    i.__mathlib_dbl_invalid                  0x0800496e   Section        0  dunder.o(i.__mathlib_dbl_invalid)
    i.__mathlib_dbl_underflow                0x0800497c   Section        0  dunder.o(i.__mathlib_dbl_underflow)
    i.__scatterload_copy                     0x0800498c   Section       14  handlers.o(i.__scatterload_copy)
    i.__scatterload_null                     0x0800499a   Section        2  handlers.o(i.__scatterload_null)
    i.__scatterload_zeroinit                 0x0800499c   Section       14  handlers.o(i.__scatterload_zeroinit)
    i.__set_errno                            0x080049ac   Section        0  errno.o(i.__set_errno)
    i._printf_core                           0x080049b8   Section        0  printf3.o(i._printf_core)
    _printf_core                             0x080049b9   Thumb Code   436  printf3.o(i._printf_core)
    i._sputc                                 0x08004b70   Section        0  printf3.o(i._sputc)
    _sputc                                   0x08004b71   Thumb Code    10  printf3.o(i._sputc)
    i.check_fs                               0x08004b7c   Section        0  ff.o(i.check_fs)
    check_fs                                 0x08004b7d   Thumb Code   138  ff.o(i.check_fs)
    i.chk_chr                                0x08004c0c   Section        0  ff.o(i.chk_chr)
    chk_chr                                  0x08004c0d   Thumb Code    20  ff.o(i.chk_chr)
    i.chk_mounted                            0x08004c20   Section        0  ff.o(i.chk_mounted)
    chk_mounted                              0x08004c21   Thumb Code   898  ff.o(i.chk_mounted)
    i.clust2sect                             0x08004fb4   Section        0  ff.o(i.clust2sect)
    i.cmp_lfn                                0x08004fd0   Section        0  ff.o(i.cmp_lfn)
    cmp_lfn                                  0x08004fd1   Thumb Code   138  ff.o(i.cmp_lfn)
    i.cos                                    0x08005060   Section        0  cos.o(i.cos)
    i.create_chain                           0x080050fc   Section        0  ff.o(i.create_chain)
    create_chain                             0x080050fd   Thumb Code   202  ff.o(i.create_chain)
    i.create_name                            0x080051c8   Section        0  ff.o(i.create_name)
    create_name                              0x080051c9   Thumb Code   604  ff.o(i.create_name)
    i.dir_find                               0x08005438   Section        0  ff.o(i.dir_find)
    dir_find                                 0x08005439   Thumb Code   222  ff.o(i.dir_find)
    i.dir_next                               0x08005516   Section        0  ff.o(i.dir_next)
    dir_next                                 0x08005517   Thumb Code   280  ff.o(i.dir_next)
    i.dir_register                           0x0800562e   Section        0  ff.o(i.dir_register)
    dir_register                             0x0800562f   Thumb Code   396  ff.o(i.dir_register)
    i.dir_sdi                                0x080057ba   Section        0  ff.o(i.dir_sdi)
    dir_sdi                                  0x080057bb   Thumb Code   156  ff.o(i.dir_sdi)
    i.disk_initialize                        0x08005856   Section        0  diskio.o(i.disk_initialize)
    i.disk_ioctl                             0x08005870   Section        0  diskio.o(i.disk_ioctl)
    i.disk_read                              0x08005878   Section        0  diskio.o(i.disk_read)
    i.disk_status                            0x0800590c   Section        0  diskio.o(i.disk_status)
    i.disk_write                             0x08005914   Section        0  diskio.o(i.disk_write)
    i.f_close                                0x080059a8   Section        0  ff.o(i.f_close)
    i.f_lseek                                0x080059be   Section        0  ff.o(i.f_lseek)
    i.f_mount                                0x08005b70   Section        0  ff.o(i.f_mount)
    i.f_open                                 0x08005b9c   Section        0  ff.o(i.f_open)
    i.f_read                                 0x08005d10   Section        0  ff.o(i.f_read)
    i.f_sync                                 0x08005ede   Section        0  ff.o(i.f_sync)
    i.ff_convert                             0x08005f98   Section        0  cc936.o(i.ff_convert)
    i.ff_wtoupper                            0x08006014   Section        0  cc936.o(i.ff_wtoupper)
    i.fit_lfn                                0x0800604c   Section        0  ff.o(i.fit_lfn)
    fit_lfn                                  0x0800604d   Thumb Code   122  ff.o(i.fit_lfn)
    i.follow_path                            0x080060cc   Section        0  ff.o(i.follow_path)
    follow_path                              0x080060cd   Thumb Code   158  ff.o(i.follow_path)
    i.fputc                                  0x0800616c   Section        0  bsp_usart.o(i.fputc)
    i.gen_numname                            0x08006190   Section        0  ff.o(i.gen_numname)
    i.get_fat                                0x0800624e   Section        0  ff.o(i.get_fat)
    i.get_fattime                            0x08006332   Section        0  diskio.o(i.get_fattime)
    i.main                                   0x08006338   Section        0  main.o(i.main)
    i.mem_cmp                                0x080063b0   Section        0  ff.o(i.mem_cmp)
    mem_cmp                                  0x080063b1   Thumb Code    38  ff.o(i.mem_cmp)
    i.mem_cpy                                0x080063d6   Section        0  ff.o(i.mem_cpy)
    mem_cpy                                  0x080063d7   Thumb Code    26  ff.o(i.mem_cpy)
    i.mem_set                                0x080063f0   Section        0  ff.o(i.mem_set)
    mem_set                                  0x080063f1   Thumb Code    20  ff.o(i.mem_set)
    i.mktimev                                0x08006404   Section        0  bsp_date.o(i.mktimev)
    i.move_window                            0x08006484   Section        0  ff.o(i.move_window)
    move_window                              0x08006485   Thumb Code   114  ff.o(i.move_window)
    i.put_fat                                0x080064f6   Section        0  ff.o(i.put_fat)
    i.remove_chain                           0x0800662c   Section        0  ff.o(i.remove_chain)
    remove_chain                             0x0800662d   Thumb Code   104  ff.o(i.remove_chain)
    i.showBmpHead                            0x08006694   Section        0  bsp_bmp.o(i.showBmpHead)
    showBmpHead                              0x08006695   Thumb Code     2  bsp_bmp.o(i.showBmpHead)
    i.showBmpInforHead                       0x08006696   Section        0  bsp_bmp.o(i.showBmpInforHead)
    showBmpInforHead                         0x08006697   Thumb Code     2  bsp_bmp.o(i.showBmpInforHead)
    i.sin                                    0x08006698   Section        0  sin.o(i.sin)
    i.sum_sfn                                0x08006738   Section        0  ff.o(i.sum_sfn)
    sum_sfn                                  0x08006739   Thumb Code    32  ff.o(i.sum_sfn)
    i.sync                                   0x08006758   Section        0  ff.o(i.sync)
    sync                                     0x08006759   Thumb Code   202  ff.o(i.sync)
    i.to_tm                                  0x08006824   Section        0  bsp_date.o(i.to_tm)
    i.validate                               0x080068f0   Section        0  ff.o(i.validate)
    validate                                 0x080068f1   Thumb Code    42  ff.o(i.validate)
    .constdata                               0x0800691a   Section    15200  fonts.o(.constdata)
    .constdata                               0x0800a47a   Section      814  bsp_calendar.o(.constdata)
    MonthDayMax                              0x0800a79c   Data          12  bsp_calendar.o(.constdata)
    .constdata                               0x0800a7a8   Section       48  bsp_date.o(.constdata)
    .constdata                               0x0800a7d8   Section       13  ff.o(.constdata)
    LfnOfs                                   0x0800a7d8   Data          13  ff.o(.constdata)
    .constdata                               0x0800a7e6   Section    175304  cc936.o(.constdata)
    uni2oem                                  0x0800a7e6   Data       87172  cc936.o(.constdata)
    oem2uni                                  0x0801fc6a   Data       87172  cc936.o(.constdata)
    tbl_lower                                0x080350ee   Data         480  cc936.o(.constdata)
    tbl_upper                                0x080352ce   Data         480  cc936.o(.constdata)
    .constdata                               0x080354b0   Section       48  cos_i.o(.constdata)
    C                                        0x080354b0   Data          48  cos_i.o(.constdata)
    .constdata                               0x080354e0   Section      200  rred.o(.constdata)
    pio2s                                    0x080354e0   Data          48  rred.o(.constdata)
    twooverpi                                0x08035510   Data         152  rred.o(.constdata)
    .constdata                               0x080355a8   Section       40  sin_i.o(.constdata)
    S                                        0x080355a8   Data          40  sin_i.o(.constdata)
    .conststring                             0x080355d0   Section      335  bsp_calendar.o(.conststring)
    .conststring                             0x08035720   Section      131  bsp_rtc.o(.conststring)
    .data                                    0x20000000   Section       20  stm32f10x_rcc.o(.data)
    APBAHBPrescTable                         0x20000000   Data          16  stm32f10x_rcc.o(.data)
    ADCPrescTable                            0x20000010   Data           4  stm32f10x_rcc.o(.data)
    .data                                    0x20000014   Section        1  main.o(.data)
    .data                                    0x20000018   Section       16  bsp_lcd.o(.data)
    LCD_Currentfonts                         0x20000020   Data           4  bsp_lcd.o(.data)
    CurrentTextColor                         0x20000024   Data           2  bsp_lcd.o(.data)
    CurrentBackColor                         0x20000026   Data           2  bsp_lcd.o(.data)
    .data                                    0x20000028   Section       25  fonts.o(.data)
    everRead                                 0x20000040   Data           1  fonts.o(.data)
    .data                                    0x20000044   Section      248  bsp_calendar.o(.data)
    .data                                    0x2000013c   Section       48  bsp_date.o(.data)
    month_days                               0x2000013c   Data          48  bsp_date.o(.data)
    .data                                    0x2000016c   Section       84  bsp_rtc.o(.data)
    FirstDisplay                             0x200001bc   Data           4  bsp_rtc.o(.data)
    .data                                    0x200001c0   Section        1  bsp_bmp.o(.data)
    .data                                    0x200001c4   Section       20  bsp_sdio_sdcard.o(.data)
    CardType                                 0x200001c4   Data           4  bsp_sdio_sdcard.o(.data)
    RCA                                      0x200001c8   Data           4  bsp_sdio_sdcard.o(.data)
    .data                                    0x200001d8   Section        6  ff.o(.data)
    FatFs                                    0x200001d8   Data           4  ff.o(.data)
    Fsid                                     0x200001dc   Data           2  ff.o(.data)
    .data                                    0x200001e0   Section        4  stdout.o(.data)
    .data                                    0x200001e4   Section        4  errno.o(.data)
    _errno                                   0x200001e4   Data           4  errno.o(.data)
    .bss                                     0x200001e8   Section       28  main.o(.bss)
    .bss                                     0x20000204   Section     3176  bsp_bmp.o(.bss)
    .bss                                     0x20000e6c   Section     3240  bsp_sdfs_app.o(.bss)
    .bss                                     0x20001b14   Section      196  bsp_sdio_sdcard.o(.bss)
    CSD_Tab                                  0x20001b14   Data          16  bsp_sdio_sdcard.o(.bss)
    CID_Tab                                  0x20001b24   Data          16  bsp_sdio_sdcard.o(.bss)
    SDSTATUS_Tab                             0x20001b34   Data          16  bsp_sdio_sdcard.o(.bss)
    .bss                                     0x20001bd8   Section      512  diskio.o(.bss)
    STACK                                    0x20001dd8   Section     1024  startup_stm32f10x_hd.o(STACK)

    Global Symbols

    Symbol Name                              Value     Ov Type        Size  Object(Section)

    BuildAttributes$$THM_ISAv4$P$D$K$B$S$PE$A:L22UL41UL21$X:L11$S22US41US21$IEEE1$IW$USESV6$~STKCKD$USESV7$~SHL$OTIME$ROPI$IEEEX$EBA8$MICROLIB$REQ8$PRES8$EABIv2 0x00000000   Number         0  anon$$obj.o ABSOLUTE
    __ARM_use_no_argv                        0x00000000   Number         0  main.o ABSOLUTE
    _printf_a                                0x00000000   Number         0  stubs.o ABSOLUTE
    _printf_c                                0x00000000   Number         0  stubs.o ABSOLUTE
    _printf_charcount                        0x00000000   Number         0  stubs.o ABSOLUTE
    _printf_d                                0x00000000   Number         0  stubs.o ABSOLUTE
    _printf_e                                0x00000000   Number         0  stubs.o ABSOLUTE
    _printf_f                                0x00000000   Number         0  stubs.o ABSOLUTE
    _printf_flags                            0x00000000   Number         0  stubs.o ABSOLUTE
    _printf_fp_dec                           0x00000000   Number         0  stubs.o ABSOLUTE
    _printf_fp_hex                           0x00000000   Number         0  stubs.o ABSOLUTE
    _printf_g                                0x00000000   Number         0  stubs.o ABSOLUTE
    _printf_i                                0x00000000   Number         0  stubs.o ABSOLUTE
    _printf_int_dec                          0x00000000   Number         0  stubs.o ABSOLUTE
    _printf_l                                0x00000000   Number         0  stubs.o ABSOLUTE
    _printf_lc                               0x00000000   Number         0  stubs.o ABSOLUTE
    _printf_ll                               0x00000000   Number         0  stubs.o ABSOLUTE
    _printf_lld                              0x00000000   Number         0  stubs.o ABSOLUTE
    _printf_lli                              0x00000000   Number         0  stubs.o ABSOLUTE
    _printf_llo                              0x00000000   Number         0  stubs.o ABSOLUTE
    _printf_llu                              0x00000000   Number         0  stubs.o ABSOLUTE
    _printf_llx                              0x00000000   Number         0  stubs.o ABSOLUTE
    _printf_longlong_dec                     0x00000000   Number         0  stubs.o ABSOLUTE
    _printf_longlong_hex                     0x00000000   Number         0  stubs.o ABSOLUTE
    _printf_longlong_oct                     0x00000000   Number         0  stubs.o ABSOLUTE
    _printf_ls                               0x00000000   Number         0  stubs.o ABSOLUTE
    _printf_mbtowc                           0x00000000   Number         0  stubs.o ABSOLUTE
    _printf_n                                0x00000000   Number         0  stubs.o ABSOLUTE
    _printf_o                                0x00000000   Number         0  stubs.o ABSOLUTE
    _printf_p                                0x00000000   Number         0  stubs.o ABSOLUTE
    _printf_percent                          0x00000000   Number         0  stubs.o ABSOLUTE
    _printf_pre_padding                      0x00000000   Number         0  stubs.o ABSOLUTE
    _printf_return_value                     0x00000000   Number         0  stubs.o ABSOLUTE
    _printf_s                                0x00000000   Number         0  stubs.o ABSOLUTE
    _printf_sizespec                         0x00000000   Number         0  stubs.o ABSOLUTE
    _printf_str                              0x00000000   Number         0  stubs.o ABSOLUTE
    _printf_truncate_signed                  0x00000000   Number         0  stubs.o ABSOLUTE
    _printf_truncate_unsigned                0x00000000   Number         0  stubs.o ABSOLUTE
    _printf_u                                0x00000000   Number         0  stubs.o ABSOLUTE
    _printf_wc                               0x00000000   Number         0  stubs.o ABSOLUTE
    _printf_wctomb                           0x00000000   Number         0  stubs.o ABSOLUTE
    _printf_widthprec                        0x00000000   Number         0  stubs.o ABSOLUTE
    _printf_x                                0x00000000   Number         0  stubs.o ABSOLUTE
    __cpp_initialize__aeabi_                  - Undefined Weak Reference
    __cxa_finalize                            - Undefined Weak Reference
    _clock_init                               - Undefined Weak Reference
    _microlib_exit                            - Undefined Weak Reference
    __Vectors_Size                           0x00000130   Number         0  startup_stm32f10x_hd.o ABSOLUTE
    __Vectors                                0x08000000   Data           4  startup_stm32f10x_hd.o(RESET)
    __Vectors_End                            0x08000130   Data           0  startup_stm32f10x_hd.o(RESET)
    __main                                   0x08000131   Thumb Code     0  entry.o(.ARM.Collect$$$$00000000)
    _main_stk                                0x08000131   Thumb Code     0  entry2.o(.ARM.Collect$$$$00000001)
    _main_scatterload                        0x08000135   Thumb Code     0  entry5.o(.ARM.Collect$$$$00000004)
    __main_after_scatterload                 0x08000139   Thumb Code     0  entry5.o(.ARM.Collect$$$$00000004)
    _main_clock                              0x08000139   Thumb Code     0  entry7b.o(.ARM.Collect$$$$00000008)
    _main_cpp_init                           0x08000139   Thumb Code     0  entry8b.o(.ARM.Collect$$$$0000000A)
    _main_init                               0x08000139   Thumb Code     0  entry9a.o(.ARM.Collect$$$$0000000B)
    __rt_final_cpp                           0x08000141   Thumb Code     0  entry10a.o(.ARM.Collect$$$$0000000D)
    __rt_final_exit                          0x08000141   Thumb Code     0  entry11a.o(.ARM.Collect$$$$0000000F)
    Reset_Handler                            0x08000145   Thumb Code     8  startup_stm32f10x_hd.o(.text)
    ADC1_2_IRQHandler                        0x0800015f   Thumb Code     0  startup_stm32f10x_hd.o(.text)
    ADC3_IRQHandler                          0x0800015f   Thumb Code     0  startup_stm32f10x_hd.o(.text)
    CAN1_RX1_IRQHandler                      0x0800015f   Thumb Code     0  startup_stm32f10x_hd.o(.text)
    CAN1_SCE_IRQHandler                      0x0800015f   Thumb Code     0  startup_stm32f10x_hd.o(.text)
    DMA1_Channel1_IRQHandler                 0x0800015f   Thumb Code     0  startup_stm32f10x_hd.o(.text)
    DMA1_Channel2_IRQHandler                 0x0800015f   Thumb Code     0  startup_stm32f10x_hd.o(.text)
    DMA1_Channel3_IRQHandler                 0x0800015f   Thumb Code     0  startup_stm32f10x_hd.o(.text)
    DMA1_Channel4_IRQHandler                 0x0800015f   Thumb Code     0  startup_stm32f10x_hd.o(.text)
    DMA1_Channel5_IRQHandler                 0x0800015f   Thumb Code     0  startup_stm32f10x_hd.o(.text)
    DMA1_Channel6_IRQHandler                 0x0800015f   Thumb Code     0  startup_stm32f10x_hd.o(.text)
    DMA1_Channel7_IRQHandler                 0x0800015f   Thumb Code     0  startup_stm32f10x_hd.o(.text)
    DMA2_Channel1_IRQHandler                 0x0800015f   Thumb Code     0  startup_stm32f10x_hd.o(.text)
    DMA2_Channel2_IRQHandler                 0x0800015f   Thumb Code     0  startup_stm32f10x_hd.o(.text)
    DMA2_Channel3_IRQHandler                 0x0800015f   Thumb Code     0  startup_stm32f10x_hd.o(.text)
    DMA2_Channel4_5_IRQHandler               0x0800015f   Thumb Code     0  startup_stm32f10x_hd.o(.text)
    EXTI0_IRQHandler                         0x0800015f   Thumb Code     0  startup_stm32f10x_hd.o(.text)
    EXTI15_10_IRQHandler                     0x0800015f   Thumb Code     0  startup_stm32f10x_hd.o(.text)
    EXTI1_IRQHandler                         0x0800015f   Thumb Code     0  startup_stm32f10x_hd.o(.text)
    EXTI2_IRQHandler                         0x0800015f   Thumb Code     0  startup_stm32f10x_hd.o(.text)
    EXTI3_IRQHandler                         0x0800015f   Thumb Code     0  startup_stm32f10x_hd.o(.text)
    EXTI4_IRQHandler                         0x0800015f   Thumb Code     0  startup_stm32f10x_hd.o(.text)
    EXTI9_5_IRQHandler                       0x0800015f   Thumb Code     0  startup_stm32f10x_hd.o(.text)
    FLASH_IRQHandler                         0x0800015f   Thumb Code     0  startup_stm32f10x_hd.o(.text)
    FSMC_IRQHandler                          0x0800015f   Thumb Code     0  startup_stm32f10x_hd.o(.text)
    I2C1_ER_IRQHandler                       0x0800015f   Thumb Code     0  startup_stm32f10x_hd.o(.text)
    I2C1_EV_IRQHandler                       0x0800015f   Thumb Code     0  startup_stm32f10x_hd.o(.text)
    I2C2_ER_IRQHandler                       0x0800015f   Thumb Code     0  startup_stm32f10x_hd.o(.text)
    I2C2_EV_IRQHandler                       0x0800015f   Thumb Code     0  startup_stm32f10x_hd.o(.text)
    PVD_IRQHandler                           0x0800015f   Thumb Code     0  startup_stm32f10x_hd.o(.text)
    RCC_IRQHandler                           0x0800015f   Thumb Code     0  startup_stm32f10x_hd.o(.text)
    RTCAlarm_IRQHandler                      0x0800015f   Thumb Code     0  startup_stm32f10x_hd.o(.text)
    SPI1_IRQHandler                          0x0800015f   Thumb Code     0  startup_stm32f10x_hd.o(.text)
    SPI2_IRQHandler                          0x0800015f   Thumb Code     0  startup_stm32f10x_hd.o(.text)
    SPI3_IRQHandler                          0x0800015f   Thumb Code     0  startup_stm32f10x_hd.o(.text)
    TAMPER_IRQHandler                        0x0800015f   Thumb Code     0  startup_stm32f10x_hd.o(.text)
    TIM1_BRK_IRQHandler                      0x0800015f   Thumb Code     0  startup_stm32f10x_hd.o(.text)
    TIM1_CC_IRQHandler                       0x0800015f   Thumb Code     0  startup_stm32f10x_hd.o(.text)
    TIM1_TRG_COM_IRQHandler                  0x0800015f   Thumb Code     0  startup_stm32f10x_hd.o(.text)
    TIM1_UP_IRQHandler                       0x0800015f   Thumb Code     0  startup_stm32f10x_hd.o(.text)
    TIM2_IRQHandler                          0x0800015f   Thumb Code     0  startup_stm32f10x_hd.o(.text)
    TIM3_IRQHandler                          0x0800015f   Thumb Code     0  startup_stm32f10x_hd.o(.text)
    TIM4_IRQHandler                          0x0800015f   Thumb Code     0  startup_stm32f10x_hd.o(.text)
    TIM5_IRQHandler                          0x0800015f   Thumb Code     0  startup_stm32f10x_hd.o(.text)
    TIM6_IRQHandler                          0x0800015f   Thumb Code     0  startup_stm32f10x_hd.o(.text)
    TIM7_IRQHandler                          0x0800015f   Thumb Code     0  startup_stm32f10x_hd.o(.text)
    TIM8_BRK_IRQHandler                      0x0800015f   Thumb Code     0  startup_stm32f10x_hd.o(.text)
    TIM8_CC_IRQHandler                       0x0800015f   Thumb Code     0  startup_stm32f10x_hd.o(.text)
    TIM8_TRG_COM_IRQHandler                  0x0800015f   Thumb Code     0  startup_stm32f10x_hd.o(.text)
    TIM8_UP_IRQHandler                       0x0800015f   Thumb Code     0  startup_stm32f10x_hd.o(.text)
    UART4_IRQHandler                         0x0800015f   Thumb Code     0  startup_stm32f10x_hd.o(.text)
    UART5_IRQHandler                         0x0800015f   Thumb Code     0  startup_stm32f10x_hd.o(.text)
    USART1_IRQHandler                        0x0800015f   Thumb Code     0  startup_stm32f10x_hd.o(.text)
    USART2_IRQHandler                        0x0800015f   Thumb Code     0  startup_stm32f10x_hd.o(.text)
    USART3_IRQHandler                        0x0800015f   Thumb Code     0  startup_stm32f10x_hd.o(.text)
    USBWakeUp_IRQHandler                     0x0800015f   Thumb Code     0  startup_stm32f10x_hd.o(.text)
    USB_HP_CAN1_TX_IRQHandler                0x0800015f   Thumb Code     0  startup_stm32f10x_hd.o(.text)
    USB_LP_CAN1_RX0_IRQHandler               0x0800015f   Thumb Code     0  startup_stm32f10x_hd.o(.text)
    WWDG_IRQHandler                          0x0800015f   Thumb Code     0  startup_stm32f10x_hd.o(.text)
    __aeabi_memcpy                           0x08000169   Thumb Code    36  memcpya.o(.text)
    __aeabi_memcpy4                          0x08000169   Thumb Code     0  memcpya.o(.text)
    __aeabi_memcpy8                          0x08000169   Thumb Code     0  memcpya.o(.text)
    __aeabi_memset                           0x0800018d   Thumb Code    14  memseta.o(.text)
    __aeabi_memset4                          0x0800018d   Thumb Code     0  memseta.o(.text)
    __aeabi_memset8                          0x0800018d   Thumb Code     0  memseta.o(.text)
    __aeabi_memclr                           0x0800019b   Thumb Code     4  memseta.o(.text)
    __aeabi_memclr4                          0x0800019b   Thumb Code     0  memseta.o(.text)
    __aeabi_memclr8                          0x0800019b   Thumb Code     0  memseta.o(.text)
    _memset$wrapper                          0x0800019f   Thumb Code    18  memseta.o(.text)
    __aeabi_dadd                             0x080001b1   Thumb Code   322  dadd.o(.text)
    __aeabi_dsub                             0x080002f3   Thumb Code     6  dadd.o(.text)
    __aeabi_drsub                            0x080002f9   Thumb Code     6  dadd.o(.text)
    __aeabi_dmul                             0x080002ff   Thumb Code   228  dmul.o(.text)
    __aeabi_ddiv                             0x080003e3   Thumb Code   222  ddiv.o(.text)
    __aeabi_ui2d                             0x080004c1   Thumb Code    26  dfltui.o(.text)
    __aeabi_d2uiz                            0x080004db   Thumb Code    50  dfixui.o(.text)
    __aeabi_f2d                              0x0800050d   Thumb Code    38  f2d.o(.text)
    __aeabi_d2f                              0x08000533   Thumb Code    56  d2f.o(.text)
    __aeabi_uidiv                            0x0800056b   Thumb Code     0  uidiv.o(.text)
    __aeabi_uidivmod                         0x0800056b   Thumb Code    44  uidiv.o(.text)
    __aeabi_llsl                             0x08000597   Thumb Code    30  llshl.o(.text)
    _ll_shift_l                              0x08000597   Thumb Code     0  llshl.o(.text)
    __aeabi_llsr                             0x080005b5   Thumb Code    32  llushr.o(.text)
    _ll_ushift_r                             0x080005b5   Thumb Code     0  llushr.o(.text)
    __aeabi_lasr                             0x080005d5   Thumb Code    36  llsshr.o(.text)
    _ll_sshift_r                             0x080005d5   Thumb Code     0  llsshr.o(.text)
    __I$use$fp                               0x080005f9   Thumb Code     0  iusefp.o(.text)
    _float_round                             0x080005f9   Thumb Code    18  fepilogue.o(.text)
    _float_epilogue                          0x0800060b   Thumb Code    92  fepilogue.o(.text)
    _double_round                            0x08000667   Thumb Code    30  depilogue.o(.text)
    _double_epilogue                         0x08000685   Thumb Code   156  depilogue.o(.text)
    __scatterload                            0x08000721   Thumb Code    28  init.o(.text)
    __scatterload_rt2                        0x08000721   Thumb Code     0  init.o(.text)
    __ARM_scalbn                             0x08000745   Thumb Code    46  dscalb.o(.text)
    scalbn                                   0x08000745   Thumb Code     0  dscalb.o(.text)
    __aeabi_i2d                              0x08000773   Thumb Code    34  dflti.o(.text)
    __aeabi_d2iz                             0x08000795   Thumb Code    62  dfixi.o(.text)
    __decompress                             0x080007d3   Thumb Code     0  __dczerorl2.o(.text)
    __decompress1                            0x080007d3   Thumb Code    86  __dczerorl2.o(.text)
    BEEP_GPIO_Config                         0x08000829   Thumb Code    48  bsp_led.o(i.BEEP_GPIO_Config)
    BKP_DeInit                               0x0800085d   Thumb Code    16  stm32f10x_bkp.o(i.BKP_DeInit)
    BKP_ReadBackupRegister                   0x0800086d   Thumb Code    24  stm32f10x_bkp.o(i.BKP_ReadBackupRegister)
    BKP_WriteBackupRegister                  0x08000889   Thumb Code    22  stm32f10x_bkp.o(i.BKP_WriteBackupRegister)
    BusFault_Handler                         0x080008a5   Thumb Code     4  stm32f10x_it.o(i.BusFault_Handler)
    DMA_ClearFlag                            0x08000a69   Thumb Code    18  stm32f10x_dma.o(i.DMA_ClearFlag)
    DMA_Cmd                                  0x08000a85   Thumb Code    24  stm32f10x_dma.o(i.DMA_Cmd)
    DMA_GetFlagStatus                        0x08000a9d   Thumb Code    36  stm32f10x_dma.o(i.DMA_GetFlagStatus)
    DMA_Init                                 0x08000ac9   Thumb Code    60  stm32f10x_dma.o(i.DMA_Init)
    DebugMon_Handler                         0x08000b05   Thumb Code     2  stm32f10x_it.o(i.DebugMon_Handler)
    Delay                                    0x08000b07   Thumb Code    18  bsp_lcd.o(i.Delay)
    FSMC_NORSRAMCmd                          0x08000b19   Thumb Code    46  stm32f10x_fsmc.o(i.FSMC_NORSRAMCmd)
    FSMC_NORSRAMInit                         0x08000b4d   Thumb Code   230  stm32f10x_fsmc.o(i.FSMC_NORSRAMInit)
    GPIO_Init                                0x08000e21   Thumb Code   278  stm32f10x_gpio.o(i.GPIO_Init)
    GPIO_ResetBits                           0x08000f37   Thumb Code     4  stm32f10x_gpio.o(i.GPIO_ResetBits)
    GPIO_SetBits                             0x08000fd1   Thumb Code     4  stm32f10x_gpio.o(i.GPIO_SetBits)
    GetChinaCalendar                         0x08000fd5   Thumb Code   506  bsp_calendar.o(i.GetChinaCalendar)
    GetChinaCalendarStr                      0x080011dd   Thumb Code   254  bsp_calendar.o(i.GetChinaCalendarStr)
    GetGBKCode_from_EXFlash                  0x08001305   Thumb Code    74  fonts.o(i.GetGBKCode_from_EXFlash)
    GetJieQi                                 0x08001359   Thumb Code   158  bsp_calendar.o(i.GetJieQi)
    GetJieQiStr                              0x08001401   Thumb Code   300  bsp_calendar.o(i.GetJieQiStr)
    GetMoonDay                               0x08001545   Thumb Code   282  bsp_calendar.o(i.GetMoonDay)
    GetSkyEarth                              0x08001665   Thumb Code    56  bsp_calendar.o(i.GetSkyEarth)
    GregorianDay                             0x0800169d   Thumb Code   146  bsp_date.o(i.GregorianDay)
    HardFault_Handler                        0x08001735   Thumb Code     4  stm32f10x_it.o(i.HardFault_Handler)
    ILI9341_BackLed_Control                  0x08001739   Thumb Code    30  bsp_lcd.o(i.ILI9341_BackLed_Control)
    ILI9341_Rst                              0x0800175d   Thumb Code    36  bsp_lcd.o(i.ILI9341_Rst)
    LCD_Clear                                0x08001785   Thumb Code    40  bsp_lcd.o(i.LCD_Clear)
    LCD_DispChar_CH                          0x080017b1   Thumb Code   122  bsp_lcd.o(i.LCD_DispChar_CH)
    LCD_DispChar_EN                          0x08001835   Thumb Code   138  bsp_lcd.o(i.LCD_DispChar_EN)
    LCD_DispString_EN_CH                     0x080018cd   Thumb Code   168  bsp_lcd.o(i.LCD_DispString_EN_CH)
    LCD_DrawLine                             0x08001981   Thumb Code   160  bsp_lcd.o(i.LCD_DrawLine)
    LCD_DrawLine_Polar                       0x08001a21   Thumb Code   202  bsp_lcd.o(i.LCD_DrawLine_Polar)
    LCD_FSMC_Config                          0x08001af9   Thumb Code   120  bsp_lcd.o(i.LCD_FSMC_Config)
    LCD_GPIO_Config                          0x08001b91   Thumb Code   386  bsp_lcd.o(i.LCD_GPIO_Config)
    LCD_GramScan                             0x08001d1d   Thumb Code   172  bsp_lcd.o(i.LCD_GramScan)
    LCD_Init                                 0x08001dd5   Thumb Code    32  bsp_lcd.o(i.LCD_Init)
    LCD_OpenWindow                           0x08001df5   Thumb Code    96  bsp_lcd.o(i.LCD_OpenWindow)
    LCD_SetColors                            0x08002085   Thumb Code    10  bsp_lcd.o(i.LCD_SetColors)
    LCD_SetPointPixel                        0x080020ad   Thumb Code    42  bsp_lcd.o(i.LCD_SetPointPixel)
    LCD_SetTextColor                         0x080020e5   Thumb Code     6  bsp_lcd.o(i.LCD_SetTextColor)
    LCD_Time_Show                            0x080020f1   Thumb Code   434  bsp_lcd.o(i.LCD_Time_Show)
    LCD_Write_Cmd                            0x080022dd   Thumb Code     8  bsp_lcd.o(i.LCD_Write_Cmd)
    LCD_Write_Data                           0x080022e5   Thumb Code     6  bsp_lcd.o(i.LCD_Write_Data)
    LED_GPIO_Config                          0x080022f1   Thumb Code    78  bsp_led.o(i.LED_GPIO_Config)
    Lcd_show_bmp                             0x08002345   Thumb Code   294  bsp_bmp.o(i.Lcd_show_bmp)
    MemManage_Handler                        0x08002485   Thumb Code     4  stm32f10x_it.o(i.MemManage_Handler)
    NMI_Handler                              0x08002489   Thumb Code     2  stm32f10x_it.o(i.NMI_Handler)
    NVIC_Init                                0x0800248d   Thumb Code   100  misc.o(i.NVIC_Init)
    NVIC_PriorityGroupConfig                 0x080024fd   Thumb Code    10  misc.o(i.NVIC_PriorityGroupConfig)
    PWR_BackupAccessCmd                      0x08002511   Thumb Code     6  stm32f10x_pwr.o(i.PWR_BackupAccessCmd)
    PendSV_Handler                           0x0800251d   Thumb Code     2  stm32f10x_it.o(i.PendSV_Handler)
    RCC_AHBPeriphClockCmd                    0x08002521   Thumb Code    26  stm32f10x_rcc.o(i.RCC_AHBPeriphClockCmd)
    RCC_APB1PeriphClockCmd                   0x08002541   Thumb Code    26  stm32f10x_rcc.o(i.RCC_APB1PeriphClockCmd)
    RCC_APB2PeriphClockCmd                   0x08002561   Thumb Code    26  stm32f10x_rcc.o(i.RCC_APB2PeriphClockCmd)
    RCC_BackupResetCmd                       0x08002581   Thumb Code     6  stm32f10x_rcc.o(i.RCC_BackupResetCmd)
    RCC_ClearFlag                            0x0800258d   Thumb Code    14  stm32f10x_rcc.o(i.RCC_ClearFlag)
    RCC_GetClocksFreq                        0x080025a1   Thumb Code   192  stm32f10x_rcc.o(i.RCC_GetClocksFreq)
    RCC_GetFlagStatus                        0x08002675   Thumb Code    56  stm32f10x_rcc.o(i.RCC_GetFlagStatus)
    RCC_LSEConfig                            0x080026b1   Thumb Code    46  stm32f10x_rcc.o(i.RCC_LSEConfig)
    RCC_RTCCLKCmd                            0x080026e5   Thumb Code     6  stm32f10x_rcc.o(i.RCC_RTCCLKCmd)
    RCC_RTCCLKConfig                         0x080026f1   Thumb Code    12  stm32f10x_rcc.o(i.RCC_RTCCLKConfig)
    RTC_CheckAndConfig                       0x08002701   Thumb Code   110  bsp_rtc.o(i.RTC_CheckAndConfig)
    RTC_ClearITPendingBit                    0x08002811   Thumb Code    12  stm32f10x_rtc.o(i.RTC_ClearITPendingBit)
    RTC_Configuration                        0x08002821   Thumb Code    88  bsp_rtc.o(i.RTC_Configuration)
    RTC_EnterConfigMode                      0x08002879   Thumb Code    14  stm32f10x_rtc.o(i.RTC_EnterConfigMode)
    RTC_ExitConfigMode                       0x0800288d   Thumb Code    16  stm32f10x_rtc.o(i.RTC_ExitConfigMode)
    RTC_GetCounter                           0x080028a1   Thumb Code    16  stm32f10x_rtc.o(i.RTC_GetCounter)
    RTC_GetITStatus                          0x080028b5   Thumb Code    32  stm32f10x_rtc.o(i.RTC_GetITStatus)
    RTC_IRQHandler                           0x080028d9   Thumb Code    32  stm32f10x_it.o(i.RTC_IRQHandler)
    RTC_ITConfig                             0x08002901   Thumb Code    26  stm32f10x_rtc.o(i.RTC_ITConfig)
    RTC_NVIC_Config                          0x08002921   Thumb Code    34  bsp_rtc.o(i.RTC_NVIC_Config)
    RTC_SetCounter                           0x08002945   Thumb Code    24  stm32f10x_rtc.o(i.RTC_SetCounter)
    RTC_SetPrescaler                         0x08002961   Thumb Code    26  stm32f10x_rtc.o(i.RTC_SetPrescaler)
    RTC_WaitForLastTask                      0x08002981   Thumb Code    16  stm32f10x_rtc.o(i.RTC_WaitForLastTask)
    RTC_WaitForSynchro                       0x08002995   Thumb Code    30  stm32f10x_rtc.o(i.RTC_WaitForSynchro)
    SDIO_ClearFlag                           0x08002ad5   Thumb Code     6  stm32f10x_sdio.o(i.SDIO_ClearFlag)
    SDIO_ClearITPendingBit                   0x08002ae1   Thumb Code     6  stm32f10x_sdio.o(i.SDIO_ClearITPendingBit)
    SDIO_ClockCmd                            0x08002aed   Thumb Code     6  stm32f10x_sdio.o(i.SDIO_ClockCmd)
    SDIO_DMACmd                              0x08002af9   Thumb Code     6  stm32f10x_sdio.o(i.SDIO_DMACmd)
    SDIO_DataConfig                          0x08002b05   Thumb Code    42  stm32f10x_sdio.o(i.SDIO_DataConfig)
    SDIO_DeInit                              0x08002b35   Thumb Code    28  stm32f10x_sdio.o(i.SDIO_DeInit)
    SDIO_GetCommandResponse                  0x08002b59   Thumb Code     8  stm32f10x_sdio.o(i.SDIO_GetCommandResponse)
    SDIO_GetFlagStatus                       0x08002b65   Thumb Code    20  stm32f10x_sdio.o(i.SDIO_GetFlagStatus)
    SDIO_GetPowerState                       0x08002b7d   Thumb Code    10  stm32f10x_sdio.o(i.SDIO_GetPowerState)
    SDIO_GetResponse                         0x08002b8d   Thumb Code    20  stm32f10x_sdio.o(i.SDIO_GetResponse)
    SDIO_IRQHandler                          0x08002ba5   Thumb Code     8  stm32f10x_it.o(i.SDIO_IRQHandler)
    SDIO_ITConfig                            0x08002bad   Thumb Code    26  stm32f10x_sdio.o(i.SDIO_ITConfig)
    SDIO_Init                                0x08002bcd   Thumb Code    42  stm32f10x_sdio.o(i.SDIO_Init)
    SDIO_NVIC_Configuration                  0x08002bfd   Thumb Code    32  bsp_sdio_sdcard.o(i.SDIO_NVIC_Configuration)
    SDIO_ReadData                            0x08002c1d   Thumb Code     6  stm32f10x_sdio.o(i.SDIO_ReadData)
    SDIO_SendCommand                         0x08002c29   Thumb Code    38  stm32f10x_sdio.o(i.SDIO_SendCommand)
    SDIO_SetPowerState                       0x08002c55   Thumb Code    22  stm32f10x_sdio.o(i.SDIO_SetPowerState)
    SD_EnableWideBusOperation                0x08002d49   Thumb Code   140  bsp_sdio_sdcard.o(i.SD_EnableWideBusOperation)
    SD_GetCardInfo                           0x08002ddd   Thumb Code   700  bsp_sdio_sdcard.o(i.SD_GetCardInfo)
    SD_GetState                              0x080030a9   Thumb Code    26  bsp_sdio_sdcard.o(i.SD_GetState)
    SD_GetStatus                             0x080030c3   Thumb Code    30  bsp_sdio_sdcard.o(i.SD_GetStatus)
    SD_Init                                  0x080030e1   Thumb Code   102  bsp_sdio_sdcard.o(i.SD_Init)
    SD_InitializeCards                       0x08003151   Thumb Code   294  bsp_sdio_sdcard.o(i.SD_InitializeCards)
    SD_PowerON                               0x0800328d   Thumb Code   374  bsp_sdio_sdcard.o(i.SD_PowerON)
    SD_ProcessIRQSrc                         0x08003415   Thumb Code    70  bsp_sdio_sdcard.o(i.SD_ProcessIRQSrc)
    SD_ReadBlock                             0x0800346d   Thumb Code   192  bsp_sdio_sdcard.o(i.SD_ReadBlock)
    SD_ReadMultiBlocks                       0x08003549   Thumb Code   202  bsp_sdio_sdcard.o(i.SD_ReadMultiBlocks)
    SD_SelectDeselect                        0x08003631   Thumb Code    48  bsp_sdio_sdcard.o(i.SD_SelectDeselect)
    SD_SendStatus                            0x08003665   Thumb Code    46  bsp_sdio_sdcard.o(i.SD_SendStatus)
    SD_WaitReadOperation                     0x0800369d   Thumb Code    42  bsp_sdio_sdcard.o(i.SD_WaitReadOperation)
    SD_WaitWriteOperation                    0x080036d1   Thumb Code    50  bsp_sdio_sdcard.o(i.SD_WaitWriteOperation)
    SD_WriteBlock                            0x0800370d   Thumb Code   190  bsp_sdio_sdcard.o(i.SD_WriteBlock)
    SD_WriteMultiBlocks                      0x080037e9   Thumb Code   294  bsp_sdio_sdcard.o(i.SD_WriteMultiBlocks)
    SPI_Cmd                                  0x08003931   Thumb Code    24  stm32f10x_spi.o(i.SPI_Cmd)
    SPI_FLASH_BufferRead                     0x08003949   Thumb Code    76  bsp_spi.o(i.SPI_FLASH_BufferRead)
    SPI_FLASH_Init                           0x08003999   Thumb Code    12  bsp_spi.o(i.SPI_FLASH_Init)
    SPI_FLASH_SendByte                       0x080039a5   Thumb Code    90  bsp_spi.o(i.SPI_FLASH_SendByte)
    SPI_I2S_GetFlagStatus                    0x08003a15   Thumb Code    18  stm32f10x_spi.o(i.SPI_I2S_GetFlagStatus)
    SPI_I2S_ReceiveData                      0x08003a27   Thumb Code     6  stm32f10x_spi.o(i.SPI_I2S_ReceiveData)
    SPI_I2S_SendData                         0x08003a2d   Thumb Code     4  stm32f10x_spi.o(i.SPI_I2S_SendData)
    SPI_Init                                 0x08003a31   Thumb Code    60  stm32f10x_spi.o(i.SPI_Init)
    SVC_Handler                              0x08003abd   Thumb Code     2  stm32f10x_it.o(i.SVC_Handler)
    Sd_fs_init                               0x08003ac1   Thumb Code    16  bsp_sdfs_app.o(i.Sd_fs_init)
    StrCopy                                  0x08003bbd   Thumb Code    24  bsp_calendar.o(i.StrCopy)
    SysTick_Handler                          0x08003bd5   Thumb Code     2  stm32f10x_it.o(i.SysTick_Handler)
    SystemInit                               0x08003bd9   Thumb Code    78  system_stm32f10x.o(i.SystemInit)
    Time_Adjust                              0x08003c39   Thumb Code    38  bsp_rtc.o(i.Time_Adjust)
    Time_Display                             0x08003c61   Thumb Code   196  bsp_rtc.o(i.Time_Display)
    Time_Regulate                            0x08003d6d   Thumb Code   238  bsp_rtc.o(i.Time_Regulate)
    Time_Show                                0x08004019   Thumb Code    32  bsp_rtc.o(i.Time_Show)
    USART_Cmd                                0x0800403d   Thumb Code    24  stm32f10x_usart.o(i.USART_Cmd)
    USART_Config                             0x08004055   Thumb Code   122  bsp_usart.o(i.USART_Config)
    USART_GetFlagStatus                      0x080040d9   Thumb Code    26  stm32f10x_usart.o(i.USART_GetFlagStatus)
    USART_Init                               0x080040f5   Thumb Code   210  stm32f10x_usart.o(i.USART_Init)
    USART_ReceiveData                        0x080041cd   Thumb Code    10  stm32f10x_usart.o(i.USART_ReceiveData)
    USART_SendData                           0x080042b1   Thumb Code     8  stm32f10x_usart.o(i.USART_SendData)
    USART_sent                               0x080042b9   Thumb Code    30  bsp_usart.o(i.USART_sent)
    UsageFault_Handler                       0x080042d7   Thumb Code     4  stm32f10x_it.o(i.UsageFault_Handler)
    __0printf$3                              0x080042dd   Thumb Code    22  printf3.o(i.__0printf$3)
    __1printf$3                              0x080042dd   Thumb Code     0  printf3.o(i.__0printf$3)
    __2printf                                0x080042dd   Thumb Code     0  printf3.o(i.__0printf$3)
    __0sprintf$3                             0x080042fd   Thumb Code    34  printf3.o(i.__0sprintf$3)
    __1sprintf$3                             0x080042fd   Thumb Code     0  printf3.o(i.__0sprintf$3)
    __2sprintf                               0x080042fd   Thumb Code     0  printf3.o(i.__0sprintf$3)
    __ARM_fpclassify                         0x08004325   Thumb Code    40  fpclassify.o(i.__ARM_fpclassify)
    __ieee754_rem_pio2                       0x0800434d   Thumb Code   828  rred.o(i.__ieee754_rem_pio2)
    __kernel_cos                             0x080046d5   Thumb Code   230  cos_i.o(i.__kernel_cos)
    __kernel_poly                            0x080047d1   Thumb Code   170  poly.o(i.__kernel_poly)
    __kernel_sin                             0x0800487d   Thumb Code   224  sin_i.o(i.__kernel_sin)
    __mathlib_dbl_infnan                     0x08004969   Thumb Code     6  dunder.o(i.__mathlib_dbl_infnan)
    __mathlib_dbl_invalid                    0x0800496f   Thumb Code    12  dunder.o(i.__mathlib_dbl_invalid)
    __mathlib_dbl_underflow                  0x0800497d   Thumb Code    10  dunder.o(i.__mathlib_dbl_underflow)
    __scatterload_copy                       0x0800498d   Thumb Code    14  handlers.o(i.__scatterload_copy)
    __scatterload_null                       0x0800499b   Thumb Code     2  handlers.o(i.__scatterload_null)
    __scatterload_zeroinit                   0x0800499d   Thumb Code    14  handlers.o(i.__scatterload_zeroinit)
    __set_errno                              0x080049ad   Thumb Code     6  errno.o(i.__set_errno)
    clust2sect                               0x08004fb5   Thumb Code    26  ff.o(i.clust2sect)
    cos                                      0x08005061   Thumb Code   148  cos.o(i.cos)
    disk_initialize                          0x08005857   Thumb Code    26  diskio.o(i.disk_initialize)
    disk_ioctl                               0x08005871   Thumb Code     6  diskio.o(i.disk_ioctl)
    disk_read                                0x08005879   Thumb Code   144  diskio.o(i.disk_read)
    disk_status                              0x0800590d   Thumb Code     6  diskio.o(i.disk_status)
    disk_write                               0x08005915   Thumb Code   144  diskio.o(i.disk_write)
    f_close                                  0x080059a9   Thumb Code    22  ff.o(i.f_close)
    f_lseek                                  0x080059bf   Thumb Code   432  ff.o(i.f_lseek)
    f_mount                                  0x08005b71   Thumb Code    38  ff.o(i.f_mount)
    f_open                                   0x08005b9d   Thumb Code   372  ff.o(i.f_open)
    f_read                                   0x08005d11   Thumb Code   462  ff.o(i.f_read)
    f_sync                                   0x08005edf   Thumb Code   184  ff.o(i.f_sync)
    ff_convert                               0x08005f99   Thumb Code   116  cc936.o(i.ff_convert)
    ff_wtoupper                              0x08006015   Thumb Code    46  cc936.o(i.ff_wtoupper)
    fputc                                    0x0800616d   Thumb Code    32  bsp_usart.o(i.fputc)
    gen_numname                              0x08006191   Thumb Code   190  ff.o(i.gen_numname)
    get_fat                                  0x0800624f   Thumb Code   228  ff.o(i.get_fat)
    get_fattime                              0x08006333   Thumb Code     4  diskio.o(i.get_fattime)
    main                                     0x08006339   Thumb Code   102  main.o(i.main)
    mktimev                                  0x08006405   Thumb Code   124  bsp_date.o(i.mktimev)
    put_fat                                  0x080064f7   Thumb Code   310  ff.o(i.put_fat)
    sin                                      0x08006699   Thumb Code   150  sin.o(i.sin)
    to_tm                                    0x08006825   Thumb Code   194  bsp_date.o(i.to_tm)
    ASCII8x16_Table                          0x0800691a   Data        1520  fonts.o(.constdata)
    ASCII16x24_Table                         0x08006f0a   Data        4560  fonts.o(.constdata)
    ASCII24x32_Table                         0x080080da   Data        9120  fonts.o(.constdata)
    year_code                                0x0800a47a   Data         597  bsp_calendar.o(.constdata)
    YearMonthBit                             0x0800a6cf   Data         153  bsp_calendar.o(.constdata)
    days                                     0x0800a768   Data          24  bsp_calendar.o(.constdata)
    day_code1                                0x0800a780   Data           9  bsp_calendar.o(.constdata)
    day_code2                                0x0800a78a   Data           6  bsp_calendar.o(.constdata)
    table_week                               0x0800a790   Data          12  bsp_calendar.o(.constdata)
    Region$$Table$$Base                      0x080357a4   Number         0  anon$$obj.o(Region$$Table)
    Region$$Table$$Limit                     0x080357c4   Number         0  anon$$obj.o(Region$$Table)
    time_flag                                0x20000014   Data           1  main.o(.data)
    LCD_SCAN_MODE                            0x20000018   Data           1  bsp_lcd.o(.data)
    LCD_X_LENGTH                             0x2000001a   Data           2  bsp_lcd.o(.data)
    LCD_Y_LENGTH                             0x2000001c   Data           2  bsp_lcd.o(.data)
    Font8x16                                 0x20000028   Data           8  fonts.o(.data)
    Font16x24                                0x20000030   Data           8  fonts.o(.data)
    Font24x32                                0x20000038   Data           8  fonts.o(.data)
    JieQiStr                                 0x20000044   Data          96  bsp_calendar.o(.data)
    sky                                      0x200000a4   Data          40  bsp_calendar.o(.data)
    earth                                    0x200000cc   Data          48  bsp_calendar.o(.data)
    monthcode                                0x200000fc   Data          48  bsp_calendar.o(.data)
    nongliday                                0x2000012c   Data          16  bsp_calendar.o(.data)
    TimeDisplay                              0x2000016c   Data           4  bsp_rtc.o(.data)
    WEEK_STR                                 0x20000170   Data          28  bsp_rtc.o(.data)
    zodiac_sign                              0x2000018c   Data          48  bsp_rtc.o(.data)
    bmpres                                   0x200001c0   Data           1  bsp_bmp.o(.data)
    StopCondition                            0x200001cc   Data           4  bsp_sdio_sdcard.o(.data)
    TransferError                            0x200001d0   Data           1  bsp_sdio_sdcard.o(.data)
    TransferEnd                              0x200001d4   Data           4  bsp_sdio_sdcard.o(.data)
    __stdout                                 0x200001e0   Data           4  stdout.o(.data)
    systmtime                                0x200001e8   Data          28  main.o(.bss)
    pColorData                               0x20000204   Data         960  bsp_bmp.o(.bss)
    bmpfs                                    0x200005c4   Data        1120  bsp_bmp.o(.bss)
    bmpfsrc                                  0x20000a24   Data         548  bsp_bmp.o(.bss)
    bmpfdst                                  0x20000c48   Data         548  bsp_bmp.o(.bss)
    myfs                                     0x20000e6c   Data        1120  bsp_sdfs_app.o(.bss)
    myfsrc                                   0x200012cc   Data         548  bsp_sdfs_app.o(.bss)
    myfdst                                   0x200014f0   Data         548  bsp_sdfs_app.o(.bss)
    mybuffer                                 0x20001714   Data         512  bsp_sdfs_app.o(.bss)
    my_latest_buffer                         0x20001914   Data         512  bsp_sdfs_app.o(.bss)
    SDCardInfo                               0x20001b44   Data          80  bsp_sdio_sdcard.o(.bss)
    SDIO_InitStructure                       0x20001b94   Data          24  bsp_sdio_sdcard.o(.bss)
    SDIO_CmdInitStructure                    0x20001bac   Data          20  bsp_sdio_sdcard.o(.bss)
    SDIO_DataInitStructure                   0x20001bc0   Data          24  bsp_sdio_sdcard.o(.bss)
    align_buffer                             0x20001bd8   Data         512  diskio.o(.bss)
    __initial_sp                             0x200021d8   Data           0  startup_stm32f10x_hd.o(STACK)



==============================================================================

Memory Map of the image

  Image Entry point : 0x08000131

  Load Region LR_IROM1 (Base: 0x08000000, Size: 0x000359ac, Max: 0x00080000, ABSOLUTE, COMPRESSED[0x000358e8])

    Execution Region ER_IROM1 (Base: 0x08000000, Size: 0x000357c4, Max: 0x00080000, ABSOLUTE)

    Base Addr    Size         Type   Attr      Idx    E Section Name        Object

    0x08000000   0x00000130   Data   RO            3    RESET               startup_stm32f10x_hd.o
    0x08000130   0x00000000   Code   RO         4430  * .ARM.Collect$$$$00000000  mc_w.l(entry.o)
    0x08000130   0x00000004   Code   RO         4742    .ARM.Collect$$$$00000001  mc_w.l(entry2.o)
    0x08000134   0x00000004   Code   RO         4745    .ARM.Collect$$$$00000004  mc_w.l(entry5.o)
    0x08000138   0x00000000   Code   RO         4747    .ARM.Collect$$$$00000008  mc_w.l(entry7b.o)
    0x08000138   0x00000000   Code   RO         4749    .ARM.Collect$$$$0000000A  mc_w.l(entry8b.o)
    0x08000138   0x00000008   Code   RO         4750    .ARM.Collect$$$$0000000B  mc_w.l(entry9a.o)
    0x08000140   0x00000000   Code   RO         4752    .ARM.Collect$$$$0000000D  mc_w.l(entry10a.o)
    0x08000140   0x00000000   Code   RO         4754    .ARM.Collect$$$$0000000F  mc_w.l(entry11a.o)
    0x08000140   0x00000004   Code   RO         4743    .ARM.Collect$$$$00002712  mc_w.l(entry2.o)
    0x08000144   0x00000024   Code   RO            4    .text               startup_stm32f10x_hd.o
    0x08000168   0x00000024   Code   RO         4433    .text               mc_w.l(memcpya.o)
    0x0800018c   0x00000024   Code   RO         4435    .text               mc_w.l(memseta.o)
    0x080001b0   0x0000014e   Code   RO         4700    .text               mf_w.l(dadd.o)
    0x080002fe   0x000000e4   Code   RO         4702    .text               mf_w.l(dmul.o)
    0x080003e2   0x000000de   Code   RO         4704    .text               mf_w.l(ddiv.o)
    0x080004c0   0x0000001a   Code   RO         4706    .text               mf_w.l(dfltui.o)
    0x080004da   0x00000032   Code   RO         4708    .text               mf_w.l(dfixui.o)
    0x0800050c   0x00000026   Code   RO         4710    .text               mf_w.l(f2d.o)
    0x08000532   0x00000038   Code   RO         4712    .text               mf_w.l(d2f.o)
    0x0800056a   0x0000002c   Code   RO         4757    .text               mc_w.l(uidiv.o)
    0x08000596   0x0000001e   Code   RO         4761    .text               mc_w.l(llshl.o)
    0x080005b4   0x00000020   Code   RO         4763    .text               mc_w.l(llushr.o)
    0x080005d4   0x00000024   Code   RO         4765    .text               mc_w.l(llsshr.o)
    0x080005f8   0x00000000   Code   RO         4774    .text               mc_w.l(iusefp.o)
    0x080005f8   0x0000006e   Code   RO         4775    .text               mf_w.l(fepilogue.o)
    0x08000666   0x000000ba   Code   RO         4777    .text               mf_w.l(depilogue.o)
    0x08000720   0x00000024   Code   RO         4787    .text               mc_w.l(init.o)
    0x08000744   0x0000002e   Code   RO         4789    .text               mf_w.l(dscalb.o)
    0x08000772   0x00000022   Code   RO         4791    .text               mf_w.l(dflti.o)
    0x08000794   0x0000003e   Code   RO         4793    .text               mf_w.l(dfixi.o)
    0x080007d2   0x00000056   Code   RO         4803    .text               mc_w.l(__dczerorl2.o)
    0x08000828   0x00000034   Code   RO         3254    i.BEEP_GPIO_Config  bsp_led.o
    0x0800085c   0x00000010   Code   RO          401    i.BKP_DeInit        stm32f10x_bkp.o
    0x0800086c   0x0000001c   Code   RO          406    i.BKP_ReadBackupRegister  stm32f10x_bkp.o
    0x08000888   0x0000001c   Code   RO          410    i.BKP_WriteBackupRegister  stm32f10x_bkp.o
    0x080008a4   0x00000004   Code   RO         3178    i.BusFault_Handler  stm32f10x_it.o
    0x080008a8   0x0000002c   Code   RO         3901    i.CmdError          bsp_sdio_sdcard.o
    0x080008d4   0x00000028   Code   RO         3902    i.CmdResp1Error     bsp_sdio_sdcard.o
    0x080008fc   0x0000004c   Code   RO         3903    i.CmdResp2Error     bsp_sdio_sdcard.o
    0x08000948   0x00000038   Code   RO         3904    i.CmdResp3Error     bsp_sdio_sdcard.o
    0x08000980   0x0000009c   Code   RO         3905    i.CmdResp6Error     bsp_sdio_sdcard.o
    0x08000a1c   0x0000004c   Code   RO         3906    i.CmdResp7Error     bsp_sdio_sdcard.o
    0x08000a68   0x0000001c   Code   RO          866    i.DMA_ClearFlag     stm32f10x_dma.o
    0x08000a84   0x00000018   Code   RO          868    i.DMA_Cmd           stm32f10x_dma.o
    0x08000a9c   0x0000002c   Code   RO          871    i.DMA_GetFlagStatus  stm32f10x_dma.o
    0x08000ac8   0x0000003c   Code   RO          874    i.DMA_Init          stm32f10x_dma.o
    0x08000b04   0x00000002   Code   RO         3179    i.DebugMon_Handler  stm32f10x_it.o
    0x08000b06   0x00000012   Code   RO         3320    i.Delay             bsp_lcd.o
    0x08000b18   0x00000034   Code   RO         1177    i.FSMC_NORSRAMCmd   stm32f10x_fsmc.o
    0x08000b4c   0x000000e6   Code   RO         1179    i.FSMC_NORSRAMInit  stm32f10x_fsmc.o
    0x08000c32   0x00000002   PAD
    0x08000c34   0x0000019c   Code   RO         3907    i.FindSCR           bsp_sdio_sdcard.o
    0x08000dd0   0x00000050   Code   RO         3908    i.GPIO_Configuration  bsp_sdio_sdcard.o
    0x08000e20   0x00000116   Code   RO         1292    i.GPIO_Init         stm32f10x_gpio.o
    0x08000f36   0x00000004   Code   RO         1299    i.GPIO_ResetBits    stm32f10x_gpio.o
    0x08000f3a   0x00000002   PAD
    0x08000f3c   0x00000094   Code   RO         3574    i.GPIO_SPI_Config   bsp_spi.o
    0x08000fd0   0x00000004   Code   RO         1300    i.GPIO_SetBits      stm32f10x_gpio.o
    0x08000fd4   0x00000208   Code   RO         3656    i.GetChinaCalendar  bsp_calendar.o
    0x080011dc   0x00000128   Code   RO         3657    i.GetChinaCalendarStr  bsp_calendar.o
    0x08001304   0x00000054   Code   RO         3555    i.GetGBKCode_from_EXFlash  fonts.o
    0x08001358   0x000000a8   Code   RO         3658    i.GetJieQi          bsp_calendar.o
    0x08001400   0x00000144   Code   RO         3659    i.GetJieQiStr       bsp_calendar.o
    0x08001544   0x00000120   Code   RO         3660    i.GetMoonDay        bsp_calendar.o
    0x08001664   0x00000038   Code   RO         3661    i.GetSkyEarth       bsp_calendar.o
    0x0800169c   0x00000098   Code   RO         3709    i.GregorianDay      bsp_date.o
    0x08001734   0x00000004   Code   RO         3180    i.HardFault_Handler  stm32f10x_it.o
    0x08001738   0x00000024   Code   RO         3321    i.ILI9341_BackLed_Control  bsp_lcd.o
    0x0800175c   0x00000028   Code   RO         3322    i.ILI9341_Rst       bsp_lcd.o
    0x08001784   0x0000002c   Code   RO         3323    i.LCD_Clear         bsp_lcd.o
    0x080017b0   0x00000084   Code   RO         3325    i.LCD_DispChar_CH   bsp_lcd.o
    0x08001834   0x00000098   Code   RO         3326    i.LCD_DispChar_EN   bsp_lcd.o
    0x080018cc   0x000000b4   Code   RO         3330    i.LCD_DispString_EN_CH  bsp_lcd.o
    0x08001980   0x000000a0   Code   RO         3333    i.LCD_DrawLine      bsp_lcd.o
    0x08001a20   0x000000d8   Code   RO         3334    i.LCD_DrawLine_Polar  bsp_lcd.o
    0x08001af8   0x00000078   Code   RO         3336    i.LCD_FSMC_Config   bsp_lcd.o
    0x08001b70   0x00000020   Code   RO         3337    i.LCD_FillColor     bsp_lcd.o
    0x08001b90   0x0000018c   Code   RO         3338    i.LCD_GPIO_Config   bsp_lcd.o
    0x08001d1c   0x000000b8   Code   RO         3341    i.LCD_GramScan      bsp_lcd.o
    0x08001dd4   0x00000020   Code   RO         3342    i.LCD_Init          bsp_lcd.o
    0x08001df4   0x00000060   Code   RO         3343    i.LCD_OpenWindow    bsp_lcd.o
    0x08001e54   0x00000230   Code   RO         3344    i.LCD_REG_Config    bsp_lcd.o
    0x08002084   0x00000014   Code   RO         3346    i.LCD_SetColors     bsp_lcd.o
    0x08002098   0x00000014   Code   RO         3347    i.LCD_SetCursor     bsp_lcd.o
    0x080020ac   0x00000038   Code   RO         3349    i.LCD_SetPointPixel  bsp_lcd.o
    0x080020e4   0x0000000c   Code   RO         3350    i.LCD_SetTextColor  bsp_lcd.o
    0x080020f0   0x000001ec   Code   RO         3351    i.LCD_Time_Show     bsp_lcd.o
    0x080022dc   0x00000008   Code   RO         3527    i.LCD_Write_Cmd     bsp_lcd.o
    0x080022e4   0x0000000c   Code   RO         3532    i.LCD_Write_Data    bsp_lcd.o
    0x080022f0   0x00000054   Code   RO         3256    i.LED_GPIO_Config   bsp_led.o
    0x08002344   0x00000140   Code   RO         3799    i.Lcd_show_bmp      bsp_bmp.o
    0x08002484   0x00000004   Code   RO         3181    i.MemManage_Handler  stm32f10x_it.o
    0x08002488   0x00000002   Code   RO         3182    i.NMI_Handler       stm32f10x_it.o
    0x0800248a   0x00000002   PAD
    0x0800248c   0x00000070   Code   RO          137    i.NVIC_Init         misc.o
    0x080024fc   0x00000014   Code   RO          138    i.NVIC_PriorityGroupConfig  misc.o
    0x08002510   0x0000000c   Code   RO         1646    i.PWR_BackupAccessCmd  stm32f10x_pwr.o
    0x0800251c   0x00000002   Code   RO         3183    i.PendSV_Handler    stm32f10x_it.o
    0x0800251e   0x00000002   PAD
    0x08002520   0x00000020   Code   RO         1707    i.RCC_AHBPeriphClockCmd  stm32f10x_rcc.o
    0x08002540   0x00000020   Code   RO         1708    i.RCC_APB1PeriphClockCmd  stm32f10x_rcc.o
    0x08002560   0x00000020   Code   RO         1710    i.RCC_APB2PeriphClockCmd  stm32f10x_rcc.o
    0x08002580   0x0000000c   Code   RO         1713    i.RCC_BackupResetCmd  stm32f10x_rcc.o
    0x0800258c   0x00000014   Code   RO         1714    i.RCC_ClearFlag     stm32f10x_rcc.o
    0x080025a0   0x000000d4   Code   RO         1718    i.RCC_GetClocksFreq  stm32f10x_rcc.o
    0x08002674   0x0000003c   Code   RO         1719    i.RCC_GetFlagStatus  stm32f10x_rcc.o
    0x080026b0   0x00000034   Code   RO         1726    i.RCC_LSEConfig     stm32f10x_rcc.o
    0x080026e4   0x0000000c   Code   RO         1733    i.RCC_RTCCLKCmd     stm32f10x_rcc.o
    0x080026f0   0x00000010   Code   RO         1734    i.RCC_RTCCLKConfig  stm32f10x_rcc.o
    0x08002700   0x00000110   Code   RO         3736    i.RTC_CheckAndConfig  bsp_rtc.o
    0x08002810   0x00000010   Code   RO         1907    i.RTC_ClearITPendingBit  stm32f10x_rtc.o
    0x08002820   0x00000058   Code   RO         3737    i.RTC_Configuration  bsp_rtc.o
    0x08002878   0x00000014   Code   RO         1908    i.RTC_EnterConfigMode  stm32f10x_rtc.o
    0x0800288c   0x00000014   Code   RO         1909    i.RTC_ExitConfigMode  stm32f10x_rtc.o
    0x080028a0   0x00000014   Code   RO         1910    i.RTC_GetCounter    stm32f10x_rtc.o
    0x080028b4   0x00000024   Code   RO         1913    i.RTC_GetITStatus   stm32f10x_rtc.o
    0x080028d8   0x00000028   Code   RO         3184    i.RTC_IRQHandler    stm32f10x_it.o
    0x08002900   0x00000020   Code   RO         1914    i.RTC_ITConfig      stm32f10x_rtc.o
    0x08002920   0x00000022   Code   RO         3738    i.RTC_NVIC_Config   bsp_rtc.o
    0x08002942   0x00000002   PAD
    0x08002944   0x0000001c   Code   RO         1916    i.RTC_SetCounter    stm32f10x_rtc.o
    0x08002960   0x00000020   Code   RO         1917    i.RTC_SetPrescaler  stm32f10x_rtc.o
    0x08002980   0x00000014   Code   RO         1918    i.RTC_WaitForLastTask  stm32f10x_rtc.o
    0x08002994   0x00000024   Code   RO         1919    i.RTC_WaitForSynchro  stm32f10x_rtc.o
    0x080029b8   0x0000011c   Code   RO         3910    i.SDEnWideBus       bsp_sdio_sdcard.o
    0x08002ad4   0x0000000c   Code   RO         1997    i.SDIO_ClearFlag    stm32f10x_sdio.o
    0x08002ae0   0x0000000c   Code   RO         1998    i.SDIO_ClearITPendingBit  stm32f10x_sdio.o
    0x08002aec   0x0000000c   Code   RO         1999    i.SDIO_ClockCmd     stm32f10x_sdio.o
    0x08002af8   0x0000000c   Code   RO         2002    i.SDIO_DMACmd       stm32f10x_sdio.o
    0x08002b04   0x00000030   Code   RO         2003    i.SDIO_DataConfig   stm32f10x_sdio.o
    0x08002b34   0x00000024   Code   RO         2005    i.SDIO_DeInit       stm32f10x_sdio.o
    0x08002b58   0x0000000c   Code   RO         2006    i.SDIO_GetCommandResponse  stm32f10x_sdio.o
    0x08002b64   0x00000018   Code   RO         2009    i.SDIO_GetFlagStatus  stm32f10x_sdio.o
    0x08002b7c   0x00000010   Code   RO         2011    i.SDIO_GetPowerState  stm32f10x_sdio.o
    0x08002b8c   0x00000018   Code   RO         2012    i.SDIO_GetResponse  stm32f10x_sdio.o
    0x08002ba4   0x00000008   Code   RO         3185    i.SDIO_IRQHandler   stm32f10x_it.o
    0x08002bac   0x00000020   Code   RO         2013    i.SDIO_ITConfig     stm32f10x_sdio.o
    0x08002bcc   0x00000030   Code   RO         2014    i.SDIO_Init         stm32f10x_sdio.o
    0x08002bfc   0x00000020   Code   RO         3911    i.SDIO_NVIC_Configuration  bsp_sdio_sdcard.o
    0x08002c1c   0x0000000c   Code   RO         2015    i.SDIO_ReadData     stm32f10x_sdio.o
    0x08002c28   0x0000002c   Code   RO         2017    i.SDIO_SendCommand  stm32f10x_sdio.o
    0x08002c54   0x0000001c   Code   RO         2019    i.SDIO_SetPowerState  stm32f10x_sdio.o
    0x08002c70   0x00000010   Code   RO         3912    i.SD_DMAEndOfTransferStatus  bsp_sdio_sdcard.o
    0x08002c80   0x00000064   Code   RO         3913    i.SD_DMA_RxConfig   bsp_sdio_sdcard.o
    0x08002ce4   0x00000064   Code   RO         3914    i.SD_DMA_TxConfig   bsp_sdio_sdcard.o
    0x08002d48   0x00000094   Code   RO         3916    i.SD_EnableWideBusOperation  bsp_sdio_sdcard.o
    0x08002ddc   0x000002cc   Code   RO         3918    i.SD_GetCardInfo    bsp_sdio_sdcard.o
    0x080030a8   0x0000001a   Code   RO         3920    i.SD_GetState       bsp_sdio_sdcard.o
    0x080030c2   0x0000001e   Code   RO         3921    i.SD_GetStatus      bsp_sdio_sdcard.o
    0x080030e0   0x00000070   Code   RO         3923    i.SD_Init           bsp_sdio_sdcard.o
    0x08003150   0x0000013c   Code   RO         3924    i.SD_InitializeCards  bsp_sdio_sdcard.o
    0x0800328c   0x00000188   Code   RO         3926    i.SD_PowerON        bsp_sdio_sdcard.o
    0x08003414   0x00000058   Code   RO         3927    i.SD_ProcessIRQSrc  bsp_sdio_sdcard.o
    0x0800346c   0x000000dc   Code   RO         3928    i.SD_ReadBlock      bsp_sdio_sdcard.o
    0x08003548   0x000000e8   Code   RO         3929    i.SD_ReadMultiBlocks  bsp_sdio_sdcard.o
    0x08003630   0x00000034   Code   RO         3930    i.SD_SelectDeselect  bsp_sdio_sdcard.o
    0x08003664   0x00000038   Code   RO         3932    i.SD_SendStatus     bsp_sdio_sdcard.o
    0x0800369c   0x00000034   Code   RO         3934    i.SD_WaitReadOperation  bsp_sdio_sdcard.o
    0x080036d0   0x0000003c   Code   RO         3935    i.SD_WaitWriteOperation  bsp_sdio_sdcard.o
    0x0800370c   0x000000dc   Code   RO         3936    i.SD_WriteBlock     bsp_sdio_sdcard.o
    0x080037e8   0x00000148   Code   RO         3937    i.SD_WriteMultiBlocks  bsp_sdio_sdcard.o
    0x08003930   0x00000018   Code   RO         2187    i.SPI_Cmd           stm32f10x_spi.o
    0x08003948   0x00000050   Code   RO         3576    i.SPI_FLASH_BufferRead  bsp_spi.o
    0x08003998   0x0000000c   Code   RO         3578    i.SPI_FLASH_Init    bsp_spi.o
    0x080039a4   0x00000070   Code   RO         3582    i.SPI_FLASH_SendByte  bsp_spi.o
    0x08003a14   0x00000012   Code   RO         2195    i.SPI_I2S_GetFlagStatus  stm32f10x_spi.o
    0x08003a26   0x00000006   Code   RO         2198    i.SPI_I2S_ReceiveData  stm32f10x_spi.o
    0x08003a2c   0x00000004   Code   RO         2199    i.SPI_I2S_SendData  stm32f10x_spi.o
    0x08003a30   0x0000003c   Code   RO         2200    i.SPI_Init          stm32f10x_spi.o
    0x08003a6c   0x00000050   Code   RO         3583    i.SPI_MODE          bsp_spi.o
    0x08003abc   0x00000002   Code   RO         3186    i.SVC_Handler       stm32f10x_it.o
    0x08003abe   0x00000002   PAD
    0x08003ac0   0x00000014   Code   RO         3844    i.Sd_fs_init        bsp_sdfs_app.o
    0x08003ad4   0x00000008   Code   RO           24    i.SetSysClock       system_stm32f10x.o
    0x08003adc   0x000000e0   Code   RO           25    i.SetSysClockTo72   system_stm32f10x.o
    0x08003bbc   0x00000018   Code   RO         3662    i.StrCopy           bsp_calendar.o
    0x08003bd4   0x00000002   Code   RO         3187    i.SysTick_Handler   stm32f10x_it.o
    0x08003bd6   0x00000002   PAD
    0x08003bd8   0x00000060   Code   RO           27    i.SystemInit        system_stm32f10x.o
    0x08003c38   0x00000026   Code   RO         3739    i.Time_Adjust       bsp_rtc.o
    0x08003c5e   0x00000002   PAD
    0x08003c60   0x0000010c   Code   RO         3740    i.Time_Display      bsp_rtc.o
    0x08003d6c   0x000002ac   Code   RO         3741    i.Time_Regulate     bsp_rtc.o
    0x08004018   0x00000024   Code   RO         3742    i.Time_Show         bsp_rtc.o
    0x0800403c   0x00000018   Code   RO         2878    i.USART_Cmd         stm32f10x_usart.o
    0x08004054   0x00000084   Code   RO         3284    i.USART_Config      bsp_usart.o
    0x080040d8   0x0000001a   Code   RO         2881    i.USART_GetFlagStatus  stm32f10x_usart.o
    0x080040f2   0x00000002   PAD
    0x080040f4   0x000000d8   Code   RO         2885    i.USART_Init        stm32f10x_usart.o
    0x080041cc   0x0000000a   Code   RO         2892    i.USART_ReceiveData  stm32f10x_usart.o
    0x080041d6   0x00000002   PAD
    0x080041d8   0x000000d8   Code   RO         3743    i.USART_Scanf       bsp_rtc.o
    0x080042b0   0x00000008   Code   RO         2895    i.USART_SendData    stm32f10x_usart.o
    0x080042b8   0x0000001e   Code   RO         3286    i.USART_sent        bsp_usart.o
    0x080042d6   0x00000004   Code   RO         3188    i.UsageFault_Handler  stm32f10x_it.o
    0x080042da   0x00000002   PAD
    0x080042dc   0x00000020   Code   RO         4528    i.__0printf$3       mc_w.l(printf3.o)
    0x080042fc   0x00000028   Code   RO         4530    i.__0sprintf$3      mc_w.l(printf3.o)
    0x08004324   0x00000028   Code   RO         4783    i.__ARM_fpclassify  m_ws.l(fpclassify.o)
    0x0800434c   0x00000388   Code   RO         4731    i.__ieee754_rem_pio2  m_ws.l(rred.o)
    0x080046d4   0x000000fc   Code   RO         4714    i.__kernel_cos      m_ws.l(cos_i.o)
    0x080047d0   0x000000aa   Code   RO         4785    i.__kernel_poly     m_ws.l(poly.o)
    0x0800487a   0x00000002   PAD
    0x0800487c   0x000000ec   Code   RO         4736    i.__kernel_sin      m_ws.l(sin_i.o)
    0x08004968   0x00000006   Code   RO         4718    i.__mathlib_dbl_infnan  m_ws.l(dunder.o)
    0x0800496e   0x0000000c   Code   RO         4720    i.__mathlib_dbl_invalid  m_ws.l(dunder.o)
    0x0800497a   0x00000002   PAD
    0x0800497c   0x00000010   Code   RO         4723    i.__mathlib_dbl_underflow  m_ws.l(dunder.o)
    0x0800498c   0x0000000e   Code   RO         4797    i.__scatterload_copy  mc_w.l(handlers.o)
    0x0800499a   0x00000002   Code   RO         4798    i.__scatterload_null  mc_w.l(handlers.o)
    0x0800499c   0x0000000e   Code   RO         4799    i.__scatterload_zeroinit  mc_w.l(handlers.o)
    0x080049aa   0x00000002   PAD
    0x080049ac   0x0000000c   Code   RO         4769    i.__set_errno       mc_w.l(errno.o)
    0x080049b8   0x000001b8   Code   RO         4535    i._printf_core      mc_w.l(printf3.o)
    0x08004b70   0x0000000a   Code   RO         4537    i._sputc            mc_w.l(printf3.o)
    0x08004b7a   0x00000002   PAD
    0x08004b7c   0x00000090   Code   RO         4183    i.check_fs          ff.o
    0x08004c0c   0x00000014   Code   RO         4184    i.chk_chr           ff.o
    0x08004c20   0x00000394   Code   RO         4185    i.chk_mounted       ff.o
    0x08004fb4   0x0000001a   Code   RO         4186    i.clust2sect        ff.o
    0x08004fce   0x00000002   PAD
    0x08004fd0   0x00000090   Code   RO         4187    i.cmp_lfn           ff.o
    0x08005060   0x0000009c   Code   RO         4415    i.cos               m_ws.l(cos.o)
    0x080050fc   0x000000ca   Code   RO         4188    i.create_chain      ff.o
    0x080051c6   0x00000002   PAD
    0x080051c8   0x00000270   Code   RO         4189    i.create_name       ff.o
    0x08005438   0x000000de   Code   RO         4190    i.dir_find          ff.o
    0x08005516   0x00000118   Code   RO         4191    i.dir_next          ff.o
    0x0800562e   0x0000018c   Code   RO         4193    i.dir_register      ff.o
    0x080057ba   0x0000009c   Code   RO         4194    i.dir_sdi           ff.o
    0x08005856   0x0000001a   Code   RO         4129    i.disk_initialize   diskio.o
    0x08005870   0x00000006   Code   RO         4130    i.disk_ioctl        diskio.o
    0x08005876   0x00000002   PAD
    0x08005878   0x00000094   Code   RO         4131    i.disk_read         diskio.o
    0x0800590c   0x00000006   Code   RO         4132    i.disk_status       diskio.o
    0x08005912   0x00000002   PAD
    0x08005914   0x00000094   Code   RO         4133    i.disk_write        diskio.o
    0x080059a8   0x00000016   Code   RO         4195    i.f_close           ff.o
    0x080059be   0x000001b0   Code   RO         4196    i.f_lseek           ff.o
    0x08005b6e   0x00000002   PAD
    0x08005b70   0x0000002c   Code   RO         4197    i.f_mount           ff.o
    0x08005b9c   0x00000174   Code   RO         4198    i.f_open            ff.o
    0x08005d10   0x000001ce   Code   RO         4200    i.f_read            ff.o
    0x08005ede   0x000000b8   Code   RO         4202    i.f_sync            ff.o
    0x08005f96   0x00000002   PAD
    0x08005f98   0x0000007c   Code   RO         4385    i.ff_convert        cc936.o
    0x08006014   0x00000038   Code   RO         4386    i.ff_wtoupper       cc936.o
    0x0800604c   0x00000080   Code   RO         4204    i.fit_lfn           ff.o
    0x080060cc   0x0000009e   Code   RO         4205    i.follow_path       ff.o
    0x0800616a   0x00000002   PAD
    0x0800616c   0x00000024   Code   RO         3288    i.fputc             bsp_usart.o
    0x08006190   0x000000be   Code   RO         4206    i.gen_numname       ff.o
    0x0800624e   0x000000e4   Code   RO         4207    i.get_fat           ff.o
    0x08006332   0x00000004   Code   RO         4134    i.get_fattime       diskio.o
    0x08006336   0x00000002   PAD
    0x08006338   0x00000078   Code   RO         3108    i.main              main.o
    0x080063b0   0x00000026   Code   RO         4209    i.mem_cmp           ff.o
    0x080063d6   0x0000001a   Code   RO         4210    i.mem_cpy           ff.o
    0x080063f0   0x00000014   Code   RO         4211    i.mem_set           ff.o
    0x08006404   0x00000080   Code   RO         3710    i.mktimev           bsp_date.o
    0x08006484   0x00000072   Code   RO         4212    i.move_window       ff.o
    0x080064f6   0x00000136   Code   RO         4214    i.put_fat           ff.o
    0x0800662c   0x00000068   Code   RO         4215    i.remove_chain      ff.o
    0x08006694   0x00000002   Code   RO         3801    i.showBmpHead       bsp_bmp.o
    0x08006696   0x00000002   Code   RO         3802    i.showBmpInforHead  bsp_bmp.o
    0x08006698   0x000000a0   Code   RO         4423    i.sin               m_ws.l(sin.o)
    0x08006738   0x00000020   Code   RO         4216    i.sum_sfn           ff.o
    0x08006758   0x000000ca   Code   RO         4217    i.sync              ff.o
    0x08006822   0x00000002   PAD
    0x08006824   0x000000cc   Code   RO         3711    i.to_tm             bsp_date.o
    0x080068f0   0x0000002a   Code   RO         4218    i.validate          ff.o
    0x0800691a   0x00003b60   Data   RO         3556    .constdata          fonts.o
    0x0800a47a   0x0000032e   Data   RO         3663    .constdata          bsp_calendar.o
    0x0800a7a8   0x00000030   Data   RO         3712    .constdata          bsp_date.o
    0x0800a7d8   0x0000000d   Data   RO         4219    .constdata          ff.o
    0x0800a7e5   0x00000001   PAD
    0x0800a7e6   0x0002acc8   Data   RO         4387    .constdata          cc936.o
    0x080354ae   0x00000002   PAD
    0x080354b0   0x00000030   Data   RO         4715    .constdata          m_ws.l(cos_i.o)
    0x080354e0   0x000000c8   Data   RO         4733    .constdata          m_ws.l(rred.o)
    0x080355a8   0x00000028   Data   RO         4737    .constdata          m_ws.l(sin_i.o)
    0x080355d0   0x0000014f   Data   RO         3664    .conststring        bsp_calendar.o
    0x0803571f   0x00000001   PAD
    0x08035720   0x00000083   Data   RO         3744    .conststring        bsp_rtc.o
    0x080357a3   0x00000001   PAD
    0x080357a4   0x00000020   Data   RO         4795    Region$$Table       anon$$obj.o


    Execution Region RW_IRAM1 (Base: 0x20000000, Size: 0x000021d8, Max: 0x00010000, ABSOLUTE, COMPRESSED[0x00000124])

    Base Addr    Size         Type   Attr      Idx    E Section Name        Object

    0x20000000   0x00000014   Data   RW         1738    .data               stm32f10x_rcc.o
    0x20000014   0x00000001   Data   RW         3110    .data               main.o
    0x20000015   0x00000003   PAD
    0x20000018   0x00000010   Data   RW         3355    .data               bsp_lcd.o
    0x20000028   0x00000019   Data   RW         3557    .data               fonts.o
    0x20000041   0x00000003   PAD
    0x20000044   0x000000f8   Data   RW         3665    .data               bsp_calendar.o
    0x2000013c   0x00000030   Data   RW         3713    .data               bsp_date.o
    0x2000016c   0x00000054   Data   RW         3745    .data               bsp_rtc.o
    0x200001c0   0x00000001   Data   RW         3804    .data               bsp_bmp.o
    0x200001c1   0x00000003   PAD
    0x200001c4   0x00000014   Data   RW         3940    .data               bsp_sdio_sdcard.o
    0x200001d8   0x00000006   Data   RW         4220    .data               ff.o
    0x200001de   0x00000002   PAD
    0x200001e0   0x00000004   Data   RW         4756    .data               mc_w.l(stdout.o)
    0x200001e4   0x00000004   Data   RW         4770    .data               mc_w.l(errno.o)
    0x200001e8   0x0000001c   Zero   RW         3109    .bss                main.o
    0x20000204   0x00000c68   Zero   RW         3803    .bss                bsp_bmp.o
    0x20000e6c   0x00000ca8   Zero   RW         3849    .bss                bsp_sdfs_app.o
    0x20001b14   0x000000c4   Zero   RW         3939    .bss                bsp_sdio_sdcard.o
    0x20001bd8   0x00000200   Zero   RW         4135    .bss                diskio.o
    0x20001dd8   0x00000400   Zero   RW            1    STACK               startup_stm32f10x_hd.o


==============================================================================

Image component sizes


      Code (inc. data)   RO Data    RW Data    ZI Data      Debug   Object Name

       324         26          0          1       3176       7373   bsp_bmp.o
      1676        110       1149        248          0       6675   bsp_calendar.o
       484         20         48         48          0       2381   bsp_date.o
      3018        184          0         16          0      14929   bsp_lcd.o
       136         10          0          0          0        945   bsp_led.o
      1636        790        131         84          0       5407   bsp_rtc.o
        20          4          0          0       3240       5208   bsp_sdfs_app.o
      4520        342          0         20        196      28293   bsp_sdio_sdcard.o
       432         38          0          0          0       2893   bsp_spi.o
       198         14          0          0          0       1896   bsp_usart.o
       180         18     175304          0          0       2387   cc936.o
         0          0          0          0          0       4520   core_cm3.o
       338          8          0          0        512       5315   diskio.o
      6238         62         13          6          0      25140   ff.o
        84         10      15200         25          0       2067   fonts.o
       120         18          0          1         28       8920   main.o
       132         22          0          0          0       1583   misc.o
        36          8        304          0       1024        836   startup_stm32f10x_hd.o
        72         10          0          0          0       2736   stm32f10x_bkp.o
       156         18          0          0          0       3949   stm32f10x_dma.o
       282          6          0          0          0       1861   stm32f10x_fsmc.o
       286          0          0          0          0       3076   stm32f10x_gpio.o
        74          8          0          0          0       4433   stm32f10x_it.o
        12          6          0          0          0        522   stm32f10x_pwr.o
       480         70          0         20          0       8282   stm32f10x_rcc.o
       260         48          0          0          0       5216   stm32f10x_rtc.o
       372         86          0          0          0       9839   stm32f10x_sdio.o
       112          0          0          0          0       3886   stm32f10x_spi.o
       284          6          0          0          0       4600   stm32f10x_usart.o
       328         28          0          0          0     263873   system_stm32f10x.o

    ----------------------------------------------------------------------
     22330       1970     192186        480       8176     439041   Object Totals
         0          0         32          0          0          0   (incl. Generated)
        40          0          5         11          0          0   (incl. Padding)

    ----------------------------------------------------------------------

      Code (inc. data)   RO Data    RW Data    ZI Data      Debug   Library Member Name

       156          8          0          0          0        104   cos.o
       252         22         48          0          0        124   cos_i.o
        34          6          0          0          0        204   dunder.o
        40          0          0          0          0         68   fpclassify.o
       170          0          0          0          0         96   poly.o
       904         76        200          0          0        140   rred.o
       160         10          0          0          0        108   sin.o
       236         12         40          0          0        128   sin_i.o
        86          0          0          0          0          0   __dczerorl2.o
         0          0          0          0          0          0   entry.o
         0          0          0          0          0          0   entry10a.o
         0          0          0          0          0          0   entry11a.o
         8          4          0          0          0          0   entry2.o
         4          0          0          0          0          0   entry5.o
         0          0          0          0          0          0   entry7b.o
         0          0          0          0          0          0   entry8b.o
         8          4          0          0          0          0   entry9a.o
        12          6          0          4          0         68   errno.o
        30          0          0          0          0          0   handlers.o
        36          8          0          0          0         68   init.o
         0          0          0          0          0          0   iusefp.o
        30          0          0          0          0         68   llshl.o
        36          0          0          0          0         68   llsshr.o
        32          0          0          0          0         68   llushr.o
        36          0          0          0          0         68   memcpya.o
        36          0          0          0          0        108   memseta.o
       522         20          0          0          0        336   printf3.o
         0          0          0          4          0          0   stdout.o
        44          0          0          0          0         80   uidiv.o
        56          0          0          0          0         88   d2f.o
       334          0          0          0          0        148   dadd.o
       222          0          0          0          0        100   ddiv.o
       186          0          0          0          0        176   depilogue.o
        62          0          0          0          0         80   dfixi.o
        50          0          0          0          0         76   dfixui.o
        34          0          0          0          0         76   dflti.o
        26          0          0          0          0         76   dfltui.o
       228          0          0          0          0         96   dmul.o
        46          0          0          0          0         80   dscalb.o
        38          0          0          0          0         68   f2d.o
       110          0          0          0          0        168   fepilogue.o

    ----------------------------------------------------------------------
      4272        176        288          8          0       3136   Library Totals
         8          0          0          0          0          0   (incl. Padding)

    ----------------------------------------------------------------------

      Code (inc. data)   RO Data    RW Data    ZI Data      Debug   Library Name

      1952        134        288          0          0        972   m_ws.l
       920         42          0          8          0        932   mc_w.l
      1392          0          0          0          0       1232   mf_w.l

    ----------------------------------------------------------------------
      4272        176        288          8          0       3136   Library Totals

    ----------------------------------------------------------------------

==============================================================================


      Code (inc. data)   RO Data    RW Data    ZI Data      Debug   

     26602       2146     192474        488       8176     430813   Grand Totals
     26602       2146     192474        292       8176     430813   ELF Image Totals (compressed)
     26602       2146     192474        292          0          0   ROM Totals

==============================================================================

    Total RO  Size (Code + RO Data)               219076 ( 213.94kB)
    Total RW  Size (RW Data + ZI Data)              8664 (   8.46kB)
    Total ROM Size (Code + RO Data + RW Data)     219368 ( 214.23kB)

==============================================================================

