Component: ARM Compiler 5.05 update 2 (build 169) Tool: armlink [4d0f33]

==============================================================================

Section Cross References

    startup_stm32f10x_hd.o(RESET) refers to startup_stm32f10x_hd.o(STACK) for __initial_sp
    startup_stm32f10x_hd.o(RESET) refers to startup_stm32f10x_hd.o(.text) for Reset_Handler
    startup_stm32f10x_hd.o(RESET) refers to stm32f10x_it.o(i.NMI_Handler) for NMI_Handler
    startup_stm32f10x_hd.o(RESET) refers to stm32f10x_it.o(i.HardFault_Handler) for HardFault_Handler
    startup_stm32f10x_hd.o(RESET) refers to stm32f10x_it.o(i.MemManage_Handler) for MemManage_Handler
    startup_stm32f10x_hd.o(RESET) refers to stm32f10x_it.o(i.BusFault_Handler) for BusFault_Handler
    startup_stm32f10x_hd.o(RESET) refers to stm32f10x_it.o(i.UsageFault_Handler) for UsageFault_Handler
    startup_stm32f10x_hd.o(RESET) refers to stm32f10x_it.o(i.SVC_Handler) for SVC_Handler
    startup_stm32f10x_hd.o(RESET) refers to stm32f10x_it.o(i.DebugMon_Handler) for DebugMon_Handler
    startup_stm32f10x_hd.o(RESET) refers to stm32f10x_it.o(i.PendSV_Handler) for PendSV_Handler
    startup_stm32f10x_hd.o(RESET) refers to stm32f10x_it.o(i.SysTick_Handler) for SysTick_Handler
    startup_stm32f10x_hd.o(RESET) refers to stm32f10x_it.o(i.RTC_IRQHandler) for RTC_IRQHandler
    startup_stm32f10x_hd.o(.text) refers to system_stm32f10x.o(i.SystemInit) for SystemInit
    startup_stm32f10x_hd.o(.text) refers to entry.o(.ARM.Collect$$$$00000000) for __main
    system_stm32f10x.o(i.SetSysClock) refers to system_stm32f10x.o(i.SetSysClockTo72) for SetSysClockTo72
    system_stm32f10x.o(i.SystemCoreClockUpdate) refers to system_stm32f10x.o(.data) for SystemCoreClock
    system_stm32f10x.o(i.SystemInit) refers to system_stm32f10x.o(i.SetSysClock) for SetSysClock
    stm32f10x_adc.o(i.ADC_DeInit) refers to stm32f10x_rcc.o(i.RCC_APB2PeriphResetCmd) for RCC_APB2PeriphResetCmd
    stm32f10x_bkp.o(i.BKP_DeInit) refers to stm32f10x_rcc.o(i.RCC_BackupResetCmd) for RCC_BackupResetCmd
    stm32f10x_can.o(i.CAN_DeInit) refers to stm32f10x_rcc.o(i.RCC_APB1PeriphResetCmd) for RCC_APB1PeriphResetCmd
    stm32f10x_can.o(i.CAN_GetITStatus) refers to stm32f10x_can.o(i.CheckITStatus) for CheckITStatus
    stm32f10x_cec.o(i.CEC_DeInit) refers to stm32f10x_rcc.o(i.RCC_APB1PeriphResetCmd) for RCC_APB1PeriphResetCmd
    stm32f10x_dac.o(i.DAC_DeInit) refers to stm32f10x_rcc.o(i.RCC_APB1PeriphResetCmd) for RCC_APB1PeriphResetCmd
    stm32f10x_flash.o(i.FLASH_EnableWriteProtection) refers to stm32f10x_flash.o(i.FLASH_WaitForLastOperation) for FLASH_WaitForLastOperation
    stm32f10x_flash.o(i.FLASH_EraseAllBank1Pages) refers to stm32f10x_flash.o(i.FLASH_WaitForLastBank1Operation) for FLASH_WaitForLastBank1Operation
    stm32f10x_flash.o(i.FLASH_EraseAllPages) refers to stm32f10x_flash.o(i.FLASH_WaitForLastOperation) for FLASH_WaitForLastOperation
    stm32f10x_flash.o(i.FLASH_EraseOptionBytes) refers to stm32f10x_flash.o(i.FLASH_GetReadOutProtectionStatus) for FLASH_GetReadOutProtectionStatus
    stm32f10x_flash.o(i.FLASH_EraseOptionBytes) refers to stm32f10x_flash.o(i.FLASH_WaitForLastOperation) for FLASH_WaitForLastOperation
    stm32f10x_flash.o(i.FLASH_ErasePage) refers to stm32f10x_flash.o(i.FLASH_WaitForLastOperation) for FLASH_WaitForLastOperation
    stm32f10x_flash.o(i.FLASH_ProgramHalfWord) refers to stm32f10x_flash.o(i.FLASH_WaitForLastOperation) for FLASH_WaitForLastOperation
    stm32f10x_flash.o(i.FLASH_ProgramOptionByteData) refers to stm32f10x_flash.o(i.FLASH_WaitForLastOperation) for FLASH_WaitForLastOperation
    stm32f10x_flash.o(i.FLASH_ProgramWord) refers to stm32f10x_flash.o(i.FLASH_WaitForLastOperation) for FLASH_WaitForLastOperation
    stm32f10x_flash.o(i.FLASH_ReadOutProtection) refers to stm32f10x_flash.o(i.FLASH_WaitForLastOperation) for FLASH_WaitForLastOperation
    stm32f10x_flash.o(i.FLASH_UserOptionByteConfig) refers to stm32f10x_flash.o(i.FLASH_WaitForLastOperation) for FLASH_WaitForLastOperation
    stm32f10x_flash.o(i.FLASH_WaitForLastBank1Operation) refers to stm32f10x_flash.o(i.FLASH_GetBank1Status) for FLASH_GetBank1Status
    stm32f10x_flash.o(i.FLASH_WaitForLastOperation) refers to stm32f10x_flash.o(i.FLASH_GetBank1Status) for FLASH_GetBank1Status
    stm32f10x_gpio.o(i.GPIO_AFIODeInit) refers to stm32f10x_rcc.o(i.RCC_APB2PeriphResetCmd) for RCC_APB2PeriphResetCmd
    stm32f10x_gpio.o(i.GPIO_DeInit) refers to stm32f10x_rcc.o(i.RCC_APB2PeriphResetCmd) for RCC_APB2PeriphResetCmd
    stm32f10x_i2c.o(i.I2C_DeInit) refers to stm32f10x_rcc.o(i.RCC_APB1PeriphResetCmd) for RCC_APB1PeriphResetCmd
    stm32f10x_i2c.o(i.I2C_Init) refers to stm32f10x_rcc.o(i.RCC_GetClocksFreq) for RCC_GetClocksFreq
    stm32f10x_pwr.o(i.PWR_DeInit) refers to stm32f10x_rcc.o(i.RCC_APB1PeriphResetCmd) for RCC_APB1PeriphResetCmd
    stm32f10x_rcc.o(i.RCC_GetClocksFreq) refers to stm32f10x_rcc.o(.data) for APBAHBPrescTable
[...]
    Removing stm32f10x_flash.o(i.FLASH_GetReadOutProtectionStatus), (24 bytes).
    Removing stm32f10x_flash.o(i.FLASH_GetStatus), (52 bytes).
    Removing stm32f10x_flash.o(i.FLASH_GetUserOptionByte), (12 bytes).
    Removing stm32f10x_flash.o(i.FLASH_GetWriteProtectionOptionByte), (12 bytes).
    Removing stm32f10x_flash.o(i.FLASH_HalfCycleAccessCmd), (28 bytes).
    Removing stm32f10x_flash.o(i.FLASH_ITConfig), (32 bytes).
    Removing stm32f10x_flash.o(i.FLASH_Lock), (20 bytes).
    Removing stm32f10x_flash.o(i.FLASH_LockBank1), (20 bytes).
    Removing stm32f10x_flash.o(i.FLASH_PrefetchBufferCmd), (28 bytes).
    Removing stm32f10x_flash.o(i.FLASH_ProgramHalfWord), (64 bytes).
    Removing stm32f10x_flash.o(i.FLASH_ProgramOptionByteData), (84 bytes).
    Removing stm32f10x_flash.o(i.FLASH_ProgramWord), (108 bytes).
    Removing stm32f10x_flash.o(i.FLASH_ReadOutProtection), (172 bytes).
    Removing stm32f10x_flash.o(i.FLASH_SetLatency), (24 bytes).
    Removing stm32f10x_flash.o(i.FLASH_Unlock), (24 bytes).
    Removing stm32f10x_flash.o(i.FLASH_UnlockBank1), (24 bytes).
    Removing stm32f10x_flash.o(i.FLASH_UserOptionByteConfig), (104 bytes).
    Removing stm32f10x_flash.o(i.FLASH_WaitForLastBank1Operation), (38 bytes).
    Removing stm32f10x_flash.o(i.FLASH_WaitForLastOperation), (38 bytes).
    Removing stm32f10x_fsmc.o(i.FSMC_ClearFlag), (64 bytes).
    Removing stm32f10x_fsmc.o(i.FSMC_ClearITPendingBit), (72 bytes).
    Removing stm32f10x_fsmc.o(i.FSMC_GetECC), (28 bytes).
    Removing stm32f10x_fsmc.o(i.FSMC_GetFlagStatus), (56 bytes).
    Removing stm32f10x_fsmc.o(i.FSMC_GetITStatus), (68 bytes).
    Removing stm32f10x_fsmc.o(i.FSMC_ITConfig), (128 bytes).
    Removing stm32f10x_fsmc.o(i.FSMC_NANDCmd), (92 bytes).
    Removing stm32f10x_fsmc.o(i.FSMC_NANDDeInit), (68 bytes).
    Removing stm32f10x_fsmc.o(i.FSMC_NANDECCCmd), (92 bytes).
    Removing stm32f10x_fsmc.o(i.FSMC_NANDInit), (136 bytes).
    Removing stm32f10x_fsmc.o(i.FSMC_NANDStructInit), (54 bytes).
    Removing stm32f10x_fsmc.o(i.FSMC_NORSRAMDeInit), (54 bytes).
    Removing stm32f10x_fsmc.o(i.FSMC_NORSRAMStructInit), (114 bytes).
    Removing stm32f10x_fsmc.o(i.FSMC_PCCARDCmd), (48 bytes).
    Removing stm32f10x_fsmc.o(i.FSMC_PCCARDDeInit), (40 bytes).
    Removing stm32f10x_fsmc.o(i.FSMC_PCCARDInit), (132 bytes).
    Removing stm32f10x_fsmc.o(i.FSMC_PCCARDStructInit), (60 bytes).
    Removing stm32f10x_gpio.o(i.GPIO_AFIODeInit), (20 bytes).
    Removing stm32f10x_gpio.o(i.GPIO_DeInit), (200 bytes).
    Removing stm32f10x_gpio.o(i.GPIO_ETH_MediaInterfaceConfig), (12 bytes).
    Removing stm32f10x_gpio.o(i.GPIO_EXTILineConfig), (64 bytes).
    Removing stm32f10x_gpio.o(i.GPIO_EventOutputCmd), (12 bytes).
    Removing stm32f10x_gpio.o(i.GPIO_EventOutputConfig), (32 bytes).
    Removing stm32f10x_gpio.o(i.GPIO_PinLockConfig), (18 bytes).
    Removing stm32f10x_gpio.o(i.GPIO_PinRemapConfig), (144 bytes).
    Removing stm32f10x_gpio.o(i.GPIO_ReadInputData), (8 bytes).
    Removing stm32f10x_gpio.o(i.GPIO_ReadInputDataBit), (18 bytes).
    Removing stm32f10x_gpio.o(i.GPIO_ReadOutputData), (8 bytes).
    Removing stm32f10x_gpio.o(i.GPIO_ReadOutputDataBit), (18 bytes).
    Removing stm32f10x_gpio.o(i.GPIO_StructInit), (16 bytes).
    Removing stm32f10x_gpio.o(i.GPIO_Write), (4 bytes).
    Removing stm32f10x_gpio.o(i.GPIO_WriteBit), (10 bytes).
    Removing stm32f10x_i2c.o(i.I2C_ARPCmd), (24 bytes).
    Removing stm32f10x_i2c.o(i.I2C_AcknowledgeConfig), (24 bytes).
    Removing stm32f10x_i2c.o(i.I2C_CalculatePEC), (24 bytes).
    Removing stm32f10x_i2c.o(i.I2C_CheckEvent), (42 bytes).
    Removing stm32f10x_i2c.o(i.I2C_ClearFlag), (12 bytes).
    Removing stm32f10x_i2c.o(i.I2C_ClearITPendingBit), (12 bytes).
    Removing stm32f10x_i2c.o(i.I2C_Cmd), (24 bytes).
    Removing stm32f10x_i2c.o(i.I2C_DMACmd), (24 bytes).
    Removing stm32f10x_i2c.o(i.I2C_DMALastTransferCmd), (24 bytes).
    Removing stm32f10x_i2c.o(i.I2C_DeInit), (56 bytes).
    Removing stm32f10x_i2c.o(i.I2C_DualAddressCmd), (24 bytes).
    Removing stm32f10x_i2c.o(i.I2C_FastModeDutyCycleConfig), (28 bytes).
    Removing stm32f10x_i2c.o(i.I2C_GeneralCallCmd), (24 bytes).
    Removing stm32f10x_i2c.o(i.I2C_GenerateSTART), (24 bytes).
    Removing stm32f10x_i2c.o(i.I2C_GenerateSTOP), (24 bytes).
    Removing stm32f10x_i2c.o(i.I2C_GetFlagStatus), (58 bytes).
    Removing stm32f10x_i2c.o(i.I2C_GetITStatus), (38 bytes).
    Removing stm32f10x_i2c.o(i.I2C_GetLastEvent), (26 bytes).
    Removing stm32f10x_i2c.o(i.I2C_GetPEC), (8 bytes).
    Removing stm32f10x_i2c.o(i.I2C_ITConfig), (18 bytes).
    Removing stm32f10x_i2c.o(i.I2C_Init), (236 bytes).
    Removing stm32f10x_i2c.o(i.I2C_NACKPositionConfig), (28 bytes).
    Removing stm32f10x_i2c.o(i.I2C_OwnAddress2Config), (22 bytes).
    Removing stm32f10x_i2c.o(i.I2C_PECPositionConfig), (28 bytes).
    Removing stm32f10x_i2c.o(i.I2C_ReadRegister), (22 bytes).
    Removing stm32f10x_i2c.o(i.I2C_ReceiveData), (8 bytes).
    Removing stm32f10x_i2c.o(i.I2C_SMBusAlertConfig), (28 bytes).
    Removing stm32f10x_i2c.o(i.I2C_Send7bitAddress), (18 bytes).
    Removing stm32f10x_i2c.o(i.I2C_SendData), (4 bytes).
    Removing stm32f10x_i2c.o(i.I2C_SoftwareResetCmd), (22 bytes).
    Removing stm32f10x_i2c.o(i.I2C_StretchClockCmd), (24 bytes).
    Removing stm32f10x_i2c.o(i.I2C_StructInit), (30 bytes).
    Removing stm32f10x_i2c.o(i.I2C_TransmitPEC), (24 bytes).
    Removing stm32f10x_iwdg.o(i.IWDG_Enable), (16 bytes).
    Removing stm32f10x_iwdg.o(i.IWDG_GetFlagStatus), (24 bytes).
    Removing stm32f10x_iwdg.o(i.IWDG_ReloadCounter), (16 bytes).
    Removing stm32f10x_iwdg.o(i.IWDG_SetPrescaler), (12 bytes).
    Removing stm32f10x_iwdg.o(i.IWDG_SetReload), (12 bytes).
    Removing stm32f10x_iwdg.o(i.IWDG_WriteAccessCmd), (12 bytes).
    Removing stm32f10x_pwr.o(i.PWR_ClearFlag), (20 bytes).
    Removing stm32f10x_pwr.o(i.PWR_DeInit), (22 bytes).
    Removing stm32f10x_pwr.o(i.PWR_EnterSTANDBYMode), (52 bytes).
    Removing stm32f10x_pwr.o(i.PWR_EnterSTOPMode), (64 bytes).
    Removing stm32f10x_pwr.o(i.PWR_GetFlagStatus), (24 bytes).
    Removing stm32f10x_pwr.o(i.PWR_PVDCmd), (12 bytes).
    Removing stm32f10x_pwr.o(i.PWR_PVDLevelConfig), (24 bytes).
    Removing stm32f10x_pwr.o(i.PWR_WakeUpPinCmd), (12 bytes).
    Removing stm32f10x_rcc.o(i.RCC_ADCCLKConfig), (24 bytes).
    Removing stm32f10x_rcc.o(i.RCC_APB1PeriphResetCmd), (32 bytes).
    Removing stm32f10x_rcc.o(i.RCC_APB2PeriphResetCmd), (32 bytes).
    Removing stm32f10x_rcc.o(i.RCC_AdjustHSICalibrationValue), (24 bytes).
    Removing stm32f10x_rcc.o(i.RCC_ClearITPendingBit), (12 bytes).
    Removing stm32f10x_rcc.o(i.RCC_ClockSecuritySystemCmd), (12 bytes).
    Removing stm32f10x_rcc.o(i.RCC_DeInit), (76 bytes).
    Removing stm32f10x_rcc.o(i.RCC_GetITStatus), (24 bytes).
    Removing stm32f10x_rcc.o(i.RCC_GetSYSCLKSource), (16 bytes).
    Removing stm32f10x_rcc.o(i.RCC_HCLKConfig), (24 bytes).
    Removing stm32f10x_rcc.o(i.RCC_HSEConfig), (76 bytes).
    Removing stm32f10x_rcc.o(i.RCC_HSICmd), (12 bytes).
    Removing stm32f10x_rcc.o(i.RCC_ITConfig), (32 bytes).
    Removing stm32f10x_rcc.o(i.RCC_LSICmd), (12 bytes).
    Removing stm32f10x_rcc.o(i.RCC_MCOConfig), (12 bytes).
    Removing stm32f10x_rcc.o(i.RCC_PCLK1Config), (24 bytes).
    Removing stm32f10x_rcc.o(i.RCC_PCLK2Config), (24 bytes).
    Removing stm32f10x_rcc.o(i.RCC_PLLCmd), (12 bytes).
    Removing stm32f10x_rcc.o(i.RCC_PLLConfig), (28 bytes).
    Removing stm32f10x_rcc.o(i.RCC_SYSCLKConfig), (24 bytes).
    Removing stm32f10x_rcc.o(i.RCC_USBCLKConfig), (12 bytes).
    Removing stm32f10x_rcc.o(i.RCC_WaitForHSEStartUp), (56 bytes).
    Removing stm32f10x_rtc.o(i.RTC_ClearFlag), (16 bytes).
    Removing stm32f10x_rtc.o(i.RTC_GetDivider), (24 bytes).
    Removing stm32f10x_rtc.o(i.RTC_GetFlagStatus), (24 bytes).
    Removing stm32f10x_rtc.o(i.RTC_SetAlarm), (28 bytes).
    Removing stm32f10x_sdio.o(i.SDIO_CEATAITCmd), (16 bytes).
    Removing stm32f10x_sdio.o(i.SDIO_ClearFlag), (12 bytes).
    Removing stm32f10x_sdio.o(i.SDIO_ClearITPendingBit), (12 bytes).
    Removing stm32f10x_sdio.o(i.SDIO_ClockCmd), (12 bytes).
    Removing stm32f10x_sdio.o(i.SDIO_CmdStructInit), (14 bytes).
    Removing stm32f10x_sdio.o(i.SDIO_CommandCompletionCmd), (12 bytes).
    Removing stm32f10x_sdio.o(i.SDIO_DMACmd), (12 bytes).
    Removing stm32f10x_sdio.o(i.SDIO_DataConfig), (48 bytes).
    Removing stm32f10x_sdio.o(i.SDIO_DataStructInit), (20 bytes).
    Removing stm32f10x_sdio.o(i.SDIO_DeInit), (36 bytes).
    Removing stm32f10x_sdio.o(i.SDIO_GetCommandResponse), (12 bytes).
    Removing stm32f10x_sdio.o(i.SDIO_GetDataCounter), (12 bytes).
    Removing stm32f10x_sdio.o(i.SDIO_GetFIFOCount), (12 bytes).
    Removing stm32f10x_sdio.o(i.SDIO_GetFlagStatus), (24 bytes).
    Removing stm32f10x_sdio.o(i.SDIO_GetITStatus), (24 bytes).
    Removing stm32f10x_sdio.o(i.SDIO_GetPowerState), (16 bytes).
    Removing stm32f10x_sdio.o(i.SDIO_GetResponse), (24 bytes).
    Removing stm32f10x_sdio.o(i.SDIO_ITConfig), (32 bytes).
    Removing stm32f10x_sdio.o(i.SDIO_Init), (48 bytes).
    Removing stm32f10x_sdio.o(i.SDIO_ReadData), (12 bytes).
    Removing stm32f10x_sdio.o(i.SDIO_SendCEATACmd), (12 bytes).
    Removing stm32f10x_sdio.o(i.SDIO_SendCommand), (44 bytes).
    Removing stm32f10x_sdio.o(i.SDIO_SendSDIOSuspendCmd), (12 bytes).
    Removing stm32f10x_sdio.o(i.SDIO_SetPowerState), (28 bytes).
    Removing stm32f10x_sdio.o(i.SDIO_SetSDIOOperation), (12 bytes).
    Removing stm32f10x_sdio.o(i.SDIO_SetSDIOReadWaitMode), (12 bytes).
    Removing stm32f10x_sdio.o(i.SDIO_StartSDIOReadWait), (12 bytes).
    Removing stm32f10x_sdio.o(i.SDIO_StopSDIOReadWait), (12 bytes).
    Removing stm32f10x_sdio.o(i.SDIO_StructInit), (16 bytes).
    Removing stm32f10x_sdio.o(i.SDIO_WriteData), (12 bytes).
    Removing stm32f10x_spi.o(i.I2S_Cmd), (24 bytes).
    Removing stm32f10x_spi.o(i.I2S_Init), (232 bytes).
    Removing stm32f10x_spi.o(i.I2S_StructInit), (20 bytes).
    Removing stm32f10x_spi.o(i.SPI_BiDirectionalLineConfig), (28 bytes).
    Removing stm32f10x_spi.o(i.SPI_CalculateCRC), (24 bytes).
    Removing stm32f10x_spi.o(i.SPI_DataSizeConfig), (18 bytes).
    Removing stm32f10x_spi.o(i.SPI_GetCRC), (16 bytes).
    Removing stm32f10x_spi.o(i.SPI_GetCRCPolynomial), (6 bytes).
    Removing stm32f10x_spi.o(i.SPI_I2S_ClearFlag), (6 bytes).
    Removing stm32f10x_spi.o(i.SPI_I2S_ClearITPendingBit), (20 bytes).
    Removing stm32f10x_spi.o(i.SPI_I2S_DMACmd), (18 bytes).
    Removing stm32f10x_spi.o(i.SPI_I2S_DeInit), (88 bytes).
    Removing stm32f10x_spi.o(i.SPI_I2S_GetITStatus), (52 bytes).
    Removing stm32f10x_spi.o(i.SPI_I2S_ITConfig), (32 bytes).
    Removing stm32f10x_spi.o(i.SPI_NSSInternalSoftwareConfig), (30 bytes).
    Removing stm32f10x_spi.o(i.SPI_SSOutputCmd), (24 bytes).
    Removing stm32f10x_spi.o(i.SPI_StructInit), (24 bytes).
    Removing stm32f10x_spi.o(i.SPI_TransmitCRC), (10 bytes).
    Removing stm32f10x_tim.o(i.TI1_Config), (128 bytes).
    Removing stm32f10x_tim.o(i.TI2_Config), (152 bytes).
    Removing stm32f10x_tim.o(i.TI3_Config), (144 bytes).
    Removing stm32f10x_tim.o(i.TI4_Config), (152 bytes).
    Removing stm32f10x_tim.o(i.TIM_ARRPreloadConfig), (24 bytes).
    Removing stm32f10x_tim.o(i.TIM_BDTRConfig), (32 bytes).
    Removing stm32f10x_tim.o(i.TIM_BDTRStructInit), (18 bytes).
    Removing stm32f10x_tim.o(i.TIM_CCPreloadControl), (24 bytes).
    Removing stm32f10x_tim.o(i.TIM_CCxCmd), (30 bytes).
    Removing stm32f10x_tim.o(i.TIM_CCxNCmd), (30 bytes).
    Removing stm32f10x_tim.o(i.TIM_ClearFlag), (6 bytes).
    Removing stm32f10x_tim.o(i.TIM_ClearITPendingBit), (6 bytes).
    Removing stm32f10x_tim.o(i.TIM_ClearOC1Ref), (18 bytes).
    Removing stm32f10x_tim.o(i.TIM_ClearOC2Ref), (24 bytes).
    Removing stm32f10x_tim.o(i.TIM_ClearOC3Ref), (18 bytes).
    Removing stm32f10x_tim.o(i.TIM_ClearOC4Ref), (24 bytes).
    Removing stm32f10x_tim.o(i.TIM_Cmd), (24 bytes).
    Removing stm32f10x_tim.o(i.TIM_CounterModeConfig), (18 bytes).
    Removing stm32f10x_tim.o(i.TIM_CtrlPWMOutputs), (30 bytes).
    Removing stm32f10x_tim.o(i.TIM_DMACmd), (18 bytes).
    Removing stm32f10x_tim.o(i.TIM_DMAConfig), (10 bytes).
    Removing stm32f10x_tim.o(i.TIM_DeInit), (488 bytes).
    Removing stm32f10x_tim.o(i.TIM_ETRClockMode1Config), (54 bytes).
    Removing stm32f10x_tim.o(i.TIM_ETRClockMode2Config), (32 bytes).
    Removing stm32f10x_tim.o(i.TIM_ETRConfig), (28 bytes).
    Removing stm32f10x_tim.o(i.TIM_EncoderInterfaceConfig), (66 bytes).
    Removing stm32f10x_tim.o(i.TIM_ForcedOC1Config), (18 bytes).
    Removing stm32f10x_tim.o(i.TIM_ForcedOC2Config), (26 bytes).
    Removing stm32f10x_tim.o(i.TIM_ForcedOC3Config), (18 bytes).
    Removing stm32f10x_tim.o(i.TIM_ForcedOC4Config), (26 bytes).
    Removing stm32f10x_tim.o(i.TIM_GenerateEvent), (4 bytes).
    Removing stm32f10x_tim.o(i.TIM_GetCapture1), (6 bytes).
    Removing stm32f10x_tim.o(i.TIM_GetCapture2), (6 bytes).
    Removing stm32f10x_tim.o(i.TIM_GetCapture3), (6 bytes).
    Removing stm32f10x_tim.o(i.TIM_GetCapture4), (8 bytes).
    Removing stm32f10x_tim.o(i.TIM_GetCounter), (6 bytes).
    Removing stm32f10x_tim.o(i.TIM_GetFlagStatus), (18 bytes).
    Removing stm32f10x_tim.o(i.TIM_GetITStatus), (34 bytes).
    Removing stm32f10x_tim.o(i.TIM_GetPrescaler), (6 bytes).
    Removing stm32f10x_tim.o(i.TIM_ICInit), (172 bytes).
    Removing stm32f10x_tim.o(i.TIM_ICStructInit), (18 bytes).
    Removing stm32f10x_tim.o(i.TIM_ITConfig), (18 bytes).
    Removing stm32f10x_tim.o(i.TIM_ITRxExternalClockConfig), (24 bytes).
    Removing stm32f10x_tim.o(i.TIM_InternalClockConfig), (12 bytes).
    Removing stm32f10x_tim.o(i.TIM_OC1FastConfig), (18 bytes).
    Removing stm32f10x_tim.o(i.TIM_OC1Init), (152 bytes).
    Removing stm32f10x_tim.o(i.TIM_OC1NPolarityConfig), (18 bytes).
    Removing stm32f10x_tim.o(i.TIM_OC1PolarityConfig), (18 bytes).
    Removing stm32f10x_tim.o(i.TIM_OC1PreloadConfig), (18 bytes).
    Removing stm32f10x_tim.o(i.TIM_OC2FastConfig), (26 bytes).
    Removing stm32f10x_tim.o(i.TIM_OC2Init), (164 bytes).
    Removing stm32f10x_tim.o(i.TIM_OC2NPolarityConfig), (26 bytes).
    Removing stm32f10x_tim.o(i.TIM_OC2PolarityConfig), (26 bytes).
    Removing stm32f10x_tim.o(i.TIM_OC2PreloadConfig), (26 bytes).
    Removing stm32f10x_tim.o(i.TIM_OC3FastConfig), (18 bytes).
    Removing stm32f10x_tim.o(i.TIM_OC3Init), (160 bytes).
    Removing stm32f10x_tim.o(i.TIM_OC3NPolarityConfig), (26 bytes).
    Removing stm32f10x_tim.o(i.TIM_OC3PolarityConfig), (26 bytes).
    Removing stm32f10x_tim.o(i.TIM_OC3PreloadConfig), (18 bytes).
    Removing stm32f10x_tim.o(i.TIM_OC4FastConfig), (26 bytes).
    Removing stm32f10x_tim.o(i.TIM_OC4Init), (124 bytes).
    Removing stm32f10x_tim.o(i.TIM_OC4PolarityConfig), (26 bytes).
    Removing stm32f10x_tim.o(i.TIM_OC4PreloadConfig), (26 bytes).
    Removing stm32f10x_tim.o(i.TIM_OCStructInit), (20 bytes).
    Removing stm32f10x_tim.o(i.TIM_PWMIConfig), (124 bytes).
    Removing stm32f10x_tim.o(i.TIM_PrescalerConfig), (6 bytes).
    Removing stm32f10x_tim.o(i.TIM_SelectCCDMA), (24 bytes).
    Removing stm32f10x_tim.o(i.TIM_SelectCOM), (24 bytes).
    Removing stm32f10x_tim.o(i.TIM_SelectHallSensor), (24 bytes).
    Removing stm32f10x_tim.o(i.TIM_SelectInputTrigger), (18 bytes).
    Removing stm32f10x_tim.o(i.TIM_SelectMasterSlaveMode), (18 bytes).
    Removing stm32f10x_tim.o(i.TIM_SelectOCxM), (82 bytes).
    Removing stm32f10x_tim.o(i.TIM_SelectOnePulseMode), (18 bytes).
    Removing stm32f10x_tim.o(i.TIM_SelectOutputTrigger), (18 bytes).
    Removing stm32f10x_tim.o(i.TIM_SelectSlaveMode), (18 bytes).
    Removing stm32f10x_tim.o(i.TIM_SetAutoreload), (4 bytes).
    Removing stm32f10x_tim.o(i.TIM_SetClockDivision), (18 bytes).
    Removing stm32f10x_tim.o(i.TIM_SetCompare1), (4 bytes).
    Removing stm32f10x_tim.o(i.TIM_SetCompare2), (4 bytes).
    Removing stm32f10x_tim.o(i.TIM_SetCompare3), (4 bytes).
    Removing stm32f10x_tim.o(i.TIM_SetCompare4), (6 bytes).
    Removing stm32f10x_tim.o(i.TIM_SetCounter), (4 bytes).
    Removing stm32f10x_tim.o(i.TIM_SetIC1Prescaler), (18 bytes).
    Removing stm32f10x_tim.o(i.TIM_SetIC2Prescaler), (26 bytes).
    Removing stm32f10x_tim.o(i.TIM_SetIC3Prescaler), (18 bytes).
    Removing stm32f10x_tim.o(i.TIM_SetIC4Prescaler), (26 bytes).
    Removing stm32f10x_tim.o(i.TIM_TIxExternalClockConfig), (62 bytes).
    Removing stm32f10x_tim.o(i.TIM_TimeBaseInit), (164 bytes).
    Removing stm32f10x_tim.o(i.TIM_TimeBaseStructInit), (18 bytes).
    Removing stm32f10x_tim.o(i.TIM_UpdateDisableConfig), (24 bytes).
    Removing stm32f10x_tim.o(i.TIM_UpdateRequestConfig), (24 bytes).
    Removing stm32f10x_usart.o(i.USART_ClearFlag), (18 bytes).
    Removing stm32f10x_usart.o(i.USART_ClearITPendingBit), (30 bytes).
    Removing stm32f10x_usart.o(i.USART_ClockInit), (34 bytes).
    Removing stm32f10x_usart.o(i.USART_ClockStructInit), (12 bytes).
    Removing stm32f10x_usart.o(i.USART_DMACmd), (18 bytes).
    Removing stm32f10x_usart.o(i.USART_DeInit), (156 bytes).
    Removing stm32f10x_usart.o(i.USART_GetITStatus), (84 bytes).
    Removing stm32f10x_usart.o(i.USART_HalfDuplexCmd), (24 bytes).
    Removing stm32f10x_usart.o(i.USART_ITConfig), (74 bytes).
    Removing stm32f10x_usart.o(i.USART_IrDACmd), (24 bytes).
    Removing stm32f10x_usart.o(i.USART_IrDAConfig), (18 bytes).
    Removing stm32f10x_usart.o(i.USART_LINBreakDetectLengthConfig), (18 bytes).
    Removing stm32f10x_usart.o(i.USART_LINCmd), (24 bytes).
    Removing stm32f10x_usart.o(i.USART_OneBitMethodCmd), (24 bytes).
    Removing stm32f10x_usart.o(i.USART_OverSampling8Cmd), (22 bytes).
    Removing stm32f10x_usart.o(i.USART_ReceiverWakeUpCmd), (24 bytes).
    Removing stm32f10x_usart.o(i.USART_SendBreak), (10 bytes).
    Removing stm32f10x_usart.o(i.USART_SetAddress), (18 bytes).
    Removing stm32f10x_usart.o(i.USART_SetGuardTime), (16 bytes).
    Removing stm32f10x_usart.o(i.USART_SetPrescaler), (16 bytes).
    Removing stm32f10x_usart.o(i.USART_SmartCardCmd), (24 bytes).
    Removing stm32f10x_usart.o(i.USART_SmartCardNACKCmd), (24 bytes).
    Removing stm32f10x_usart.o(i.USART_StructInit), (24 bytes).
    Removing stm32f10x_usart.o(i.USART_WakeUpConfig), (18 bytes).
    Removing stm32f10x_wwdg.o(i.WWDG_ClearFlag), (12 bytes).
    Removing stm32f10x_wwdg.o(i.WWDG_DeInit), (22 bytes).
    Removing stm32f10x_wwdg.o(i.WWDG_Enable), (16 bytes).
    Removing stm32f10x_wwdg.o(i.WWDG_EnableIT), (12 bytes).
    Removing stm32f10x_wwdg.o(i.WWDG_GetFlagStatus), (12 bytes).
    Removing stm32f10x_wwdg.o(i.WWDG_SetCounter), (16 bytes).
    Removing stm32f10x_wwdg.o(i.WWDG_SetPrescaler), (24 bytes).
    Removing stm32f10x_wwdg.o(i.WWDG_SetWindowValue), (40 bytes).
    Removing bsp_led.o(i.DelayMS), (30 bytes).
    Removing bsp_led.o(i.Water_Lape), (244 bytes).
    Removing bsp_led.o(.data), (1 bytes).
    Removing bsp_usart.o(i.USART_Sent), (42 bytes).
    Removing bsp_usart.o(i.fgetc), (32 bytes).
    Removing bsp_lcd.o(i.LCD_ClearLine), (32 bytes).
    Removing bsp_lcd.o(i.LCD_DispStringLine_EN), (104 bytes).
    Removing bsp_lcd.o(i.LCD_DispStringLine_EN_CH), (180 bytes).
    Removing bsp_lcd.o(i.LCD_DispString_CH), (96 bytes).
    Removing bsp_lcd.o(i.LCD_DrawLine), (160 bytes).
    Removing bsp_lcd.o(i.LCD_DrawRectangle), (136 bytes).
    Removing bsp_lcd.o(i.LCD_GetFont), (12 bytes).
    Removing bsp_lcd.o(i.LCD_SetCursor), (20 bytes).
    Removing bsp_lcd.o(i.LCD_SetFont), (12 bytes).
    Removing bsp_lcd.o(i.LCD_SetPointPixel), (56 bytes).
    Removing bsp_lcd.o(i.LCD_SetTextColor), (12 bytes).
    Removing bsp_lcd.o(i.Read_Format), (28 bytes).
    Removing bsp_spi.o(i.SPI_Erase), (60 bytes).
    Removing bsp_spi.o(i.SPI_FLASH_BufferWrite), (290 bytes).
    Removing bsp_spi.o(i.SPI_FLASH_PageWrite), (124 bytes).
    Removing bsp_spi.o(i.SPI_FLASH_ReadByte), (60 bytes).
    Removing bsp_spi.o(i.SPI_FLASH_SectorErase), (68 bytes).
    Removing bsp_spi.o(i.SPI_Read_Data), (80 bytes).
    Removing bsp_spi.o(i.SPI_Wite_Erase), (52 bytes).
    Removing bsp_spi.o(i.SPI_Write_Enable), (32 bytes).
    Removing dadd.o(.text), (334 bytes).
    Removing dmul.o(.text), (228 bytes).
    Removing ddiv.o(.text), (222 bytes).
    Removing dfixul.o(.text), (48 bytes).
    Removing cdrcmple.o(.text), (48 bytes).
    Removing depilogue.o(.text), (186 bytes).

466 unused section(s) (total 21013 bytes) removed from the image.

==============================================================================

Image Symbol Table

    Local Symbols

    Symbol Name                              Value     Ov Type        Size  Object(Section)

    ../clib/../cmprslib/zerorunl2.c          0x00000000   Number         0  __dczerorl2.o ABSOLUTE
    ../clib/microlib/division.c              0x00000000   Number         0  uidiv.o ABSOLUTE
    ../clib/microlib/division.c              0x00000000   Number         0  uldiv.o ABSOLUTE
    ../clib/microlib/init/entry.s            0x00000000   Number         0  entry10b.o ABSOLUTE
    ../clib/microlib/init/entry.s            0x00000000   Number         0  entry.o ABSOLUTE
    ../clib/microlib/init/entry.s            0x00000000   Number         0  entry8a.o ABSOLUTE
    ../clib/microlib/init/entry.s            0x00000000   Number         0  entry8b.o ABSOLUTE
    ../clib/microlib/init/entry.s            0x00000000   Number         0  entry2.o ABSOLUTE
    ../clib/microlib/init/entry.s            0x00000000   Number         0  entry5.o ABSOLUTE
    ../clib/microlib/init/entry.s            0x00000000   Number         0  entry7a.o ABSOLUTE
    ../clib/microlib/init/entry.s            0x00000000   Number         0  entry11b.o ABSOLUTE
    ../clib/microlib/init/entry.s            0x00000000   Number         0  entry9a.o ABSOLUTE
    ../clib/microlib/init/entry.s            0x00000000   Number         0  entry7b.o ABSOLUTE
    ../clib/microlib/init/entry.s            0x00000000   Number         0  entry9b.o ABSOLUTE
    ../clib/microlib/init/entry.s            0x00000000   Number         0  entry11a.o ABSOLUTE
    ../clib/microlib/init/entry.s            0x00000000   Number         0  entry10a.o ABSOLUTE
    ../clib/microlib/longlong.c              0x00000000   Number         0  llshl.o ABSOLUTE
    ../clib/microlib/longlong.c              0x00000000   Number         0  llushr.o ABSOLUTE
    ../clib/microlib/longlong.c              0x00000000   Number         0  llsshr.o ABSOLUTE
    ../clib/microlib/printf/printf.c         0x00000000   Number         0  printf6.o ABSOLUTE
    ../clib/microlib/printf/printf.c         0x00000000   Number         0  printf0.o ABSOLUTE
    ../clib/microlib/printf/printf.c         0x00000000   Number         0  printf5.o ABSOLUTE
    ../clib/microlib/printf/printf.c         0x00000000   Number         0  printf4.o ABSOLUTE
    ../clib/microlib/printf/printf.c         0x00000000   Number         0  printf3.o ABSOLUTE
    ../clib/microlib/printf/printf.c         0x00000000   Number         0  printfb.o ABSOLUTE
    ../clib/microlib/printf/printf.c         0x00000000   Number         0  printf2.o ABSOLUTE
    ../clib/microlib/printf/printf.c         0x00000000   Number         0  printfa.o ABSOLUTE
    ../clib/microlib/printf/printf.c         0x00000000   Number         0  printf1.o ABSOLUTE
    ../clib/microlib/printf/printf.c         0x00000000   Number         0  printf8.o ABSOLUTE
    ../clib/microlib/printf/printf.c         0x00000000   Number         0  printf7.o ABSOLUTE
    ../clib/microlib/printf/stubs.s          0x00000000   Number         0  stubs.o ABSOLUTE
    ../clib/microlib/stdio/streams.c         0x00000000   Number         0  stdout.o ABSOLUTE
    ../clib/microlib/string/memcpy.c         0x00000000   Number         0  memcpya.o ABSOLUTE
    ../clib/microlib/string/memcpy.c         0x00000000   Number         0  memcpyb.o ABSOLUTE
    ../clib/microlib/string/memset.c         0x00000000   Number         0  memseta.o ABSOLUTE
    ../clib/microlib/stubs.s                 0x00000000   Number         0  iusefp.o ABSOLUTE
    ../fplib/microlib/fpadd.c                0x00000000   Number         0  dadd.o ABSOLUTE
    ../fplib/microlib/fpdiv.c                0x00000000   Number         0  ddiv.o ABSOLUTE
    ../fplib/microlib/fpepilogue.c           0x00000000   Number         0  depilogue.o ABSOLUTE
    ../fplib/microlib/fpfix.c                0x00000000   Number         0  dfixul.o ABSOLUTE
    ../fplib/microlib/fpmul.c                0x00000000   Number         0  dmul.o ABSOLUTE
    ..\Libraries\CMSIS\core_cm3.c            0x00000000   Number         0  core_cm3.o ABSOLUTE
    ..\Libraries\CMSIS\startup\startup_stm32f10x_hd.s 0x00000000   Number         0  startup_stm32f10x_hd.o ABSOLUTE
    ..\Libraries\CMSIS\system_stm32f10x.c    0x00000000   Number         0  system_stm32f10x.o ABSOLUTE
    ..\Libraries\STM32F10x_StdPeriph_Driver\src\misc.c 0x00000000   Number         0  misc.o ABSOLUTE
    ..\Libraries\STM32F10x_StdPeriph_Driver\src\stm32f10x_adc.c 0x00000000   Number         0  stm32f10x_adc.o ABSOLUTE
    ..\Libraries\STM32F10x_StdPeriph_Driver\src\stm32f10x_bkp.c 0x00000000   Number         0  stm32f10x_bkp.o ABSOLUTE
    ..\Libraries\STM32F10x_StdPeriph_Driver\src\stm32f10x_can.c 0x00000000   Number         0  stm32f10x_can.o ABSOLUTE
    ..\Libraries\STM32F10x_StdPeriph_Driver\src\stm32f10x_cec.c 0x00000000   Number         0  stm32f10x_cec.o ABSOLUTE
    ..\Libraries\STM32F10x_StdPeriph_Driver\src\stm32f10x_crc.c 0x00000000   Number         0  stm32f10x_crc.o ABSOLUTE
    ..\Libraries\STM32F10x_StdPeriph_Driver\src\stm32f10x_dac.c 0x00000000   Number         0  stm32f10x_dac.o ABSOLUTE
    ..\Libraries\STM32F10x_StdPeriph_Driver\src\stm32f10x_dbgmcu.c 0x00000000   Number         0  stm32f10x_dbgmcu.o ABSOLUTE
    ..\Libraries\STM32F10x_StdPeriph_Driver\src\stm32f10x_dma.c 0x00000000   Number         0  stm32f10x_dma.o ABSOLUTE
    ..\Libraries\STM32F10x_StdPeriph_Driver\src\stm32f10x_exti.c 0x00000000   Number         0  stm32f10x_exti.o ABSOLUTE
    ..\Libraries\STM32F10x_StdPeriph_Driver\src\stm32f10x_flash.c 0x00000000   Number         0  stm32f10x_flash.o ABSOLUTE
    ..\Libraries\STM32F10x_StdPeriph_Driver\src\stm32f10x_fsmc.c 0x00000000   Number         0  stm32f10x_fsmc.o ABSOLUTE
    ..\Libraries\STM32F10x_StdPeriph_Driver\src\stm32f10x_gpio.c 0x00000000   Number         0  stm32f10x_gpio.o ABSOLUTE
    ..\Libraries\STM32F10x_StdPeriph_Driver\src\stm32f10x_i2c.c 0x00000000   Number         0  stm32f10x_i2c.o ABSOLUTE
    ..\Libraries\STM32F10x_StdPeriph_Driver\src\stm32f10x_iwdg.c 0x00000000   Number         0  stm32f10x_iwdg.o ABSOLUTE
    ..\Libraries\STM32F10x_StdPeriph_Driver\src\stm32f10x_pwr.c 0x00000000   Number         0  stm32f10x_pwr.o ABSOLUTE
    ..\Libraries\STM32F10x_StdPeriph_Driver\src\stm32f10x_rcc.c 0x00000000   Number         0  stm32f10x_rcc.o ABSOLUTE
    ..\Libraries\STM32F10x_StdPeriph_Driver\src\stm32f10x_rtc.c 0x00000000   Number         0  stm32f10x_rtc.o ABSOLUTE
    ..\Libraries\STM32F10x_StdPeriph_Driver\src\stm32f10x_sdio.c 0x00000000   Number         0  stm32f10x_sdio.o ABSOLUTE
    ..\Libraries\STM32F10x_StdPeriph_Driver\src\stm32f10x_spi.c 0x00000000   Number         0  stm32f10x_spi.o ABSOLUTE
    ..\Libraries\STM32F10x_StdPeriph_Driver\src\stm32f10x_tim.c 0x00000000   Number         0  stm32f10x_tim.o ABSOLUTE
    ..\Libraries\STM32F10x_StdPeriph_Driver\src\stm32f10x_usart.c 0x00000000   Number         0  stm32f10x_usart.o ABSOLUTE
    ..\Libraries\STM32F10x_StdPeriph_Driver\src\stm32f10x_wwdg.c 0x00000000   Number         0  stm32f10x_wwdg.o ABSOLUTE
    ..\User\LCD\bsp_lcd.c                    0x00000000   Number         0  bsp_lcd.o ABSOLUTE
    ..\User\LED\bsp_led.c                    0x00000000   Number         0  bsp_led.o ABSOLUTE
    ..\User\SPI\bsp_spi.c                    0x00000000   Number         0  bsp_spi.o ABSOLUTE
    ..\User\USART\bsp_usart.c                0x00000000   Number         0  bsp_usart.o ABSOLUTE
    ..\User\font\fonts.c                     0x00000000   Number         0  fonts.o ABSOLUTE
    ..\User\main.c                           0x00000000   Number         0  main.o ABSOLUTE
    ..\User\rtc\bsp_calendar.c               0x00000000   Number         0  bsp_calendar.o ABSOLUTE
    ..\User\rtc\bsp_date.c                   0x00000000   Number         0  bsp_date.o ABSOLUTE
    ..\User\rtc\bsp_rtc.c                    0x00000000   Number         0  bsp_rtc.o ABSOLUTE
    ..\User\stm32f10x_it.c                   0x00000000   Number         0  stm32f10x_it.o ABSOLUTE
    ..\\Libraries\\CMSIS\\core_cm3.c         0x00000000   Number         0  core_cm3.o ABSOLUTE
    cdrcmple.s                               0x00000000   Number         0  cdrcmple.o ABSOLUTE
    dc.s                                     0x00000000   Number         0  dc.o ABSOLUTE
    handlers.s                               0x00000000   Number         0  handlers.o ABSOLUTE
    init.s                                   0x00000000   Number         0  init.o ABSOLUTE
    RESET                                    0x08000000   Section      304  startup_stm32f10x_hd.o(RESET)
    .ARM.Collect$$$$00000000                 0x08000130   Section        0  entry.o(.ARM.Collect$$$$00000000)
    .ARM.Collect$$$$00000001                 0x08000130   Section        4  entry2.o(.ARM.Collect$$$$00000001)
    .ARM.Collect$$$$00000004                 0x08000134   Section        4  entry5.o(.ARM.Collect$$$$00000004)
    .ARM.Collect$$$$00000008                 0x08000138   Section        0  entry7b.o(.ARM.Collect$$$$00000008)
    .ARM.Collect$$$$0000000A                 0x08000138   Section        0  entry8b.o(.ARM.Collect$$$$0000000A)
    .ARM.Collect$$$$0000000B                 0x08000138   Section        8  entry9a.o(.ARM.Collect$$$$0000000B)
    .ARM.Collect$$$$0000000D                 0x08000140   Section        0  entry10a.o(.ARM.Collect$$$$0000000D)
    .ARM.Collect$$$$0000000F                 0x08000140   Section        0  entry11a.o(.ARM.Collect$$$$0000000F)
    .ARM.Collect$$$$00002712                 0x08000140   Section        4  entry2.o(.ARM.Collect$$$$00002712)
    __lit__00000000                          0x08000140   Data           4  entry2.o(.ARM.Collect$$$$00002712)
    .text                                    0x08000144   Section       36  startup_stm32f10x_hd.o(.text)
    .text                                    0x08000168   Section        0  memcpya.o(.text)
    .text                                    0x0800018c   Section        0  memseta.o(.text)
    .text                                    0x080001b0   Section        0  uidiv.o(.text)
    .text                                    0x080001dc   Section       36  init.o(.text)
    .text                                    0x08000200   Section        0  __dczerorl2.o(.text)
    i.BEEP_GPIO_Config                       0x08000258   Section        0  bsp_led.o(i.BEEP_GPIO_Config)
    i.BKP_DeInit                             0x0800028c   Section        0  stm32f10x_bkp.o(i.BKP_DeInit)
    i.BKP_ReadBackupRegister                 0x0800029c   Section        0  stm32f10x_bkp.o(i.BKP_ReadBackupRegister)
    i.BKP_WriteBackupRegister                0x080002b8   Section        0  stm32f10x_bkp.o(i.BKP_WriteBackupRegister)
    i.BusFault_Handler                       0x080002d4   Section        0  stm32f10x_it.o(i.BusFault_Handler)
    i.DebugMon_Handler                       0x080002d8   Section        0  stm32f10x_it.o(i.DebugMon_Handler)
    i.Delay                                  0x080002da   Section        0  bsp_lcd.o(i.Delay)
    i.FSMC_NORSRAMCmd                        0x080002ec   Section        0  stm32f10x_fsmc.o(i.FSMC_NORSRAMCmd)
    i.FSMC_NORSRAMInit                       0x08000320   Section        0  stm32f10x_fsmc.o(i.FSMC_NORSRAMInit)
    i.GPIO_Init                              0x08000406   Section        0  stm32f10x_gpio.o(i.GPIO_Init)
    i.GPIO_ResetBits                         0x0800051c   Section        0  stm32f10x_gpio.o(i.GPIO_ResetBits)
    i.GPIO_SPI_Config                        0x08000520   Section        0  bsp_spi.o(i.GPIO_SPI_Config)
    GPIO_SPI_Config                          0x08000521   Thumb Code   140  bsp_spi.o(i.GPIO_SPI_Config)
    i.GPIO_SetBits                           0x080005b4   Section        0  stm32f10x_gpio.o(i.GPIO_SetBits)
    i.GetChinaCalendar                       0x080005b8   Section        0  bsp_calendar.o(i.GetChinaCalendar)
    i.GetChinaCalendarStr                    0x080007c0   Section        0  bsp_calendar.o(i.GetChinaCalendarStr)
    i.GetGBKCode_from_EXFlash                0x080008e8   Section        0  fonts.o(i.GetGBKCode_from_EXFlash)
    i.GetJieQi                               0x0800093c   Section        0  bsp_calendar.o(i.GetJieQi)
    i.GetJieQiStr                            0x080009e4   Section        0  bsp_calendar.o(i.GetJieQiStr)
    i.GetMoonDay                             0x08000b28   Section        0  bsp_calendar.o(i.GetMoonDay)
    i.GetSkyEarth                            0x08000c48   Section        0  bsp_calendar.o(i.GetSkyEarth)
    i.GregorianDay                           0x08000c80   Section        0  bsp_date.o(i.GregorianDay)
    i.HardFault_Handler                      0x08000d18   Section        0  stm32f10x_it.o(i.HardFault_Handler)
    i.ILI9341_BackLed_Control                0x08000d1c   Section        0  bsp_lcd.o(i.ILI9341_BackLed_Control)
    i.ILI9341_Rst                            0x08000d40   Section        0  bsp_lcd.o(i.ILI9341_Rst)
    i.LCD_Clear                              0x08000d68   Section        0  bsp_lcd.o(i.LCD_Clear)
    i.LCD_DispChar_CH                        0x08000d94   Section        0  bsp_lcd.o(i.LCD_DispChar_CH)
    i.LCD_DispChar_EN                        0x08000e18   Section        0  bsp_lcd.o(i.LCD_DispChar_EN)
    i.LCD_DispString_EN_CH                   0x08000eb0   Section        0  bsp_lcd.o(i.LCD_DispString_EN_CH)
    i.LCD_DisplayStringEx                    0x08000f64   Section        0  bsp_lcd.o(i.LCD_DisplayStringEx)
    i.LCD_DrawChar_Ex                        0x0800106c   Section        0  bsp_lcd.o(i.LCD_DrawChar_Ex)
    i.LCD_FSMC_Config                        0x080010d0   Section        0  bsp_lcd.o(i.LCD_FSMC_Config)
    i.LCD_FillColor                          0x08001148   Section        0  bsp_lcd.o(i.LCD_FillColor)
    LCD_FillColor                            0x08001149   Thumb Code    32  bsp_lcd.o(i.LCD_FillColor)
    i.LCD_GPIO_Config                        0x08001168   Section        0  bsp_lcd.o(i.LCD_GPIO_Config)
    i.LCD_GramScan                           0x080012f4   Section        0  bsp_lcd.o(i.LCD_GramScan)
    i.LCD_Init                               0x080013ac   Section        0  bsp_lcd.o(i.LCD_Init)
    i.LCD_OpenWindow                         0x080013cc   Section        0  bsp_lcd.o(i.LCD_OpenWindow)
    i.LCD_REG_Config                         0x0800142c   Section        0  bsp_lcd.o(i.LCD_REG_Config)
    LCD_REG_Config                           0x0800142d   Thumb Code   556  bsp_lcd.o(i.LCD_REG_Config)
    i.LCD_SetColors                          0x0800165c   Section        0  bsp_lcd.o(i.LCD_SetColors)
    i.LCD_Time_Show                          0x08001670   Section        0  bsp_lcd.o(i.LCD_Time_Show)
    i.LCD_Write_Cmd                          0x0800172c   Section        0  bsp_lcd.o(i.LCD_Write_Cmd)
    i.LCD_Write_Data                         0x08001734   Section        0  bsp_lcd.o(i.LCD_Write_Data)
    i.LCD_zoomChar                           0x08001740   Section        0  bsp_lcd.o(i.LCD_zoomChar)
    i.LED_GPIO_Config                        0x080018c4   Section        0  bsp_led.o(i.LED_GPIO_Config)
    i.MemManage_Handler                      0x08001918   Section        0  stm32f10x_it.o(i.MemManage_Handler)
    i.NMI_Handler                            0x0800191c   Section        0  stm32f10x_it.o(i.NMI_Handler)
    i.NVIC_Init                              0x08001920   Section        0  misc.o(i.NVIC_Init)
    i.NVIC_PriorityGroupConfig               0x08001990   Section        0  misc.o(i.NVIC_PriorityGroupConfig)
    i.PWR_BackupAccessCmd                    0x080019a4   Section        0  stm32f10x_pwr.o(i.PWR_BackupAccessCmd)
    i.PendSV_Handler                         0x080019b0   Section        0  stm32f10x_it.o(i.PendSV_Handler)
    i.RCC_AHBPeriphClockCmd                  0x080019b4   Section        0  stm32f10x_rcc.o(i.RCC_AHBPeriphClockCmd)
    i.RCC_APB1PeriphClockCmd                 0x080019d4   Section        0  stm32f10x_rcc.o(i.RCC_APB1PeriphClockCmd)
    i.RCC_APB2PeriphClockCmd                 0x080019f4   Section        0  stm32f10x_rcc.o(i.RCC_APB2PeriphClockCmd)
    i.RCC_BackupResetCmd                     0x08001a14   Section        0  stm32f10x_rcc.o(i.RCC_BackupResetCmd)
    i.RCC_ClearFlag                          0x08001a20   Section        0  stm32f10x_rcc.o(i.RCC_ClearFlag)
    i.RCC_GetClocksFreq                      0x08001a34   Section        0  stm32f10x_rcc.o(i.RCC_GetClocksFreq)
    i.RCC_GetFlagStatus                      0x08001b08   Section        0  stm32f10x_rcc.o(i.RCC_GetFlagStatus)
    i.RCC_LSEConfig                          0x08001b44   Section        0  stm32f10x_rcc.o(i.RCC_LSEConfig)
    i.RCC_RTCCLKCmd                          0x08001b78   Section        0  stm32f10x_rcc.o(i.RCC_RTCCLKCmd)
    i.RCC_RTCCLKConfig                       0x08001b84   Section        0  stm32f10x_rcc.o(i.RCC_RTCCLKConfig)
    i.RTC_CheckAndConfig                     0x08001b94   Section        0  bsp_rtc.o(i.RTC_CheckAndConfig)
    i.RTC_ClearITPendingBit                  0x08001ca4   Section        0  stm32f10x_rtc.o(i.RTC_ClearITPendingBit)
    i.RTC_Configuration                      0x08001cb4   Section        0  bsp_rtc.o(i.RTC_Configuration)
    i.RTC_EnterConfigMode                    0x08001d0c   Section        0  stm32f10x_rtc.o(i.RTC_EnterConfigMode)
    i.RTC_ExitConfigMode                     0x08001d20   Section        0  stm32f10x_rtc.o(i.RTC_ExitConfigMode)
    i.RTC_GetCounter                         0x08001d34   Section        0  stm32f10x_rtc.o(i.RTC_GetCounter)
    i.RTC_GetITStatus                        0x08001d48   Section        0  stm32f10x_rtc.o(i.RTC_GetITStatus)
    i.RTC_IRQHandler                         0x08001d6c   Section        0  stm32f10x_it.o(i.RTC_IRQHandler)
    i.RTC_ITConfig                           0x08001d8c   Section        0  stm32f10x_rtc.o(i.RTC_ITConfig)
    i.RTC_NVIC_Config                        0x08001dac   Section        0  bsp_rtc.o(i.RTC_NVIC_Config)
    i.RTC_SetCounter                         0x08001dd0   Section        0  stm32f10x_rtc.o(i.RTC_SetCounter)
    i.RTC_SetPrescaler                       0x08001dec   Section        0  stm32f10x_rtc.o(i.RTC_SetPrescaler)
    i.RTC_WaitForLastTask                    0x08001e0c   Section        0  stm32f10x_rtc.o(i.RTC_WaitForLastTask)
    i.RTC_WaitForSynchro                     0x08001e20   Section        0  stm32f10x_rtc.o(i.RTC_WaitForSynchro)
    i.SPI_Cmd                                0x08001e44   Section        0  stm32f10x_spi.o(i.SPI_Cmd)
    i.SPI_FLASH_BufferRead                   0x08001e5c   Section        0  bsp_spi.o(i.SPI_FLASH_BufferRead)
    i.SPI_FLASH_Init                         0x08001eac   Section        0  bsp_spi.o(i.SPI_FLASH_Init)
    i.SPI_FLASH_SendByte                     0x08001eb8   Section        0  bsp_spi.o(i.SPI_FLASH_SendByte)
    i.SPI_I2S_GetFlagStatus                  0x08001f28   Section        0  stm32f10x_spi.o(i.SPI_I2S_GetFlagStatus)
    i.SPI_I2S_ReceiveData                    0x08001f3a   Section        0  stm32f10x_spi.o(i.SPI_I2S_ReceiveData)
    i.SPI_I2S_SendData                       0x08001f40   Section        0  stm32f10x_spi.o(i.SPI_I2S_SendData)
    i.SPI_Init                               0x08001f44   Section        0  stm32f10x_spi.o(i.SPI_Init)
    i.SPI_MODE                               0x08001f80   Section        0  bsp_spi.o(i.SPI_MODE)
    SPI_MODE                                 0x08001f81   Thumb Code    76  bsp_spi.o(i.SPI_MODE)
    i.SVC_Handler                            0x08001fd0   Section        0  stm32f10x_it.o(i.SVC_Handler)
    i.SetSysClock                            0x08001fd2   Section        0  system_stm32f10x.o(i.SetSysClock)
    SetSysClock                              0x08001fd3   Thumb Code     8  system_stm32f10x.o(i.SetSysClock)
    i.SetSysClockTo72                        0x08001fdc   Section        0  system_stm32f10x.o(i.SetSysClockTo72)
    SetSysClockTo72                          0x08001fdd   Thumb Code   214  system_stm32f10x.o(i.SetSysClockTo72)
    i.StrCopy                                0x080020bc   Section        0  bsp_calendar.o(i.StrCopy)
    i.SysTick_Handler                        0x080020d4   Section        0  stm32f10x_it.o(i.SysTick_Handler)
    i.SystemInit                             0x080020d8   Section        0  system_stm32f10x.o(i.SystemInit)
    i.Time_Adjust                            0x08002138   Section        0  bsp_rtc.o(i.Time_Adjust)
    i.Time_Display                           0x08002160   Section        0  bsp_rtc.o(i.Time_Display)
    i.Time_Regulate                          0x0800226c   Section        0  bsp_rtc.o(i.Time_Regulate)
    i.Time_Show                              0x08002518   Section        0  bsp_rtc.o(i.Time_Show)
    i.USART_Cmd                              0x0800253c   Section        0  stm32f10x_usart.o(i.USART_Cmd)
    i.USART_Config                           0x08002554   Section        0  bsp_usart.o(i.USART_Config)
    i.USART_GetFlagStatus                    0x080025d8   Section        0  stm32f10x_usart.o(i.USART_GetFlagStatus)
    i.USART_Init                             0x080025f4   Section        0  stm32f10x_usart.o(i.USART_Init)
    i.USART_ReceiveData                      0x080026cc   Section        0  stm32f10x_usart.o(i.USART_ReceiveData)
    i.USART_Scanf                            0x080026d8   Section        0  bsp_rtc.o(i.USART_Scanf)
    USART_Scanf                              0x080026d9   Thumb Code   110  bsp_rtc.o(i.USART_Scanf)
    i.USART_SendData                         0x080027b0   Section        0  stm32f10x_usart.o(i.USART_SendData)
    i.USART_sent                             0x080027b8   Section        0  bsp_usart.o(i.USART_sent)
    i.UsageFault_Handler                     0x080027d6   Section        0  stm32f10x_it.o(i.UsageFault_Handler)
    i.__0printf$3                            0x080027dc   Section        0  printf3.o(i.__0printf$3)
    i.__0sprintf$3                           0x080027fc   Section        0  printf3.o(i.__0sprintf$3)
    i.__scatterload_copy                     0x08002824   Section       14  handlers.o(i.__scatterload_copy)
    i.__scatterload_null                     0x08002832   Section        2  handlers.o(i.__scatterload_null)
    i.__scatterload_zeroinit                 0x08002834   Section       14  handlers.o(i.__scatterload_zeroinit)
    i._printf_core                           0x08002844   Section        0  printf3.o(i._printf_core)
    _printf_core                             0x08002845   Thumb Code   436  printf3.o(i._printf_core)
    i._sputc                                 0x080029fc   Section        0  printf3.o(i._sputc)
    _sputc                                   0x080029fd   Thumb Code    10  printf3.o(i._sputc)
    i.fputc                                  0x08002a08   Section        0  bsp_usart.o(i.fputc)
    i.main                                   0x08002a2c   Section        0  main.o(i.main)
    i.mktimev                                0x08002aa0   Section        0  bsp_date.o(i.mktimev)
    i.to_tm                                  0x08002b20   Section        0  bsp_date.o(i.to_tm)
    .constdata                               0x08002bec   Section    15200  fonts.o(.constdata)
    .constdata                               0x0800674c   Section      814  bsp_calendar.o(.constdata)
    MonthDayMax                              0x08006a6e   Data          12  bsp_calendar.o(.constdata)
    .constdata                               0x08006a7c   Section       48  bsp_date.o(.constdata)
    .conststring                             0x08006aac   Section      335  bsp_calendar.o(.conststring)
    .conststring                             0x08006bfc   Section      131  bsp_rtc.o(.conststring)
    .data                                    0x20000000   Section       20  stm32f10x_rcc.o(.data)
    APBAHBPrescTable                         0x20000000   Data          16  stm32f10x_rcc.o(.data)
    ADCPrescTable                            0x20000010   Data           4  stm32f10x_rcc.o(.data)
    .data                                    0x20000014   Section       16  bsp_lcd.o(.data)
    LCD_Currentfonts                         0x2000001c   Data           4  bsp_lcd.o(.data)
    CurrentTextColor                         0x20000020   Data           2  bsp_lcd.o(.data)
    CurrentBackColor                         0x20000022   Data           2  bsp_lcd.o(.data)
    .data                                    0x20000024   Section       25  fonts.o(.data)
    everRead                                 0x2000003c   Data           1  fonts.o(.data)
    .data                                    0x20000040   Section      248  bsp_calendar.o(.data)
    .data                                    0x20000138   Section       48  bsp_date.o(.data)
    month_days                               0x20000138   Data          48  bsp_date.o(.data)
    .data                                    0x20000168   Section       84  bsp_rtc.o(.data)
    FirstDisplay                             0x200001b8   Data           4  bsp_rtc.o(.data)
    .data                                    0x200001bc   Section        4  stdout.o(.data)
    .bss                                     0x200001c0   Section       28  main.o(.bss)
    .bss                                     0x200001dc   Section    17408  bsp_lcd.o(.bss)
    STACK                                    0x200045e0   Section     1024  startup_stm32f10x_hd.o(STACK)

    Global Symbols

    Symbol Name                              Value     Ov Type        Size  Object(Section)

    BuildAttributes$$THM_ISAv4$P$D$K$B$S$PE$A:L22UL41UL21$X:L11$S22US41US21$IEEE1$IW$USESV6$~STKCKD$USESV7$~SHL$OSPACE$ROPI$EBA8$MICROLIB$REQ8$PRES8$EABIv2 0x00000000   Number         0  anon$$obj.o ABSOLUTE
    __ARM_use_no_argv                        0x00000000   Number         0  main.o ABSOLUTE
    _printf_a                                0x00000000   Number         0  stubs.o ABSOLUTE
    _printf_c                                0x00000000   Number         0  stubs.o ABSOLUTE
    _printf_charcount                        0x00000000   Number         0  stubs.o ABSOLUTE
    _printf_d                                0x00000000   Number         0  stubs.o ABSOLUTE
    _printf_e                                0x00000000   Number         0  stubs.o ABSOLUTE
    _printf_f                                0x00000000   Number         0  stubs.o ABSOLUTE
    _printf_flags                            0x00000000   Number         0  stubs.o ABSOLUTE
    _printf_fp_dec                           0x00000000   Number         0  stubs.o ABSOLUTE
    _printf_fp_hex                           0x00000000   Number         0  stubs.o ABSOLUTE
    _printf_g                                0x00000000   Number         0  stubs.o ABSOLUTE
    _printf_i                                0x00000000   Number         0  stubs.o ABSOLUTE
    _printf_int_dec                          0x00000000   Number         0  stubs.o ABSOLUTE
    _printf_l                                0x00000000   Number         0  stubs.o ABSOLUTE
    _printf_lc                               0x00000000   Number         0  stubs.o ABSOLUTE
    _printf_ll                               0x00000000   Number         0  stubs.o ABSOLUTE
    _printf_lld                              0x00000000   Number         0  stubs.o ABSOLUTE
    _printf_lli                              0x00000000   Number         0  stubs.o ABSOLUTE
    _printf_llo                              0x00000000   Number         0  stubs.o ABSOLUTE
    _printf_llu                              0x00000000   Number         0  stubs.o ABSOLUTE
    _printf_llx                              0x00000000   Number         0  stubs.o ABSOLUTE
    _printf_longlong_dec                     0x00000000   Number         0  stubs.o ABSOLUTE
    _printf_longlong_hex                     0x00000000   Number         0  stubs.o ABSOLUTE
    _printf_longlong_oct                     0x00000000   Number         0  stubs.o ABSOLUTE
    _printf_ls                               0x00000000   Number         0  stubs.o ABSOLUTE
    _printf_mbtowc                           0x00000000   Number         0  stubs.o ABSOLUTE
    _printf_n                                0x00000000   Number         0  stubs.o ABSOLUTE
    _printf_o                                0x00000000   Number         0  stubs.o ABSOLUTE
    _printf_p                                0x00000000   Number         0  stubs.o ABSOLUTE
    _printf_percent                          0x00000000   Number         0  stubs.o ABSOLUTE
    _printf_pre_padding                      0x00000000   Number         0  stubs.o ABSOLUTE
    _printf_return_value                     0x00000000   Number         0  stubs.o ABSOLUTE
    _printf_s                                0x00000000   Number         0  stubs.o ABSOLUTE
    _printf_sizespec                         0x00000000   Number         0  stubs.o ABSOLUTE
    _printf_str                              0x00000000   Number         0  stubs.o ABSOLUTE
    _printf_truncate_signed                  0x00000000   Number         0  stubs.o ABSOLUTE
    _printf_truncate_unsigned                0x00000000   Number         0  stubs.o ABSOLUTE
    _printf_u                                0x00000000   Number         0  stubs.o ABSOLUTE
    _printf_wc                               0x00000000   Number         0  stubs.o ABSOLUTE
    _printf_wctomb                           0x00000000   Number         0  stubs.o ABSOLUTE
    _printf_widthprec                        0x00000000   Number         0  stubs.o ABSOLUTE
    _printf_x                                0x00000000   Number         0  stubs.o ABSOLUTE
    __cpp_initialize__aeabi_                  - Undefined Weak Reference
    __cxa_finalize                            - Undefined Weak Reference
    _clock_init                               - Undefined Weak Reference
    _microlib_exit                            - Undefined Weak Reference
    __Vectors_Size                           0x00000130   Number         0  startup_stm32f10x_hd.o ABSOLUTE
    __Vectors                                0x08000000   Data           4  startup_stm32f10x_hd.o(RESET)
    __Vectors_End                            0x08000130   Data           0  startup_stm32f10x_hd.o(RESET)
    __main                                   0x08000131   Thumb Code     0  entry.o(.ARM.Collect$$$$00000000)
    _main_stk                                0x08000131   Thumb Code     0  entry2.o(.ARM.Collect$$$$00000001)
    _main_scatterload                        0x08000135   Thumb Code     0  entry5.o(.ARM.Collect$$$$00000004)
    __main_after_scatterload                 0x08000139   Thumb Code     0  entry5.o(.ARM.Collect$$$$00000004)
    _main_clock                              0x08000139   Thumb Code     0  entry7b.o(.ARM.Collect$$$$00000008)
    _main_cpp_init                           0x08000139   Thumb Code     0  entry8b.o(.ARM.Collect$$$$0000000A)
    _main_init                               0x08000139   Thumb Code     0  entry9a.o(.ARM.Collect$$$$0000000B)
    __rt_final_cpp                           0x08000141   Thumb Code     0  entry10a.o(.ARM.Collect$$$$0000000D)
    __rt_final_exit                          0x08000141   Thumb Code     0  entry11a.o(.ARM.Collect$$$$0000000F)
    Reset_Handler                            0x08000145   Thumb Code     8  startup_stm32f10x_hd.o(.text)
    ADC1_2_IRQHandler                        0x0800015f   Thumb Code     0  startup_stm32f10x_hd.o(.text)
    ADC3_IRQHandler                          0x0800015f   Thumb Code     0  startup_stm32f10x_hd.o(.text)
    CAN1_RX1_IRQHandler                      0x0800015f   Thumb Code     0  startup_stm32f10x_hd.o(.text)
    CAN1_SCE_IRQHandler                      0x0800015f   Thumb Code     0  startup_stm32f10x_hd.o(.text)
    DMA1_Channel1_IRQHandler                 0x0800015f   Thumb Code     0  startup_stm32f10x_hd.o(.text)
    DMA1_Channel2_IRQHandler                 0x0800015f   Thumb Code     0  startup_stm32f10x_hd.o(.text)
    DMA1_Channel3_IRQHandler                 0x0800015f   Thumb Code     0  startup_stm32f10x_hd.o(.text)
    DMA1_Channel4_IRQHandler                 0x0800015f   Thumb Code     0  startup_stm32f10x_hd.o(.text)
    DMA1_Channel5_IRQHandler                 0x0800015f   Thumb Code     0  startup_stm32f10x_hd.o(.text)
    DMA1_Channel6_IRQHandler                 0x0800015f   Thumb Code     0  startup_stm32f10x_hd.o(.text)
    DMA1_Channel7_IRQHandler                 0x0800015f   Thumb Code     0  startup_stm32f10x_hd.o(.text)
    DMA2_Channel1_IRQHandler                 0x0800015f   Thumb Code     0  startup_stm32f10x_hd.o(.text)
    DMA2_Channel2_IRQHandler                 0x0800015f   Thumb Code     0  startup_stm32f10x_hd.o(.text)
    DMA2_Channel3_IRQHandler                 0x0800015f   Thumb Code     0  startup_stm32f10x_hd.o(.text)
    DMA2_Channel4_5_IRQHandler               0x0800015f   Thumb Code     0  startup_stm32f10x_hd.o(.text)
    EXTI0_IRQHandler                         0x0800015f   Thumb Code     0  startup_stm32f10x_hd.o(.text)
    EXTI15_10_IRQHandler                     0x0800015f   Thumb Code     0  startup_stm32f10x_hd.o(.text)
    EXTI1_IRQHandler                         0x0800015f   Thumb Code     0  startup_stm32f10x_hd.o(.text)
    EXTI2_IRQHandler                         0x0800015f   Thumb Code     0  startup_stm32f10x_hd.o(.text)
    EXTI3_IRQHandler                         0x0800015f   Thumb Code     0  startup_stm32f10x_hd.o(.text)
    EXTI4_IRQHandler                         0x0800015f   Thumb Code     0  startup_stm32f10x_hd.o(.text)
    EXTI9_5_IRQHandler                       0x0800015f   Thumb Code     0  startup_stm32f10x_hd.o(.text)
    FLASH_IRQHandler                         0x0800015f   Thumb Code     0  startup_stm32f10x_hd.o(.text)
    FSMC_IRQHandler                          0x0800015f   Thumb Code     0  startup_stm32f10x_hd.o(.text)
    I2C1_ER_IRQHandler                       0x0800015f   Thumb Code     0  startup_stm32f10x_hd.o(.text)
    I2C1_EV_IRQHandler                       0x0800015f   Thumb Code     0  startup_stm32f10x_hd.o(.text)
    I2C2_ER_IRQHandler                       0x0800015f   Thumb Code     0  startup_stm32f10x_hd.o(.text)
    I2C2_EV_IRQHandler                       0x0800015f   Thumb Code     0  startup_stm32f10x_hd.o(.text)
    PVD_IRQHandler                           0x0800015f   Thumb Code     0  startup_stm32f10x_hd.o(.text)
    RCC_IRQHandler                           0x0800015f   Thumb Code     0  startup_stm32f10x_hd.o(.text)
    RTCAlarm_IRQHandler                      0x0800015f   Thumb Code     0  startup_stm32f10x_hd.o(.text)
    SDIO_IRQHandler                          0x0800015f   Thumb Code     0  startup_stm32f10x_hd.o(.text)
    SPI1_IRQHandler                          0x0800015f   Thumb Code     0  startup_stm32f10x_hd.o(.text)
    SPI2_IRQHandler                          0x0800015f   Thumb Code     0  startup_stm32f10x_hd.o(.text)
    SPI3_IRQHandler                          0x0800015f   Thumb Code     0  startup_stm32f10x_hd.o(.text)
    TAMPER_IRQHandler                        0x0800015f   Thumb Code     0  startup_stm32f10x_hd.o(.text)
    TIM1_BRK_IRQHandler                      0x0800015f   Thumb Code     0  startup_stm32f10x_hd.o(.text)
    TIM1_CC_IRQHandler                       0x0800015f   Thumb Code     0  startup_stm32f10x_hd.o(.text)
    TIM1_TRG_COM_IRQHandler                  0x0800015f   Thumb Code     0  startup_stm32f10x_hd.o(.text)
    TIM1_UP_IRQHandler                       0x0800015f   Thumb Code     0  startup_stm32f10x_hd.o(.text)
    TIM2_IRQHandler                          0x0800015f   Thumb Code     0  startup_stm32f10x_hd.o(.text)
    TIM3_IRQHandler                          0x0800015f   Thumb Code     0  startup_stm32f10x_hd.o(.text)
    TIM4_IRQHandler                          0x0800015f   Thumb Code     0  startup_stm32f10x_hd.o(.text)
    TIM5_IRQHandler                          0x0800015f   Thumb Code     0  startup_stm32f10x_hd.o(.text)
    TIM6_IRQHandler                          0x0800015f   Thumb Code     0  startup_stm32f10x_hd.o(.text)
    TIM7_IRQHandler                          0x0800015f   Thumb Code     0  startup_stm32f10x_hd.o(.text)
    TIM8_BRK_IRQHandler                      0x0800015f   Thumb Code     0  startup_stm32f10x_hd.o(.text)
    TIM8_CC_IRQHandler                       0x0800015f   Thumb Code     0  startup_stm32f10x_hd.o(.text)
    TIM8_TRG_COM_IRQHandler                  0x0800015f   Thumb Code     0  startup_stm32f10x_hd.o(.text)
    TIM8_UP_IRQHandler                       0x0800015f   Thumb Code     0  startup_stm32f10x_hd.o(.text)
    UART4_IRQHandler                         0x0800015f   Thumb Code     0  startup_stm32f10x_hd.o(.text)
    UART5_IRQHandler                         0x0800015f   Thumb Code     0  startup_stm32f10x_hd.o(.text)
    USART1_IRQHandler                        0x0800015f   Thumb Code     0  startup_stm32f10x_hd.o(.text)
    USART2_IRQHandler                        0x0800015f   Thumb Code     0  startup_stm32f10x_hd.o(.text)
    USART3_IRQHandler                        0x0800015f   Thumb Code     0  startup_stm32f10x_hd.o(.text)
    USBWakeUp_IRQHandler                     0x0800015f   Thumb Code     0  startup_stm32f10x_hd.o(.text)
    USB_HP_CAN1_TX_IRQHandler                0x0800015f   Thumb Code     0  startup_stm32f10x_hd.o(.text)
    USB_LP_CAN1_RX0_IRQHandler               0x0800015f   Thumb Code     0  startup_stm32f10x_hd.o(.text)
    WWDG_IRQHandler                          0x0800015f   Thumb Code     0  startup_stm32f10x_hd.o(.text)
    __aeabi_memcpy                           0x08000169   Thumb Code    36  memcpya.o(.text)
    __aeabi_memcpy4                          0x08000169   Thumb Code     0  memcpya.o(.text)
    __aeabi_memcpy8                          0x08000169   Thumb Code     0  memcpya.o(.text)
    __aeabi_memset                           0x0800018d   Thumb Code    14  memseta.o(.text)
    __aeabi_memset4                          0x0800018d   Thumb Code     0  memseta.o(.text)
    __aeabi_memset8                          0x0800018d   Thumb Code     0  memseta.o(.text)
    __aeabi_memclr                           0x0800019b   Thumb Code     4  memseta.o(.text)
    __aeabi_memclr4                          0x0800019b   Thumb Code     0  memseta.o(.text)
    __aeabi_memclr8                          0x0800019b   Thumb Code     0  memseta.o(.text)
    _memset$wrapper                          0x0800019f   Thumb Code    18  memseta.o(.text)
    __aeabi_uidiv                            0x080001b1   Thumb Code     0  uidiv.o(.text)
    __aeabi_uidivmod                         0x080001b1   Thumb Code    44  uidiv.o(.text)
    __scatterload                            0x080001dd   Thumb Code    28  init.o(.text)
    __scatterload_rt2                        0x080001dd   Thumb Code     0  init.o(.text)
    __decompress                             0x08000201   Thumb Code     0  __dczerorl2.o(.text)
    __decompress1                            0x08000201   Thumb Code    86  __dczerorl2.o(.text)
    BEEP_GPIO_Config                         0x08000259   Thumb Code    48  bsp_led.o(i.BEEP_GPIO_Config)
    BKP_DeInit                               0x0800028d   Thumb Code    16  stm32f10x_bkp.o(i.BKP_DeInit)
    BKP_ReadBackupRegister                   0x0800029d   Thumb Code    24  stm32f10x_bkp.o(i.BKP_ReadBackupRegister)
    BKP_WriteBackupRegister                  0x080002b9   Thumb Code    22  stm32f10x_bkp.o(i.BKP_WriteBackupRegister)
    BusFault_Handler                         0x080002d5   Thumb Code     4  stm32f10x_it.o(i.BusFault_Handler)
    DebugMon_Handler                         0x080002d9   Thumb Code     2  stm32f10x_it.o(i.DebugMon_Handler)
    Delay                                    0x080002db   Thumb Code    18  bsp_lcd.o(i.Delay)
    FSMC_NORSRAMCmd                          0x080002ed   Thumb Code    46  stm32f10x_fsmc.o(i.FSMC_NORSRAMCmd)
    FSMC_NORSRAMInit                         0x08000321   Thumb Code   230  stm32f10x_fsmc.o(i.FSMC_NORSRAMInit)
    GPIO_Init                                0x08000407   Thumb Code   278  stm32f10x_gpio.o(i.GPIO_Init)
    GPIO_ResetBits                           0x0800051d   Thumb Code     4  stm32f10x_gpio.o(i.GPIO_ResetBits)
    GPIO_SetBits                             0x080005b5   Thumb Code     4  stm32f10x_gpio.o(i.GPIO_SetBits)
    GetChinaCalendar                         0x080005b9   Thumb Code   506  bsp_calendar.o(i.GetChinaCalendar)
    GetChinaCalendarStr                      0x080007c1   Thumb Code   254  bsp_calendar.o(i.GetChinaCalendarStr)
    GetGBKCode_from_EXFlash                  0x080008e9   Thumb Code    74  fonts.o(i.GetGBKCode_from_EXFlash)
    GetJieQi                                 0x0800093d   Thumb Code   158  bsp_calendar.o(i.GetJieQi)
    GetJieQiStr                              0x080009e5   Thumb Code   300  bsp_calendar.o(i.GetJieQiStr)
    GetMoonDay                               0x08000b29   Thumb Code   282  bsp_calendar.o(i.GetMoonDay)
    GetSkyEarth                              0x08000c49   Thumb Code    56  bsp_calendar.o(i.GetSkyEarth)
    GregorianDay                             0x08000c81   Thumb Code   146  bsp_date.o(i.GregorianDay)
    HardFault_Handler                        0x08000d19   Thumb Code     4  stm32f10x_it.o(i.HardFault_Handler)
    ILI9341_BackLed_Control                  0x08000d1d   Thumb Code    30  bsp_lcd.o(i.ILI9341_BackLed_Control)
    ILI9341_Rst                              0x08000d41   Thumb Code    36  bsp_lcd.o(i.ILI9341_Rst)
    LCD_Clear                                0x08000d69   Thumb Code    40  bsp_lcd.o(i.LCD_Clear)
    LCD_DispChar_CH                          0x08000d95   Thumb Code   122  bsp_lcd.o(i.LCD_DispChar_CH)
    LCD_DispChar_EN                          0x08000e19   Thumb Code   138  bsp_lcd.o(i.LCD_DispChar_EN)
    LCD_DispString_EN_CH                     0x08000eb1   Thumb Code   168  bsp_lcd.o(i.LCD_DispString_EN_CH)
    LCD_DisplayStringEx                      0x08000f65   Thumb Code   246  bsp_lcd.o(i.LCD_DisplayStringEx)
    LCD_DrawChar_Ex                          0x0800106d   Thumb Code    92  bsp_lcd.o(i.LCD_DrawChar_Ex)
    LCD_FSMC_Config                          0x080010d1   Thumb Code   120  bsp_lcd.o(i.LCD_FSMC_Config)
    LCD_GPIO_Config                          0x08001169   Thumb Code   386  bsp_lcd.o(i.LCD_GPIO_Config)
    LCD_GramScan                             0x080012f5   Thumb Code   172  bsp_lcd.o(i.LCD_GramScan)
    LCD_Init                                 0x080013ad   Thumb Code    32  bsp_lcd.o(i.LCD_Init)
    LCD_OpenWindow                           0x080013cd   Thumb Code    96  bsp_lcd.o(i.LCD_OpenWindow)
    LCD_SetColors                            0x0800165d   Thumb Code    10  bsp_lcd.o(i.LCD_SetColors)
    LCD_Time_Show                            0x08001671   Thumb Code   130  bsp_lcd.o(i.LCD_Time_Show)
    LCD_Write_Cmd                            0x0800172d   Thumb Code     8  bsp_lcd.o(i.LCD_Write_Cmd)
    LCD_Write_Data                           0x08001735   Thumb Code     6  bsp_lcd.o(i.LCD_Write_Data)
    LCD_zoomChar                             0x08001741   Thumb Code   378  bsp_lcd.o(i.LCD_zoomChar)
    LED_GPIO_Config                          0x080018c5   Thumb Code    78  bsp_led.o(i.LED_GPIO_Config)
    MemManage_Handler                        0x08001919   Thumb Code     4  stm32f10x_it.o(i.MemManage_Handler)
    NMI_Handler                              0x0800191d   Thumb Code     2  stm32f10x_it.o(i.NMI_Handler)
    NVIC_Init                                0x08001921   Thumb Code   100  misc.o(i.NVIC_Init)
    NVIC_PriorityGroupConfig                 0x08001991   Thumb Code    10  misc.o(i.NVIC_PriorityGroupConfig)
    PWR_BackupAccessCmd                      0x080019a5   Thumb Code     6  stm32f10x_pwr.o(i.PWR_BackupAccessCmd)
    PendSV_Handler                           0x080019b1   Thumb Code     2  stm32f10x_it.o(i.PendSV_Handler)
    RCC_AHBPeriphClockCmd                    0x080019b5   Thumb Code    26  stm32f10x_rcc.o(i.RCC_AHBPeriphClockCmd)
    RCC_APB1PeriphClockCmd                   0x080019d5   Thumb Code    26  stm32f10x_rcc.o(i.RCC_APB1PeriphClockCmd)
    RCC_APB2PeriphClockCmd                   0x080019f5   Thumb Code    26  stm32f10x_rcc.o(i.RCC_APB2PeriphClockCmd)
    RCC_BackupResetCmd                       0x08001a15   Thumb Code     6  stm32f10x_rcc.o(i.RCC_BackupResetCmd)
    RCC_ClearFlag                            0x08001a21   Thumb Code    14  stm32f10x_rcc.o(i.RCC_ClearFlag)
    RCC_GetClocksFreq                        0x08001a35   Thumb Code   192  stm32f10x_rcc.o(i.RCC_GetClocksFreq)
    RCC_GetFlagStatus                        0x08001b09   Thumb Code    56  stm32f10x_rcc.o(i.RCC_GetFlagStatus)
    RCC_LSEConfig                            0x08001b45   Thumb Code    46  stm32f10x_rcc.o(i.RCC_LSEConfig)
    RCC_RTCCLKCmd                            0x08001b79   Thumb Code     6  stm32f10x_rcc.o(i.RCC_RTCCLKCmd)
    RCC_RTCCLKConfig                         0x08001b85   Thumb Code    12  stm32f10x_rcc.o(i.RCC_RTCCLKConfig)
    RTC_CheckAndConfig                       0x08001b95   Thumb Code   110  bsp_rtc.o(i.RTC_CheckAndConfig)
    RTC_ClearITPendingBit                    0x08001ca5   Thumb Code    12  stm32f10x_rtc.o(i.RTC_ClearITPendingBit)
    RTC_Configuration                        0x08001cb5   Thumb Code    88  bsp_rtc.o(i.RTC_Configuration)
    RTC_EnterConfigMode                      0x08001d0d   Thumb Code    14  stm32f10x_rtc.o(i.RTC_EnterConfigMode)
    RTC_ExitConfigMode                       0x08001d21   Thumb Code    16  stm32f10x_rtc.o(i.RTC_ExitConfigMode)
    RTC_GetCounter                           0x08001d35   Thumb Code    16  stm32f10x_rtc.o(i.RTC_GetCounter)
    RTC_GetITStatus                          0x08001d49   Thumb Code    32  stm32f10x_rtc.o(i.RTC_GetITStatus)
    RTC_IRQHandler                           0x08001d6d   Thumb Code    28  stm32f10x_it.o(i.RTC_IRQHandler)
    RTC_ITConfig                             0x08001d8d   Thumb Code    26  stm32f10x_rtc.o(i.RTC_ITConfig)
    RTC_NVIC_Config                          0x08001dad   Thumb Code    34  bsp_rtc.o(i.RTC_NVIC_Config)
    RTC_SetCounter                           0x08001dd1   Thumb Code    24  stm32f10x_rtc.o(i.RTC_SetCounter)
    RTC_SetPrescaler                         0x08001ded   Thumb Code    26  stm32f10x_rtc.o(i.RTC_SetPrescaler)
    RTC_WaitForLastTask                      0x08001e0d   Thumb Code    16  stm32f10x_rtc.o(i.RTC_WaitForLastTask)
    RTC_WaitForSynchro                       0x08001e21   Thumb Code    30  stm32f10x_rtc.o(i.RTC_WaitForSynchro)
    SPI_Cmd                                  0x08001e45   Thumb Code    24  stm32f10x_spi.o(i.SPI_Cmd)
    SPI_FLASH_BufferRead                     0x08001e5d   Thumb Code    76  bsp_spi.o(i.SPI_FLASH_BufferRead)
    SPI_FLASH_Init                           0x08001ead   Thumb Code    12  bsp_spi.o(i.SPI_FLASH_Init)
    SPI_FLASH_SendByte                       0x08001eb9   Thumb Code    90  bsp_spi.o(i.SPI_FLASH_SendByte)
    SPI_I2S_GetFlagStatus                    0x08001f29   Thumb Code    18  stm32f10x_spi.o(i.SPI_I2S_GetFlagStatus)
    SPI_I2S_ReceiveData                      0x08001f3b   Thumb Code     6  stm32f10x_spi.o(i.SPI_I2S_ReceiveData)
    SPI_I2S_SendData                         0x08001f41   Thumb Code     4  stm32f10x_spi.o(i.SPI_I2S_SendData)
    SPI_Init                                 0x08001f45   Thumb Code    60  stm32f10x_spi.o(i.SPI_Init)
    SVC_Handler                              0x08001fd1   Thumb Code     2  stm32f10x_it.o(i.SVC_Handler)
    StrCopy                                  0x080020bd   Thumb Code    24  bsp_calendar.o(i.StrCopy)
    SysTick_Handler                          0x080020d5   Thumb Code     2  stm32f10x_it.o(i.SysTick_Handler)
    SystemInit                               0x080020d9   Thumb Code    78  system_stm32f10x.o(i.SystemInit)
    Time_Adjust                              0x08002139   Thumb Code    38  bsp_rtc.o(i.Time_Adjust)
    Time_Display                             0x08002161   Thumb Code   196  bsp_rtc.o(i.Time_Display)
    Time_Regulate                            0x0800226d   Thumb Code   238  bsp_rtc.o(i.Time_Regulate)
    Time_Show                                0x08002519   Thumb Code    32  bsp_rtc.o(i.Time_Show)
    USART_Cmd                                0x0800253d   Thumb Code    24  stm32f10x_usart.o(i.USART_Cmd)
    USART_Config                             0x08002555   Thumb Code   122  bsp_usart.o(i.USART_Config)
    USART_GetFlagStatus                      0x080025d9   Thumb Code    26  stm32f10x_usart.o(i.USART_GetFlagStatus)
    USART_Init                               0x080025f5   Thumb Code   210  stm32f10x_usart.o(i.USART_Init)
    USART_ReceiveData                        0x080026cd   Thumb Code    10  stm32f10x_usart.o(i.USART_ReceiveData)
    USART_SendData                           0x080027b1   Thumb Code     8  stm32f10x_usart.o(i.USART_SendData)
    USART_sent                               0x080027b9   Thumb Code    30  bsp_usart.o(i.USART_sent)
    UsageFault_Handler                       0x080027d7   Thumb Code     4  stm32f10x_it.o(i.UsageFault_Handler)
    __0printf$3                              0x080027dd   Thumb Code    22  printf3.o(i.__0printf$3)
    __1printf$3                              0x080027dd   Thumb Code     0  printf3.o(i.__0printf$3)
    __2printf                                0x080027dd   Thumb Code     0  printf3.o(i.__0printf$3)
    __0sprintf$3                             0x080027fd   Thumb Code    34  printf3.o(i.__0sprintf$3)
    __1sprintf$3                             0x080027fd   Thumb Code     0  printf3.o(i.__0sprintf$3)
    __2sprintf                               0x080027fd   Thumb Code     0  printf3.o(i.__0sprintf$3)
    __scatterload_copy                       0x08002825   Thumb Code    14  handlers.o(i.__scatterload_copy)
    __scatterload_null                       0x08002833   Thumb Code     2  handlers.o(i.__scatterload_null)
    __scatterload_zeroinit                   0x08002835   Thumb Code    14  handlers.o(i.__scatterload_zeroinit)
    fputc                                    0x08002a09   Thumb Code    32  bsp_usart.o(i.fputc)
    main                                     0x08002a2d   Thumb Code   102  main.o(i.main)
    mktimev                                  0x08002aa1   Thumb Code   124  bsp_date.o(i.mktimev)
    to_tm                                    0x08002b21   Thumb Code   194  bsp_date.o(i.to_tm)
    ASCII8x16_Table                          0x08002bec   Data        1520  fonts.o(.constdata)
    ASCII16x24_Table                         0x080031dc   Data        4560  fonts.o(.constdata)
    ASCII24x32_Table                         0x080043ac   Data        9120  fonts.o(.constdata)
    year_code                                0x0800674c   Data         597  bsp_calendar.o(.constdata)
    YearMonthBit                             0x080069a1   Data         153  bsp_calendar.o(.constdata)
    days                                     0x08006a3a   Data          24  bsp_calendar.o(.constdata)
    day_code1                                0x08006a52   Data           9  bsp_calendar.o(.constdata)
    day_code2                                0x08006a5c   Data           6  bsp_calendar.o(.constdata)
    table_week                               0x08006a62   Data          12  bsp_calendar.o(.constdata)
    Region$$Table$$Base                      0x08006c80   Number         0  anon$$obj.o(Region$$Table)
    Region$$Table$$Limit                     0x08006ca0   Number         0  anon$$obj.o(Region$$Table)
    LCD_SCAN_MODE                            0x20000014   Data           1  bsp_lcd.o(.data)
    LCD_X_LENGTH                             0x20000016   Data           2  bsp_lcd.o(.data)
    LCD_Y_LENGTH                             0x20000018   Data           2  bsp_lcd.o(.data)
    Font8x16                                 0x20000024   Data           8  fonts.o(.data)
    Font16x24                                0x2000002c   Data           8  fonts.o(.data)
    Font24x32                                0x20000034   Data           8  fonts.o(.data)
    JieQiStr                                 0x20000040   Data          96  bsp_calendar.o(.data)
    sky                                      0x200000a0   Data          40  bsp_calendar.o(.data)
    earth                                    0x200000c8   Data          48  bsp_calendar.o(.data)
    monthcode                                0x200000f8   Data          48  bsp_calendar.o(.data)
    nongliday                                0x20000128   Data          16  bsp_calendar.o(.data)
    TimeDisplay                              0x20000168   Data           4  bsp_rtc.o(.data)
    WEEK_STR                                 0x2000016c   Data          28  bsp_rtc.o(.data)
    zodiac_sign                              0x20000188   Data          48  bsp_rtc.o(.data)
    __stdout                                 0x200001bc   Data           4  stdout.o(.data)
    systmtime                                0x200001c0   Data          28  main.o(.bss)
    zoomBuff                                 0x200001dc   Data       16384  bsp_lcd.o(.bss)
    zoomTempBuff                             0x200041dc   Data        1024  bsp_lcd.o(.bss)
    __initial_sp                             0x200049e0   Data           0  startup_stm32f10x_hd.o(STACK)



==============================================================================

Memory Map of the image

  Image Entry point : 0x08000131

  Load Region LR_IROM1 (Base: 0x08000000, Size: 0x00006e60, Max: 0x00080000, ABSOLUTE, COMPRESSED[0x00006dc0])

    Execution Region ER_IROM1 (Base: 0x08000000, Size: 0x00006ca0, Max: 0x00080000, ABSOLUTE)

    Base Addr    Size         Type   Attr      Idx    E Section Name        Object

    0x08000000   0x00000130   Data   RO            3    RESET               startup_stm32f10x_hd.o
    0x08000130   0x00000000   Code   RO         3751  * .ARM.Collect$$$$00000000  mc_w.l(entry.o)
    0x08000130   0x00000004   Code   RO         4021    .ARM.Collect$$$$00000001  mc_w.l(entry2.o)
    0x08000134   0x00000004   Code   RO         4024    .ARM.Collect$$$$00000004  mc_w.l(entry5.o)
    0x08000138   0x00000000   Code   RO         4026    .ARM.Collect$$$$00000008  mc_w.l(entry7b.o)
    0x08000138   0x00000000   Code   RO         4028    .ARM.Collect$$$$0000000A  mc_w.l(entry8b.o)
    0x08000138   0x00000008   Code   RO         4029    .ARM.Collect$$$$0000000B  mc_w.l(entry9a.o)
    0x08000140   0x00000000   Code   RO         4031    .ARM.Collect$$$$0000000D  mc_w.l(entry10a.o)
    0x08000140   0x00000000   Code   RO         4033    .ARM.Collect$$$$0000000F  mc_w.l(entry11a.o)
    0x08000140   0x00000004   Code   RO         4022    .ARM.Collect$$$$00002712  mc_w.l(entry2.o)
    0x08000144   0x00000024   Code   RO            4    .text               startup_stm32f10x_hd.o
    0x08000168   0x00000024   Code   RO         3754    .text               mc_w.l(memcpya.o)
    0x0800018c   0x00000024   Code   RO         3756    .text               mc_w.l(memseta.o)
    0x080001b0   0x0000002c   Code   RO         4036    .text               mc_w.l(uidiv.o)
    0x080001dc   0x00000024   Code   RO         4051    .text               mc_w.l(init.o)
    0x08000200   0x00000056   Code   RO         4069    .text               mc_w.l(__dczerorl2.o)
    0x08000256   0x00000002   PAD
    0x08000258   0x00000034   Code   RO         3225    i.BEEP_GPIO_Config  bsp_led.o
    0x0800028c   0x00000010   Code   RO          401    i.BKP_DeInit        stm32f10x_bkp.o
    0x0800029c   0x0000001c   Code   RO          406    i.BKP_ReadBackupRegister  stm32f10x_bkp.o
    0x080002b8   0x0000001c   Code   RO          410    i.BKP_WriteBackupRegister  stm32f10x_bkp.o
    0x080002d4   0x00000004   Code   RO         3155    i.BusFault_Handler  stm32f10x_it.o
    0x080002d8   0x00000002   Code   RO         3156    i.DebugMon_Handler  stm32f10x_it.o
    0x080002da   0x00000012   Code   RO         3291    i.Delay             bsp_lcd.o
    0x080002ec   0x00000034   Code   RO         1177    i.FSMC_NORSRAMCmd   stm32f10x_fsmc.o
    0x08000320   0x000000e6   Code   RO         1179    i.FSMC_NORSRAMInit  stm32f10x_fsmc.o
    0x08000406   0x00000116   Code   RO         1292    i.GPIO_Init         stm32f10x_gpio.o
    0x0800051c   0x00000004   Code   RO         1299    i.GPIO_ResetBits    stm32f10x_gpio.o
    0x08000520   0x00000094   Code   RO         3526    i.GPIO_SPI_Config   bsp_spi.o
    0x080005b4   0x00000004   Code   RO         1300    i.GPIO_SetBits      stm32f10x_gpio.o
    0x080005b8   0x00000208   Code   RO         3608    i.GetChinaCalendar  bsp_calendar.o
    0x080007c0   0x00000128   Code   RO         3609    i.GetChinaCalendarStr  bsp_calendar.o
    0x080008e8   0x00000054   Code   RO         3507    i.GetGBKCode_from_EXFlash  fonts.o
    0x0800093c   0x000000a8   Code   RO         3610    i.GetJieQi          bsp_calendar.o
    0x080009e4   0x00000144   Code   RO         3611    i.GetJieQiStr       bsp_calendar.o
    0x08000b28   0x00000120   Code   RO         3612    i.GetMoonDay        bsp_calendar.o
    0x08000c48   0x00000038   Code   RO         3613    i.GetSkyEarth       bsp_calendar.o
    0x08000c80   0x00000098   Code   RO         3661    i.GregorianDay      bsp_date.o
    0x08000d18   0x00000004   Code   RO         3157    i.HardFault_Handler  stm32f10x_it.o
    0x08000d1c   0x00000024   Code   RO         3292    i.ILI9341_BackLed_Control  bsp_lcd.o
    0x08000d40   0x00000028   Code   RO         3293    i.ILI9341_Rst       bsp_lcd.o
    0x08000d68   0x0000002c   Code   RO         3294    i.LCD_Clear         bsp_lcd.o
    0x08000d94   0x00000084   Code   RO         3296    i.LCD_DispChar_CH   bsp_lcd.o
    0x08000e18   0x00000098   Code   RO         3297    i.LCD_DispChar_EN   bsp_lcd.o
    0x08000eb0   0x000000b4   Code   RO         3301    i.LCD_DispString_EN_CH  bsp_lcd.o
    0x08000f64   0x00000108   Code   RO         3302    i.LCD_DisplayStringEx  bsp_lcd.o
    0x0800106c   0x00000064   Code   RO         3303    i.LCD_DrawChar_Ex   bsp_lcd.o
    0x080010d0   0x00000078   Code   RO         3306    i.LCD_FSMC_Config   bsp_lcd.o
    0x08001148   0x00000020   Code   RO         3307    i.LCD_FillColor     bsp_lcd.o
    0x08001168   0x0000018c   Code   RO         3308    i.LCD_GPIO_Config   bsp_lcd.o
    0x080012f4   0x000000b8   Code   RO         3310    i.LCD_GramScan      bsp_lcd.o
    0x080013ac   0x00000020   Code   RO         3311    i.LCD_Init          bsp_lcd.o
    0x080013cc   0x00000060   Code   RO         3312    i.LCD_OpenWindow    bsp_lcd.o
    0x0800142c   0x00000230   Code   RO         3313    i.LCD_REG_Config    bsp_lcd.o
    0x0800165c   0x00000014   Code   RO         3314    i.LCD_SetColors     bsp_lcd.o
    0x08001670   0x000000bc   Code   RO         3319    i.LCD_Time_Show     bsp_lcd.o
    0x0800172c   0x00000008   Code   RO         3481    i.LCD_Write_Cmd     bsp_lcd.o
    0x08001734   0x0000000c   Code   RO         3486    i.LCD_Write_Data    bsp_lcd.o
    0x08001740   0x00000184   Code   RO         3320    i.LCD_zoomChar      bsp_lcd.o
    0x080018c4   0x00000054   Code   RO         3227    i.LED_GPIO_Config   bsp_led.o
    0x08001918   0x00000004   Code   RO         3158    i.MemManage_Handler  stm32f10x_it.o
    0x0800191c   0x00000002   Code   RO         3159    i.NMI_Handler       stm32f10x_it.o
    0x0800191e   0x00000002   PAD
    0x08001920   0x00000070   Code   RO          137    i.NVIC_Init         misc.o
    0x08001990   0x00000014   Code   RO          138    i.NVIC_PriorityGroupConfig  misc.o
    0x080019a4   0x0000000c   Code   RO         1646    i.PWR_BackupAccessCmd  stm32f10x_pwr.o
    0x080019b0   0x00000002   Code   RO         3160    i.PendSV_Handler    stm32f10x_it.o
    0x080019b2   0x00000002   PAD
    0x080019b4   0x00000020   Code   RO         1707    i.RCC_AHBPeriphClockCmd  stm32f10x_rcc.o
    0x080019d4   0x00000020   Code   RO         1708    i.RCC_APB1PeriphClockCmd  stm32f10x_rcc.o
    0x080019f4   0x00000020   Code   RO         1710    i.RCC_APB2PeriphClockCmd  stm32f10x_rcc.o
    0x08001a14   0x0000000c   Code   RO         1713    i.RCC_BackupResetCmd  stm32f10x_rcc.o
    0x08001a20   0x00000014   Code   RO         1714    i.RCC_ClearFlag     stm32f10x_rcc.o
    0x08001a34   0x000000d4   Code   RO         1718    i.RCC_GetClocksFreq  stm32f10x_rcc.o
    0x08001b08   0x0000003c   Code   RO         1719    i.RCC_GetFlagStatus  stm32f10x_rcc.o
    0x08001b44   0x00000034   Code   RO         1726    i.RCC_LSEConfig     stm32f10x_rcc.o
    0x08001b78   0x0000000c   Code   RO         1733    i.RCC_RTCCLKCmd     stm32f10x_rcc.o
    0x08001b84   0x00000010   Code   RO         1734    i.RCC_RTCCLKConfig  stm32f10x_rcc.o
    0x08001b94   0x00000110   Code   RO         3688    i.RTC_CheckAndConfig  bsp_rtc.o
    0x08001ca4   0x00000010   Code   RO         1907    i.RTC_ClearITPendingBit  stm32f10x_rtc.o
    0x08001cb4   0x00000058   Code   RO         3689    i.RTC_Configuration  bsp_rtc.o
    0x08001d0c   0x00000014   Code   RO         1908    i.RTC_EnterConfigMode  stm32f10x_rtc.o
    0x08001d20   0x00000014   Code   RO         1909    i.RTC_ExitConfigMode  stm32f10x_rtc.o
    0x08001d34   0x00000014   Code   RO         1910    i.RTC_GetCounter    stm32f10x_rtc.o
    0x08001d48   0x00000024   Code   RO         1913    i.RTC_GetITStatus   stm32f10x_rtc.o
    0x08001d6c   0x00000020   Code   RO         3161    i.RTC_IRQHandler    stm32f10x_it.o
    0x08001d8c   0x00000020   Code   RO         1914    i.RTC_ITConfig      stm32f10x_rtc.o
    0x08001dac   0x00000022   Code   RO         3690    i.RTC_NVIC_Config   bsp_rtc.o
    0x08001dce   0x00000002   PAD
    0x08001dd0   0x0000001c   Code   RO         1916    i.RTC_SetCounter    stm32f10x_rtc.o
    0x08001dec   0x00000020   Code   RO         1917    i.RTC_SetPrescaler  stm32f10x_rtc.o
    0x08001e0c   0x00000014   Code   RO         1918    i.RTC_WaitForLastTask  stm32f10x_rtc.o
    0x08001e20   0x00000024   Code   RO         1919    i.RTC_WaitForSynchro  stm32f10x_rtc.o
    0x08001e44   0x00000018   Code   RO         2187    i.SPI_Cmd           stm32f10x_spi.o
    0x08001e5c   0x00000050   Code   RO         3528    i.SPI_FLASH_BufferRead  bsp_spi.o
    0x08001eac   0x0000000c   Code   RO         3530    i.SPI_FLASH_Init    bsp_spi.o
    0x08001eb8   0x00000070   Code   RO         3534    i.SPI_FLASH_SendByte  bsp_spi.o
    0x08001f28   0x00000012   Code   RO         2195    i.SPI_I2S_GetFlagStatus  stm32f10x_spi.o
    0x08001f3a   0x00000006   Code   RO         2198    i.SPI_I2S_ReceiveData  stm32f10x_spi.o
    0x08001f40   0x00000004   Code   RO         2199    i.SPI_I2S_SendData  stm32f10x_spi.o
    0x08001f44   0x0000003c   Code   RO         2200    i.SPI_Init          stm32f10x_spi.o
    0x08001f80   0x00000050   Code   RO         3535    i.SPI_MODE          bsp_spi.o
    0x08001fd0   0x00000002   Code   RO         3162    i.SVC_Handler       stm32f10x_it.o
    0x08001fd2   0x00000008   Code   RO           24    i.SetSysClock       system_stm32f10x.o
    0x08001fda   0x00000002   PAD
    0x08001fdc   0x000000e0   Code   RO           25    i.SetSysClockTo72   system_stm32f10x.o
    0x080020bc   0x00000018   Code   RO         3614    i.StrCopy           bsp_calendar.o
    0x080020d4   0x00000002   Code   RO         3163    i.SysTick_Handler   stm32f10x_it.o
    0x080020d6   0x00000002   PAD
    0x080020d8   0x00000060   Code   RO           27    i.SystemInit        system_stm32f10x.o
    0x08002138   0x00000026   Code   RO         3691    i.Time_Adjust       bsp_rtc.o
    0x0800215e   0x00000002   PAD
    0x08002160   0x0000010c   Code   RO         3692    i.Time_Display      bsp_rtc.o
    0x0800226c   0x000002ac   Code   RO         3693    i.Time_Regulate     bsp_rtc.o
    0x08002518   0x00000024   Code   RO         3694    i.Time_Show         bsp_rtc.o
    0x0800253c   0x00000018   Code   RO         2878    i.USART_Cmd         stm32f10x_usart.o
    0x08002554   0x00000084   Code   RO         3255    i.USART_Config      bsp_usart.o
    0x080025d8   0x0000001a   Code   RO         2881    i.USART_GetFlagStatus  stm32f10x_usart.o
    0x080025f2   0x00000002   PAD
    0x080025f4   0x000000d8   Code   RO         2885    i.USART_Init        stm32f10x_usart.o
    0x080026cc   0x0000000a   Code   RO         2892    i.USART_ReceiveData  stm32f10x_usart.o
    0x080026d6   0x00000002   PAD
    0x080026d8   0x000000d8   Code   RO         3695    i.USART_Scanf       bsp_rtc.o
    0x080027b0   0x00000008   Code   RO         2895    i.USART_SendData    stm32f10x_usart.o
    0x080027b8   0x0000001e   Code   RO         3257    i.USART_sent        bsp_usart.o
    0x080027d6   0x00000004   Code   RO         3164    i.UsageFault_Handler  stm32f10x_it.o
    0x080027da   0x00000002   PAD
    0x080027dc   0x00000020   Code   RO         3849    i.__0printf$3       mc_w.l(printf3.o)
    0x080027fc   0x00000028   Code   RO         3851    i.__0sprintf$3      mc_w.l(printf3.o)
    0x08002824   0x0000000e   Code   RO         4063    i.__scatterload_copy  mc_w.l(handlers.o)
    0x08002832   0x00000002   Code   RO         4064    i.__scatterload_null  mc_w.l(handlers.o)
    0x08002834   0x0000000e   Code   RO         4065    i.__scatterload_zeroinit  mc_w.l(handlers.o)
    0x08002842   0x00000002   PAD
    0x08002844   0x000001b8   Code   RO         3856    i._printf_core      mc_w.l(printf3.o)
    0x080029fc   0x0000000a   Code   RO         3858    i._sputc            mc_w.l(printf3.o)
    0x08002a06   0x00000002   PAD
    0x08002a08   0x00000024   Code   RO         3259    i.fputc             bsp_usart.o
    0x08002a2c   0x00000074   Code   RO         3108    i.main              main.o
    0x08002aa0   0x00000080   Code   RO         3662    i.mktimev           bsp_date.o
    0x08002b20   0x000000cc   Code   RO         3663    i.to_tm             bsp_date.o
    0x08002bec   0x00003b60   Data   RO         3508    .constdata          fonts.o
    0x0800674c   0x0000032e   Data   RO         3615    .constdata          bsp_calendar.o
    0x08006a7a   0x00000002   PAD
    0x08006a7c   0x00000030   Data   RO         3664    .constdata          bsp_date.o
    0x08006aac   0x0000014f   Data   RO         3616    .conststring        bsp_calendar.o
    0x08006bfb   0x00000001   PAD
    0x08006bfc   0x00000083   Data   RO         3696    .conststring        bsp_rtc.o
    0x08006c7f   0x00000001   PAD
    0x08006c80   0x00000020   Data   RO         4061    Region$$Table       anon$$obj.o


    Execution Region RW_IRAM1 (Base: 0x20000000, Size: 0x000049e0, Max: 0x00010000, ABSOLUTE, COMPRESSED[0x00000120])

    Base Addr    Size         Type   Attr      Idx    E Section Name        Object

    0x20000000   0x00000014   Data   RW         1738    .data               stm32f10x_rcc.o
    0x20000014   0x00000010   Data   RW         3323    .data               bsp_lcd.o
    0x20000024   0x00000019   Data   RW         3509    .data               fonts.o
    0x2000003d   0x00000003   PAD
    0x20000040   0x000000f8   Data   RW         3617    .data               bsp_calendar.o
    0x20000138   0x00000030   Data   RW         3665    .data               bsp_date.o
    0x20000168   0x00000054   Data   RW         3697    .data               bsp_rtc.o
    0x200001bc   0x00000004   Data   RW         4035    .data               mc_w.l(stdout.o)
    0x200001c0   0x0000001c   Zero   RW         3109    .bss                main.o
    0x200001dc   0x00004400   Zero   RW         3322    .bss                bsp_lcd.o
    0x200045dc   0x00000004   PAD
    0x200045e0   0x00000400   Zero   RW            1    STACK               startup_stm32f10x_hd.o


==============================================================================

Image component sizes


      Code (inc. data)   RO Data    RW Data    ZI Data      Debug   Object Name

      1676        110       1149        248          0       6675   bsp_calendar.o
       484         20         48         48          0       2381   bsp_date.o
      3002        186          0         16      17408      14621   bsp_lcd.o
       136         10          0          0          0        945   bsp_led.o
      1636        790        131         84          0       5407   bsp_rtc.o
       432         38          0          0          0       2893   bsp_spi.o
       198         14          0          0          0       1896   bsp_usart.o
         0          0          0          0          0       4520   core_cm3.o
        84         10      15200         25          0       2067   fonts.o
       116         14          0          0         28       3014   main.o
       132         22          0          0          0       1583   misc.o
        36          8        304          0       1024        836   startup_stm32f10x_hd.o
        72         10          0          0          0       2736   stm32f10x_bkp.o
       282          6          0          0          0       1861   stm32f10x_fsmc.o
       286          0          0          0          0       3076   stm32f10x_gpio.o
        58          4          0          0          0       4003   stm32f10x_it.o
        12          6          0          0          0        522   stm32f10x_pwr.o
       480         70          0         20          0       8282   stm32f10x_rcc.o
       260         48          0          0          0       5216   stm32f10x_rtc.o
       112          0          0          0          0       3886   stm32f10x_spi.o
       284          6          0          0          0       4600   stm32f10x_usart.o
       328         28          0          0          0     244749   system_stm32f10x.o

    ----------------------------------------------------------------------
     10124       1400      16868        444      18464     325769   Object Totals
         0          0         32          0          0          0   (incl. Generated)
        18          0          4          3          4          0   (incl. Padding)

    ----------------------------------------------------------------------

      Code (inc. data)   RO Data    RW Data    ZI Data      Debug   Library Member Name

        86          0          0          0          0          0   __dczerorl2.o
         0          0          0          0          0          0   entry.o
         0          0          0          0          0          0   entry10a.o
         0          0          0          0          0          0   entry11a.o
         8          4          0          0          0          0   entry2.o
         4          0          0          0          0          0   entry5.o
         0          0          0          0          0          0   entry7b.o
         0          0          0          0          0          0   entry8b.o
         8          4          0          0          0          0   entry9a.o
        30          0          0          0          0          0   handlers.o
        36          8          0          0          0         68   init.o
        36          0          0          0          0         68   memcpya.o
        36          0          0          0          0        108   memseta.o
       522         20          0          0          0        336   printf3.o
         0          0          0          4          0          0   stdout.o
        44          0          0          0          0         80   uidiv.o

    ----------------------------------------------------------------------
       816         36          0          4          0        660   Library Totals
         6          0          0          0          0          0   (incl. Padding)

    ----------------------------------------------------------------------

      Code (inc. data)   RO Data    RW Data    ZI Data      Debug   Library Name

       810         36          0          4          0        660   mc_w.l

    ----------------------------------------------------------------------
       816         36          0          4          0        660   Library Totals

    ----------------------------------------------------------------------

==============================================================================


      Code (inc. data)   RO Data    RW Data    ZI Data      Debug   

     10940       1436      16868        448      18464     321253   Grand Totals
     10940       1436      16868        288      18464     321253   ELF Image Totals (compressed)
     10940       1436      16868        288          0          0   ROM Totals

==============================================================================

    Total RO  Size (Code + RO Data)                27808 (  27.16kB)
    Total RW  Size (RW Data + ZI Data)             18912 (  18.47kB)
    Total ROM Size (Code + RO Data + RW Data)      28096 (  27.44kB)

==============================================================================

