<html>
<body>
<pre>
<h1>µVision Build Log</h1>
<h2>Tool Versions:</h2>
IDE-Version: ¦ÌVision V5.15
Copyright (C) 2015 ARM Ltd and ARM Germany GmbH. All rights reserved.
License Information: Microsoft, Microsoft, LIC=Y2BRA-1USPN-77FRP-M9G4F-DKADG-NCB7H
 
Tool Versions:
Toolchain:       MDK-ARM Professional  Version: 5.15.0
Toolchain Path:  D:\Program Files\MDK\ARM\ARMCC\Bin
C Compiler:      Armcc.exe V5.05 update 2 (build 169)
Assembler:       Armasm.exe V5.05 update 2 (build 169)
Linker/Locator:  ArmLink.exe V5.05 update 2 (build 169)
Library Manager: ArmAr.exe V5.05 update 2 (build 169)
Hex Converter:   FromElf.exe V5.05 update 2 (build 169)
CPU DLL:         SARMCM3.DLL V5.15.0
Dialog DLL:      DCM.DLL V1.13.2.0
Target DLL:      CMSIS_AGDI.dll V1.21.12.0
Dialog DLL:      TCM.DLL V1.14.5.0
 
<h2>Project:</h2>
F:\Workspace\Coding\stm32f103\stm32f103.wind pendulum\project\stm32f103ve.uvprojx
Project File Date:  07/27/2017

<h2>Output:</h2>
*** Using Compiler 'V5.05 update 2 (build 169)', folder: 'D:\Program Files\MDK\ARM\ARMCC\Bin'
Build target 'stm32f103ve'
compiling core_cm3.c...
compiling system_stm32f10x.c...
assembling startup_stm32f10x_hd.s...
compiling misc.c...
compiling stm32f10x_rcc.c...
compiling stm32f10x_tim.c...
compiling stm32f10x_usart.c...
compiling stm32f10x_gpio.c...
compiling bsp_systick.c...
compiling bsp_usart.c...
compiling bsp_BaseTim.c...
compiling bsp_pwm_output.c...
compiling bsp_led.c...
compiling bsp_key.c...
compiling bsp_usart2.c...
compiling usart_mpu.c...
compiling bsp_usart_to_hmi.c...
compiling USART_HMI.c...
compiling stm32f10x_main.c...
compiling stm32f10x_it.c...
compiling test.c...
compiling data_scope.c...
compiling bsp_control.c...
compiling motor.c...
..\control\motor.c(169): warning:  #1-D: last line of file ends without a newline
          
..\control\motor.c: 1 warning, 0 errors
compiling Motor_PID.c...
linking...
Program Size: Code=19226 RO-data=1110 RW-data=80 ZI-data=2064  
FromELF: creating hex file...
"..\output\stm32f103ve.axf" - 0 Error(s), 1 Warning(s).

<h2>Collection of Component include folders:</h2>
  F:\Workspace\Coding\stm32f103\stm32f103.wind pendulum\project\RTE
  D:\Program Files\MDK\ARM\PACK\Keil\STM32F1xx_DFP\1.1.0\Device\Include

<h2>Collection of Component Files used:</h2>
</pre>
</body>
</html>
